Found 892 pending; 892 have a generator slot.

[6630] Volente offset quad 1100 x 760 Brushed Brass -> shower-enclosure
  ✓ model_6630.glb (178 polys)

[6631] Volente offset quad 1000 x 900 Brushed Brass -> shower-enclosure
  ✓ model_6631.glb (178 polys)

[6632] Volente offset quad 1000 x 800 Brushed Brass -> shower-enclosure
  ✓ model_6632.glb (178 polys)

[6633] Volente offset quad 1200 x 900 Brushed Brass -> shower-enclosure
  ✓ model_6633.glb (178 polys)

[6634] Volente offset quad 1200 x 800  Brushed Brass -> shower-enclosure
  ✓ model_6634.glb (178 polys)

[6635] Volente Offset Quad 900 x 700 Brushed Brass -> shower-enclosure
  ✓ model_6635.glb (178 polys)

[6636] Volente Offset Quad 1400 x 800 Matt Black -> shower-enclosure
  ✓ model_6636.glb (178 polys)

[6637] Volente Offset Quad 1400 x 760 Matt Black -> shower-enclosure
  ✓ model_6637.glb (178 polys)

[6638] Volente Offset Quad 1300 x 800 Matt Black -> shower-enclosure
  ✓ model_6638.glb (178 polys)

[6639] Volente Offset Quad 1300 x 760 Matt Black -> shower-enclosure
  ✓ model_6639.glb (178 polys)

[6640] Volente Offset Quad 1100 x 700 Matt Black -> shower-enclosure
  ✓ model_6640.glb (178 polys)

[6641] Volente Offset Quad 1000 x 700 Matt Black -> shower-enclosure
  ✓ model_6641.glb (178 polys)

[6642] Volente offset quad 1200 x 700 Matt Black -> shower-enclosure
  ✓ model_6642.glb (178 polys)

[6643] Volente offset quad 1100 x 900 Matt Black -> shower-enclosure
  ✓ model_6643.glb (178 polys)

[6644] Volente offset quad 1100 x 800 Matt Black -> shower-enclosure
  ✓ model_6644.glb (178 polys)

[6645] Volente offset quad 1100 x 760 Matt Black -> shower-enclosure
  ✓ model_6645.glb (178 polys)

[6646] Volente offset quad 1000 x 900 Matt Black -> shower-enclosure
  ✓ model_6646.glb (178 polys)

[6647] Volente offset quad 1000 x 800 Matt Black -> shower-enclosure
  ✓ model_6647.glb (178 polys)

[6648] Volente offset quad 1200 x 900 Matt Black -> shower-enclosure
  ✓ model_6648.glb (178 polys)

[6649] Volente offset quad 1200 x 800  Matt Black -> shower-enclosure
  ✓ model_6649.glb (178 polys)

[6650] Volente Offset Quad 900 x 700 Matt Black -> shower-enclosure
  ✓ model_6650.glb (178 polys)

[6651] Biava Multirail HV Straight 1720 x 500mm	 Chrome -> towel-rail
  ✓ model_6651.glb (408 polys)

[6652] Biava Multirail HV Straight 1118 x 500mm	 Chrome -> towel-rail
  ✓ model_6652.glb (408 polys)

[6653] Biava Multirail HV Straight 688 x 500mm	 Chrome -> towel-rail
  ✓ model_6653.glb (408 polys)

[6654] Wendover Straight Multirail 1800 x 600 Brushed Bronze -> towel-rail
  ✓ model_6654.glb (408 polys)

[6655] Cortona 555 x 770 Glass Fronted Electric Radiator 2000W Black -> radiator
  ✓ model_6655.glb (286 polys)

[6656] Wendover Straight Multirail 1800 x 500 Brushed Bronze -> towel-rail
  ✓ model_6656.glb (408 polys)

[6657] Cortona 555 x 650 Glass Fronted Electric Radiator 1500W Black -> radiator
  ✓ model_6657.glb (286 polys)

[6658] Wendover Straight Multirail 1800 x 400 Brushed Bronze -> towel-rail
  ✓ model_6658.glb (408 polys)

[6659] Cortona 555 x 520 Glass Fronted Electric Radiator 1000W Black -> radiator
  ✓ model_6659.glb (286 polys)

[6660] Wendover Straight Multirail 1200 x 600 Brushed Bronze -> towel-rail
  ✓ model_6660.glb (408 polys)

[6661] Cortona 555 x 770 Glass Fronted Electric Radiator 2000W White -> radiator
  ✓ model_6661.glb (286 polys)

[6662] Wendover Straight Multirail 1200 x 500 Brushed Bronze -> towel-rail
  ✓ model_6662.glb (408 polys)

[6663] Cortona 555 x 650 Glass Fronted Electric Radiator 1500W White -> radiator
  ✓ model_6663.glb (286 polys)

[6664] Wendover Straight Multirail 1200 x 400 Brushed Bronze -> towel-rail
  ✓ model_6664.glb (408 polys)

[6665] Cortona 555 x 520 Glass Fronted Electric Radiator 1000W White -> radiator
  ✓ model_6665.glb (286 polys)

[6666] Wendover Straight Multirail 800 x 600 Brushed Bronze -> towel-rail
  ✓ model_6666.glb (408 polys)

[6667] Wendover Straight Multirail 800 x 500 Brushed Bronze -> towel-rail
  ✓ model_6667.glb (408 polys)

[6668] Wendover Straight Multirail 800 x 400 Brushed Bronze -> towel-rail
  ✓ model_6668.glb (408 polys)

[6669] Volente Offset Quad 1400 x 800 Brushed Brass -> shower-enclosure
  ✓ model_6669.glb (178 polys)

[6670] Volente Offset Quad 1400 x 760 Brushed Brass -> shower-enclosure
  ✓ model_6670.glb (178 polys)

[6671] Volente Offset Quad 1300 x 800 Brushed Brass -> shower-enclosure
  ✓ model_6671.glb (178 polys)

[6672] Volente Offset Quad 1300 x 760 Brushed Brass -> shower-enclosure
  ✓ model_6672.glb (178 polys)

[6673] Wendover Straight Multirail 1200 x 600 Gloss White -> towel-rail
  ✓ model_6673.glb (408 polys)

[6674] Type 22 Compact Panel Radiator 600 x 1600 Gloss White -> radiator
  ✓ model_6674.glb (286 polys)

[6675] Type 11 Compact Panel Radiator 600 x 500 Gloss White -> radiator
  ✓ model_6675.glb (286 polys)

[6676] Wingrave 1200 x 500 Straight Multirail Gloss White -> towel-rail
  ✓ model_6676.glb (408 polys)

[6677] Portland Double Ended (DE) 1700 x 700 x 440mm 5mm Bath - White -> bath
  ✓ model_6677.glb (122 polys)

[6678] Vantage Plan A 700mm x 700mm Square Shower Tray - White -> shower-tray
  ✓ model_6678.glb (138 polys)

[6679] Vantage Plan C 1800mm x 900mm Rectangular Shower Tray - White -> shower-tray
  ✓ model_6679.glb (138 polys)

[6680] Vantage Plan C 1700mm x 900mm Rectangular Shower Tray - White -> shower-tray
  ✓ model_6680.glb (138 polys)

[6681] Vantage Plan B 1100mm x 700mm Rectangular Shower Tray - White -> shower-tray
  ✓ model_6681.glb (138 polys)

[6682] Vantage Plan B 900mm x 700mm Rectangular Shower Tray - White -> shower-tray
  ✓ model_6682.glb (138 polys)

[6683] Vantage Plan A 800mm x 800mm Square Shower Tray - White -> shower-tray
  ✓ model_6683.glb (138 polys)

[6684] Biava Dry Element Towel Rail 1100x500mm Chrome -> towel-rail
  ✓ model_6684.glb (408 polys)

[6685] Biscay Single Ended (SE) 1700 x 700 x 440mm Beauforte Bath - White -> bath
  ✓ model_6685.glb (122 polys)

[7507] Tunstall H Towel Hanger 330mm Matt Black -> shelf
  ✓ model_7507.glb (18 polys)

[6686] Malin Single Ended (SE) 1700 x 700 x 440mm Beauforte Bath - White -> bath
  ✓ model_6686.glb (122 polys)

[6687] Shannon 1700 x 850 x 400mm Right Hand (RH) L-Shaped Beauforte Shower Bath - White -> bath
  ✓ model_6687.glb (122 polys)

[6688] Rockall Single Ended (SE) 1700 x 700 x 440mm Beauforte Bath - White -> bath
  ✓ model_6688.glb (122 polys)

[6689] Biscay Double Ended (DE) 1700 x 750 x 440mm 5mm Right Hand (RH) Bath - White -> bath
  ✓ model_6689.glb (122 polys)

[6690] Rockall Single Ended (SE) Twin Grip (TG) 1700 x 750 x 440mm 5mm Bath - White -> bath
  ✓ model_6690.glb (122 polys)

[6691] Portland Single Ended (SE) Twin Grip (TG) 1750 x 750 x 440mm 5mm Bath - White -> bath
  ✓ model_6691.glb (122 polys)

[6692] Malin Double Ended (DE) 1700 x 700 x 440mm 5mm Bath - White -> bath
  ✓ model_6692.glb (122 polys)

[6693] Malin Single Ended (SE) 1700 x 700 x 440mm 5mm Bath - White -> bath
  ✓ model_6693.glb (122 polys)

[6694] Wendover Straight Multirail 1600 x 600 Chrome -> towel-rail
  ✓ model_6694.glb (408 polys)

[6695] Wendover Straight Multirail 600 x 1000 Chrome -> towel-rail
  ✓ model_6695.glb (408 polys)

[6696] Straight Biava Multirail 360 x 400 Chrome -> towel-rail
  ✓ model_6696.glb (408 polys)

[6697] Wendover Straight Multirail 1600 x 300 Chrome -> towel-rail
  ✓ model_6697.glb (408 polys)

[6698] Wendover Straight Multirail 360 x 400 Chrome -> towel-rail
  ✓ model_6698.glb (408 polys)

[6699] Wendover Straight Multirail 1200 x 600 Chrome -> towel-rail
  ✓ model_6699.glb (408 polys)

[6700] Wendover Straight Multirail 1000 x 750 Gloss White -> towel-rail
  ✓ model_6700.glb (408 polys)

[6701] Wendover Straight Multirail 1200 x 500 Chrome -> towel-rail
  ✓ model_6701.glb (408 polys)

[6702] Wendover Curved Multirail 1800 x 600 Gloss White -> towel-rail
  ✓ model_6702.glb (408 polys)

[6703] Staverton Tube on Tube 1200x400 Chrome -> towel-rail
  ✓ model_6703.glb (408 polys)

[6704] Wendover Straight Multirail 1000 x 500 Chrome -> towel-rail
  ✓ model_6704.glb (408 polys)

[6705] Staverton 1200x400 Chrome -> towel-rail
  ✓ model_6705.glb (408 polys)

[6706] Wendover Straight Multirail 1200 x 750 Chrome -> towel-rail
  ✓ model_6706.glb (408 polys)

[6707] Wendover Straight Multirail 600 x 750 Chrome -> towel-rail
  ✓ model_6707.glb (408 polys)

[6708] Wendover Curved Multirail 1600 x 500 Chrome -> towel-rail
  ✓ model_6708.glb (408 polys)

[6709] Wendover Straight Muiltrail 800 x 500 Chrome -> towel-rail
  ✓ model_6709.glb (408 polys)

[6710] Type 22 Compact Panel Radiator 500 x 800 Gloss White -> radiator
  ✓ model_6710.glb (286 polys)

[6711] Type 22 Compact Panel Radiator 600 x 1200 Gloss White -> radiator
  ✓ model_6711.glb (286 polys)

[6712] Type 22 Compact Panel Radiator 600 x 1000 Gloss White -> radiator
  ✓ model_6712.glb (286 polys)

[6713] Type 22 Compact Panel Radiator 600 x 800 Gloss White -> radiator
  ✓ model_6713.glb (286 polys)

[6714] Type 22 Compact Panel Radiator 600 x 1200 Matt Black -> radiator
  ✓ model_6714.glb (286 polys)

[6715] Type 22 Compact Panel Radiator 600 x 700 Gloss White -> radiator
  ✓ model_6715.glb (286 polys)

[6716] Type 11 Compact Panel Radiator 400 x 2000 Gloss White -> radiator
  ✓ model_6716.glb (286 polys)

[6717] Type 11 Compact Panel Radiator 600 x 1100 Gloss White -> radiator
  ✓ model_6717.glb (286 polys)

[6718] Type 11 Compact Panel Radiator 600 x 400 Matt Black -> radiator
  ✓ model_6718.glb (286 polys)

[6719] Wingrave Curved Multirail 1200 x 600 Gloss White -> towel-rail
  ✓ model_6719.glb (408 polys)

[6720] Wingrave 1000 x 500 Straight Multirail Matt Black -> towel-rail
  ✓ model_6720.glb (408 polys)

[6721] Wingrave 1800 x 300 Straight Multirail Matt White -> towel-rail
  ✓ model_6721.glb (408 polys)

[6722] Wingrave 1000 x 600 Straight Multirail Chrome -> towel-rail
  ✓ model_6722.glb (408 polys)

[6723] Wingrave 1400 x 400 Straight Multirail Gloss White -> towel-rail
  ✓ model_6723.glb (408 polys)

[6724] Wingrave 1200 x 600 Straight Multirail Gloss White -> towel-rail
  ✓ model_6724.glb (408 polys)

[6725] Wingrave 1600 x 500 Straight Multirail Chrome -> towel-rail
  ✓ model_6725.glb (408 polys)

[6726] Wingrave 800 x 500 Straight Multirail Matt White -> towel-rail
  ✓ model_6726.glb (408 polys)

[6727] Wingrave 1600 x 400 Straight Multirail Gloss White -> towel-rail
  ✓ model_6727.glb (408 polys)

[6728] Wingrave 800 x 400 Straight Multirail Matt White -> towel-rail
  ✓ model_6728.glb (408 polys)

[6729] Vantage 2000 8mm Easy Clean 2000mm x 800mm Walk-In Shower Panel - Matt Black -> shower-enclosure
  ✓ model_6729.glb (178 polys)

[6730] Vantage 2000 8mm Easy Clean 2000mm x 300mm Walk-In Shower Panel - Matt Black -> shower-enclosure
  ✓ model_6730.glb (178 polys)

[6731] Wingrave 1200 x 500 Straight Multirail Matt Anthracite -> towel-rail
  ✓ model_6731.glb (408 polys)

[6732] Vantage 2000 6mm Easy Clean 1200x900mm Offset Quadrant Shower Enclosure - Chrome -> shower-enclosure
  ✓ model_6732.glb (178 polys)

[6733] Vantage 2000 6mm Easy Clean 1000x760mm Offset Quadrant Shower Enclosure - Chrome -> shower-enclosure
  ✓ model_6733.glb (178 polys)

[6734] Portland Double Ended (DE) 1700 x 700 x 440mm Beauforte Bath - White -> bath
  ✓ model_6734.glb (122 polys)

[6735] Portland 1600 x 850 x 440mm Right Hand (RH) L-Shaped 5mm Shower Bath - White -> bath
  ✓ model_6735.glb (122 polys)

[6736] Portland 1700 x 700 x 350 Twin Grip(TG) Low Level Eco 5mm Bath - White -> bath
  ✓ model_6736.glb (122 polys)

[6737] Vantage 2000 6mm Easy Clean 2000mm x 1000mm Bi-Fold Shower Door - Chrome -> shower-enclosure
  ✓ model_6737.glb (178 polys)

[6738] Portland Single Ended (SE) Twin Grip (TG) 1700 x 750 x 440mm Beauforte Bath - White -> bath
  ✓ model_6738.glb (122 polys)

[6739] Portland Single Ended (SE) 1700 x 700 x 440mm Beauforte Bath - White -> bath
  ✓ model_6739.glb (122 polys)

[6740] Portland Double Ended (DE) 1700 x 750 x 440mm 5mm Bath - White -> bath
  ✓ model_6740.glb (122 polys)

[6741] Portland Double Ended (DE) 1900 x 900 x 440mm 5mm Bath - White -> bath
  ✓ model_6741.glb (122 polys)

[6742] Portland Single Ended (SE) Twin Grip (TG) 1700 x 700 x 440mm 5mm Bath - White -> bath
  ✓ model_6742.glb (122 polys)

[6743] Portland Single Ended (SE) 1600 x 700 x 440mm 5mm Bath - White -> bath
  ✓ model_6743.glb (122 polys)

[6744] Portland Single Ended (SE) 1700 x 700 x 440mm 5mm Bath - White -> bath
  ✓ model_6744.glb (122 polys)

[6745] Portland Single Ended (SE) 1700 x 800 x 440mm 5mm Bath - White -> bath
  ✓ model_6745.glb (122 polys)

[6746] Portland Single Ended (SE) 1700 x 900 x 440mm 5mm Bath - White -> bath
  ✓ model_6746.glb (122 polys)

[6747] Portland Single Ended (SE) 1800 x 800 x 440mm 5mm Bath - White -> bath
  ✓ model_6747.glb (122 polys)

[6748] Type 21 Compact Panel Radiator 600 x 1600 Matt Black -> radiator
  ✓ model_6748.glb (286 polys)

[6749] Wingrave 1800 x 600 Straight Multirail Gloss White -> towel-rail
  ✓ model_6749.glb (408 polys)

[6750] Imperia 2 Column Radiator 600 x 830mm Gloss White -> radiator
  ✓ model_6750.glb (286 polys)

[6751] Imperia 2 Column Radiator 1800 x 380mm Gloss White -> radiator
  ✓ model_6751.glb (286 polys)

[6752] Portland Single Ended (SE) Twin Grip (TG) 1650 x 700 x 440mm 5mm Bath - White -> bath
  ✓ model_6752.glb (122 polys)

[6753] Rockall Single Ended (SE) 1700 x 700 x 440mm 5mm Bath - White -> bath
  ✓ model_6753.glb (122 polys)

[6754] Wingrave 1400 x 400 Straight Multirail Chrome -> towel-rail
  ✓ model_6754.glb (408 polys)

[6755] Type 22 Compact Panel Radiator 600 x 1800 Gloss White -> radiator
  ✓ model_6755.glb (286 polys)

[6756] Vantage 2000 8mm Easy Clean 2000mm x 700mm Framed Walk-In Shower Panel - Matt Black -> shower-enclosure
  ✓ model_6756.glb (178 polys)

[6757] Wingrave 600 x 400 Straight Multirail Chrome -> towel-rail
  ✓ model_6757.glb (408 polys)

[6758] Wingrave 800 x 400 Straight Multirail Chrome -> towel-rail
  ✓ model_6758.glb (408 polys)

[6759] Vantage Plan C 1700mm x 700mm Rectangular Shower Tray - White -> shower-tray
  ✓ model_6759.glb (138 polys)

[6760] Biava Dry Element Towel Rail 700x500mm Chrome -> towel-rail
  ✓ model_6760.glb (408 polys)

[6761] Biscay Double Ended (DE) 1700 x 700 x 440mm 5mm Bath - White -> bath
  ✓ model_6761.glb (122 polys)

[6762] Rockall Single Ended (SE) 1400 x 700 x 440mm 5mm Bath - White -> bath
  ✓ model_6762.glb (122 polys)

[6763] Malin Single Ended (SE) 1800 x 700 x 440mm 5mm Bath - White -> bath
  ✓ model_6763.glb (122 polys)

[6764] Rockall Single Ended (SE) 1900 x 900 x 440mm 5mm Bath - White -> bath
  ✓ model_6764.glb (122 polys)

[6765] Malin Double Ended (DE) 1750 x 750 x 440mm 5mm Bath - White -> bath
  ✓ model_6765.glb (122 polys)

[7508] Round Magnetic Towel Hanger 600mm. Chrome -> shelf
  ✓ model_7508.glb (18 polys)

[6766] Shannon 1500 x 850 x 400mm Right Hand (RH) L-Shaped 4mm Shower Bath - White -> bath
  ✓ model_6766.glb (122 polys)

[6767] Staverton Tube on Tube 600 x 1000 Chrome -> towel-rail
  ✓ model_6767.glb (408 polys)

[6768] Wendover Straight Multirail 1800 x 600 Matt Anthracite -> towel-rail
  ✓ model_6768.glb (408 polys)

[6769] Imperia 3 Column Radiator 600 x 1145mm Gloss White -> radiator
  ✓ model_6769.glb (286 polys)

[6770] Wendover Straight Multirail 1200 x 600 Matt Anthracite -> towel-rail
  ✓ model_6770.glb (408 polys)

[6771] Wendover Straight Multirail 1200 x 500 Matt Anthracite -> towel-rail
  ✓ model_6771.glb (408 polys)

[6772] Wendover Straight Multirail 600 x 600 Matt Anthracite -> towel-rail
  ✓ model_6772.glb (408 polys)

[6773] Wendover Straight Multirail 1600 x 400 Chrome -> towel-rail
  ✓ model_6773.glb (408 polys)

[6774] Wendover Straight Multirail 1200 x 400 Chrome -> towel-rail
  ✓ model_6774.glb (408 polys)

[6775] Wendover Straight Multirail 600 x 500 Chrome -> towel-rail
  ✓ model_6775.glb (408 polys)

[6776] Wendover Straight Multirail 1000 x 400 Chrome -> towel-rail
  ✓ model_6776.glb (408 polys)

[6777] Wendover Straight Multirail 800 x 600 Chrome -> towel-rail
  ✓ model_6777.glb (408 polys)

[6778] Wendover Straight Multirail 800 x 500 Gloss White -> towel-rail
  ✓ model_6778.glb (408 polys)

[6779] Type 21 Compact Panel Radiator 600 x 1100 Gloss White -> radiator
  ✓ model_6779.glb (286 polys)

[6780] Type 11 Compact Panel Radiator 600 x 1200 Gloss White -> radiator
  ✓ model_6780.glb (286 polys)

[6781] Type 21 Compact Panel Radiator 400 x 500 Gloss White -> radiator
  ✓ model_6781.glb (286 polys)

[6782] Type 22 Compact Panel Radiator 600 x 500 Gloss White -> radiator
  ✓ model_6782.glb (286 polys)

[6783] Type 11 Compact Panel Radiator 600 x 1000 Gloss White -> radiator
  ✓ model_6783.glb (286 polys)

[6784] Type 11 Compact Panel Radiator 600 x 800 Gloss White -> radiator
  ✓ model_6784.glb (286 polys)

[6785] Type 21 Compact Panel Radiator 600 x 1600 Gloss White -> radiator
  ✓ model_6785.glb (286 polys)

[6786] Tunstall V Towel Hanger 630mm Chrome -> shelf
  ✓ model_6786.glb (18 polys)

[6787] Wingrave 600 x 1000 Straight Multirail Matt Anthracite -> towel-rail
  ✓ model_6787.glb (408 polys)

[6788] Wingrave 800 x 400 Straight Multirail Matt Black -> towel-rail
  ✓ model_6788.glb (408 polys)

[6789] Wingrave 1400 x 500 Straight Multirail Gloss White -> towel-rail
  ✓ model_6789.glb (408 polys)

[6790] Wingrave 800 x 600 Straight Multirail Chrome -> towel-rail
  ✓ model_6790.glb (408 polys)

[6791] Wingrave 1400 x 500 Straight Multirail Matt Anthracite -> towel-rail
  ✓ model_6791.glb (408 polys)

[6792] Wingrave 1400 x 600 Straight Multirail Chrome -> towel-rail
  ✓ model_6792.glb (408 polys)

[6793] Wingrave 1000 x 500 Straight Multirail Chrome -> towel-rail
  ✓ model_6793.glb (408 polys)

[6794] Wingrave 1200 x 600 Straight Multirail Matt Black -> towel-rail
  ✓ model_6794.glb (408 polys)

[6795] Vantage 2000 8mm Easy Clean 2000mm x 1600mm Walk-In Panel - Chrome -> shower-enclosure
  ✓ model_6795.glb (178 polys)

[6796] Vantage 2000 6mm Easy Clean 2000mm x 1000mm Pivot Shower Door - Chrome -> shower-enclosure
  ✓ model_6796.glb (178 polys)

[6797] Vantage 2000 6mm Easy Clean 2000mm x 800mm Pivot Shower Door - Chrome -> shower-enclosure
  ✓ model_6797.glb (178 polys)

[6798] Vantage 2000 6mm Easy Clean 1000x760mm Offset Quadrant Shower Enclosure - Matt Black -> shower-enclosure
  ✓ model_6798.glb (178 polys)

[6799] Portland Single Ended (SE) Twin Grip (TG) 1700 x 700 x 440mm Beauforte Bath - White -> bath
  ✓ model_6799.glb (122 polys)

[6800] Portland Single Ended (SE) 1700 x 750 x 440mm 5mm Bath - White -> bath
  ✓ model_6800.glb (122 polys)

[6801] Portland Single Ended (SE) 1800 x 725 x 440mm 5mm Bath - White -> bath
  ✓ model_6801.glb (122 polys)

[6802] Vantage Plan C 1500mm x 800mm Rectangular Shower Tray - White -> shower-tray
  ✓ model_6802.glb (138 polys)

[6803] Tunstall V Towel Hanger 420mm Chrome -> shelf
  ✓ model_6803.glb (18 polys)

[6804] Wingrave 1600 x 500 Straight Multirail Matt Anthracite -> towel-rail
  ✓ model_6804.glb (408 polys)

[6805] Shannon 1500 x 850 x 400mm Right Hand (RH) L-Shaped Beauforte Shower Bath - White -> bath
  ✓ model_6805.glb (122 polys)

[6806] Type 22 Compact Panel Radiator 600 x 900 Gloss White -> radiator
  ✓ model_6806.glb (286 polys)

[6807] Biava Dry Element Towel Rail 1100x600mm Chrome -> towel-rail
  ✓ model_6807.glb (408 polys)

[6808] Rockall Single Ended (SE) Twin Grip (TG) 1400 x 700 x 440mm 5mm Bath - White -> bath
  ✓ model_6808.glb (122 polys)

[6809] Biscay Double Ended (DE) 1600 x 725 x 440mm 5mm Bath - White -> bath
  ✓ model_6809.glb (122 polys)

[6810] Malin Double Ended (DE) 1700 x 750 x 440mm 5mm Bath - White -> bath
  ✓ model_6810.glb (122 polys)

[6811] Windrush 950 x 500 Chrome -> towel-rail
  ✓ model_6811.glb (408 polys)

[6812] Straight Biava Multirail 1118 x 600 Gloss White -> towel-rail
  ✓ model_6812.glb (408 polys)

[6813] Wendover Straight Multirail 1600 x 600 Gloss White -> towel-rail
  ✓ model_6813.glb (408 polys)

[6814] Wendover Straight Multirail 800 x 300 Chrome -> towel-rail
  ✓ model_6814.glb (408 polys)

[6815] Wendover Curved Multirail 1800 x 600 Chrome -> towel-rail
  ✓ model_6815.glb (408 polys)

[6816] Wendover Straight Multirail 600 x 400 Chrome -> towel-rail
  ✓ model_6816.glb (408 polys)

[6817] Type 22 Compact Panel Radiator 600 x 600 Matt Anthracite -> radiator
  ✓ model_6817.glb (286 polys)

[6818] Type 22 Compact Panel Radiator 500 x 1300 Gloss White -> radiator
  ✓ model_6818.glb (286 polys)

[6819] Type 11 Compact Panel Radiator 600 x 1200 Matt Anthracite -> radiator
  ✓ model_6819.glb (286 polys)

[6820] Wingrave 1200 x 300 Straight Multirail Chrome -> towel-rail
  ✓ model_6820.glb (408 polys)

[6821] Wingrave 1400 x 400 Straight Multirail Matt White -> towel-rail
  ✓ model_6821.glb (408 polys)

[6822] Wingrave 1800 x 600 Straight Multirail Matt White -> towel-rail
  ✓ model_6822.glb (408 polys)

[6823] Wingrave 1600 x 600 Straight Multirail Matt White -> towel-rail
  ✓ model_6823.glb (408 polys)

[6824] Wingrave 1800 x 400 Straight Multirail Gloss White -> towel-rail
  ✓ model_6824.glb (408 polys)

[6825] Vantage 2000 6mm Easy Clean 1000x800mm Offset Quadrant Shower Enclosure - Chrome -> shower-enclosure
  ✓ model_6825.glb (178 polys)

[6826] Vantage 2000 Easy Clean 2000mm x 1100mm Slider Shower Door - Chrome -> shower-enclosure
  ✓ model_6826.glb (178 polys)

[6827] Portland 1700 x 850 x 440mm Right Hand (RH) L-Shaped Beauforte Shower Bath - White -> bath
  ✓ model_6827.glb (122 polys)

[6828] Portland 1600 x 850 x 440mm Left hand (LH) P-Shaped 5mm Shower Bath - White -> bath
  ✓ model_6828.glb (122 polys)

[6829] Portland Single Ended (SE) 1500 x 700 x 440mm 5mm Bath - White -> bath
  ✓ model_6829.glb (122 polys)

[6830] Vantage Plan E 900mm x 900mm Quadrant Shower Tray - White -> shower-tray
  ✓ model_6830.glb (138 polys)

[6831] Vantage Plan B 1200mm x 800mm Rectangular Shower Tray - White -> shower-tray
  ✓ model_6831.glb (138 polys)

[6832] Vantage Plan C 1500mm x 900mm Rectangular Shower Tray - White -> shower-tray
  ✓ model_6832.glb (138 polys)

[6833] Rockall Single Ended (SE) 1650 x 700 x 440mm 5mm Bath - White -> bath
  ✓ model_6833.glb (122 polys)

[6835] Imperia 3 Column Radiator 1800 x 380mm Matt Anthracite -> radiator
  ✓ model_6835.glb (286 polys)

[6836] Imperia 3 Column Radiator 600 x 830mm Matt Anthracite -> radiator
  ✓ model_6836.glb (286 polys)

[6837] Imperia 3 Column Radiator 1800 x 380mm Gloss White -> radiator
  ✓ model_6837.glb (286 polys)

[6838] Wendover Straight Multirail 600 x 1200 Chrome -> towel-rail
  ✓ model_6838.glb (408 polys)

[6839] Straight Biava Multirail 688 x 750 Chrome -> towel-rail
  ✓ model_6839.glb (408 polys)

[6840] Wendover Straight Multirail 1600 x 500 Chrome -> towel-rail
  ✓ model_6840.glb (408 polys)

[6841] Staverton 600x400 Gloss White -> towel-rail
  ✓ model_6841.glb (408 polys)

[6842] Wendover Straight Multirail 1200 x 750 Gloss White -> towel-rail
  ✓ model_6842.glb (408 polys)

[6843] Staverton Tube on Tube 600x600 Chrome -> towel-rail
  ✓ model_6843.glb (408 polys)

[6844] Wendover Straight Multirail 1200 x 500 Gloss White -> towel-rail
  ✓ model_6844.glb (408 polys)

[6845] Wendover Straight Multirail 1200 x 400 Gloss White -> towel-rail
  ✓ model_6845.glb (408 polys)

[6846] Biava Round 1800x400 Gloss White -> towel-rail
  ✓ model_6846.glb (408 polys)

[6847] Wendover Curved Multirail 1600 x 600 Chrome -> towel-rail
  ✓ model_6847.glb (408 polys)

[6848] Type 22 Compact Panel Radiator 600 x 400 Matt Black -> radiator
  ✓ model_6848.glb (286 polys)

[6849] Type 11 Compact Panel Radiator 600 x 1800 Matt Black -> radiator
  ✓ model_6849.glb (286 polys)

[6850] Type 22 Compact Panel Radiator 400 x 700 Gloss White -> radiator
  ✓ model_6850.glb (286 polys)

[6851] Wingrave 600 x 1200 Straight Multirail Gloss White -> towel-rail
  ✓ model_6851.glb (408 polys)

[6852] Wingrave 1200 x 600 Straight Multirail Matt White -> towel-rail
  ✓ model_6852.glb (408 polys)

[6853] Wingrave 1600 x 500 Straight Multirail Matt White -> towel-rail
  ✓ model_6853.glb (408 polys)

[6854] Wingrave 1200 x 500 Straight Multirail Matt White -> towel-rail
  ✓ model_6854.glb (408 polys)

[6855] Wingrave 1000 x 400 Straight Multirail Gloss White -> towel-rail
  ✓ model_6855.glb (408 polys)

[6856] Wingrave 1800 x 500 Straight Multirail Matt Anthracite -> towel-rail
  ✓ model_6856.glb (408 polys)

[6857] Vantage 2000 8mm Easy Clean 2000mm x 700mm Walk-In Shower Panel - Chrome -> shower-enclosure
  ✓ model_6857.glb (178 polys)

[6858] Vantage 2000 6mm Easy Clean 1000x900mm Offset Quadrant Shower Enclosure - Chrome -> shower-enclosure
  ✓ model_6858.glb (178 polys)

[6859] Vantage 2000 8mm Easy Clean 2000mm x 900mm Framed Walk-In Shower Panel - Matt Black -> shower-enclosure
  ✓ model_6859.glb (178 polys)

[6860] Vantage 2000 6mm Easy Clean 900x800mm Offset Quadrant Shower Enclosure - Chrome -> shower-enclosure
  ✓ model_6860.glb (178 polys)

[6861] Vantage 2000 8mm Easy Clean 2000mm x 300mm Framed Walk-In Shower Panel - Matt Black -> shower-enclosure
  ✓ model_6861.glb (178 polys)

[6875] Wendover Curved Multirail 1200 x 400 Chrome -> towel-rail
  ✓ model_6875.glb (408 polys)

[6862] Portland Single Ended (SE) Twin Grip (TG) 1500 x 700 x 440mm 5mm Bath - White -> bath
  ✓ model_6862.glb (122 polys)

[6863] Vantage Plan F Right Hand (RH) 1000mm x 900mm Offset Quadrant Shower Tray - White -> shower-tray
  ✓ model_6863.glb (138 polys)

[6864] Vantage Plan B 1100mm x 800mm Rectangular Shower Tray - White -> shower-tray
  ✓ model_6864.glb (138 polys)

[6865] Vantage Plan B 1000mm x 800mm Rectangular Shower Tray - White -> shower-tray
  ✓ model_6865.glb (138 polys)

[6866] Vantage Plan A 900mm x 900mm Square Shower Tray - White -> shower-tray
  ✓ model_6866.glb (138 polys)

[6867] Shannon 1700 x 850 x 400mm Left hand (LH) L-Shaped 4mm Shower Bath - White -> bath
  ✓ model_6867.glb (122 polys)

[6868] Rockall Single Ended (SE) 1600 x 700 x 440mm 5mm Bath - White -> bath
  ✓ model_6868.glb (122 polys)

[6869] Rockall Single Ended (SE) 1675 x 700 x 440mm 5mm Bath - White -> bath
  ✓ model_6869.glb (122 polys)

[6870] Imperia 3 Column Radiator 600 x 830mm Gloss White -> radiator
  ✓ model_6870.glb (286 polys)

[6871] Imperia 2 Column Radiator 1800 x 470mm Matt Anthracite -> radiator
  ✓ model_6871.glb (286 polys)

[6872] Wendover Straight Multirail 1800 x 300 Gloss White -> towel-rail
  ✓ model_6872.glb (408 polys)

[6873] Wendover Straight Multirail 1600 x 300 Gloss White -> towel-rail
  ✓ model_6873.glb (408 polys)

[6874] Wendover Straight Multirail 1800 x 400 Chrome -> towel-rail
  ✓ model_6874.glb (408 polys)

[6876] Wendover Curved Multirail 1000 x 600 Gloss White -> towel-rail
  ✓ model_6876.glb (408 polys)

[6877] Wendover Straight Multirail 1200 x 300 Chrome -> towel-rail
  ✓ model_6877.glb (408 polys)

[6878] Wendover Curved Multirail 1000 x 600 Chrome -> towel-rail
  ✓ model_6878.glb (408 polys)

[6879] Wendover Curved Multirail 1000 x 500 Chrome -> towel-rail
  ✓ model_6879.glb (408 polys)

[6880] Wendover Straight Multirail 600 x 600 Chrome -> towel-rail
  ✓ model_6880.glb (408 polys)

[6881] Wendover Curved Multirail 600 x 400 Chrome -> towel-rail
  ✓ model_6881.glb (408 polys)

[6882] Wendover Straight Multirail 1000 x 600 Chrome -> towel-rail
  ✓ model_6882.glb (408 polys)

[6883] Wendover Curved Multirail 1800 x 500 Chrome -> towel-rail
  ✓ model_6883.glb (408 polys)

[6884] Wendover Straight Multirail 1000 x 500 Gloss White -> towel-rail
  ✓ model_6884.glb (408 polys)

[6885] Wendover Curved Multirail 1200 x 750 Chrome -> towel-rail
  ✓ model_6885.glb (408 polys)

[6886] Wendover Straight Multirail 1000 x 750 Chrome -> towel-rail
  ✓ model_6886.glb (408 polys)

[6887] Wendover Curved Multirail 1000 x 750 Chrome -> towel-rail
  ✓ model_6887.glb (408 polys)

[6888] Wendover Straight Multirail 1800 x 600 Gloss White -> towel-rail
  ✓ model_6888.glb (408 polys)

[6889] Type 22 Compact Panel Radiator 600 x 1400 Gloss White -> radiator
  ✓ model_6889.glb (286 polys)

[6985] Wingrave 1000 x 400 Straight Multirail Chrome -> towel-rail
  ✓ model_6985.glb (408 polys)

[6890] Type 21 Compact Panel Radiator 600 x 1000 Gloss White -> radiator
  ✓ model_6890.glb (286 polys)

[6891] Type 22 Compact Panel Radiator 600 x 600 Gloss White -> radiator
  ✓ model_6891.glb (286 polys)

[6892] Wingrave 600 x 400 Straight Multirail Matt White -> towel-rail
  ✓ model_6892.glb (408 polys)

[6893] Wingrave 1200 x 400 Straight Multirail Matt Black -> towel-rail
  ✓ model_6893.glb (408 polys)

[6894] Wingrave 1400 x 500 Straight Multirail Chrome -> towel-rail
  ✓ model_6894.glb (408 polys)

[6895] Wingrave 1600 x 500 Straight Multirail Gloss White -> towel-rail
  ✓ model_6895.glb (408 polys)

[6896] Wingrave 800 x 500 Straight Multirail Chrome -> towel-rail
  ✓ model_6896.glb (408 polys)

[6897] Wingrave 1600 x 400 Straight Multirail Chrome -> towel-rail
  ✓ model_6897.glb (408 polys)

[6898] Wingrave 1600 x 600 Straight Multirail Matt Anthracite -> towel-rail
  ✓ model_6898.glb (408 polys)

[6899] Vantage 2000 6mm Easy Clean 2000mm x 800mm Bi-Fold Shower Door - Chrome -> shower-enclosure
  ✓ model_6899.glb (178 polys)

[6900] Portland Double Ended (DE) 1700 x 700 x 440mm 5mm Bath - White -> bath
  ✓ model_6900.glb (122 polys)

[6901] Portland 1500 x 850 x 440mm Right Hand (RH) L-Shaped Beauforte Shower Bath - White -> bath
  ✓ model_6901.glb (122 polys)

[6902] Portland Single Ended (SE) 1600 x 800 x 440mm 5mm Bath - White -> bath
  ✓ model_6902.glb (122 polys)

[6903] Wingrave 1000 x 600 Straight Multirail Matt White -> towel-rail
  ✓ model_6903.glb (408 polys)

[6904] Imperia 2 Column Radiator 1800 x 380mm Matt Anthracite -> radiator
  ✓ model_6904.glb (286 polys)

[6905] Portland 1700 x 850 x 440mm Right Hand (RH) P-Shaped 5mm Shower Bath - White -> bath
  ✓ model_6905.glb (122 polys)

[6906] Wingrave 1200 x 500 Straight Multirail Matt Black -> towel-rail
  ✓ model_6906.glb (408 polys)

[6907] Vantage Plan F Right Hand (RH) 1000mm x 800mm Offset Quadrant Shower Tray - White -> shower-tray
  ✓ model_6907.glb (138 polys)

[6908] Rockall Single Ended (SE) Twin Grip (TG) 1600 x 700 x 440mm 5mm Bath - White -> bath
  ✓ model_6908.glb (122 polys)

[6909] Rockall Single Ended (SE) Twin Grip (TG) 1675 x 700 x 440mm Beauforte Bath - White -> bath
  ✓ model_6909.glb (122 polys)

[6910] Curved Biava Multirail 1118 x 450 Gloss White -> towel-rail
  ✓ model_6910.glb (408 polys)

[6911] Wendover Curved Multirail 1600 x 750 Gloss White -> towel-rail
  ✓ model_6911.glb (408 polys)

[6912] Straight Biava Multirail 1118 x 450 Chrome -> towel-rail
  ✓ model_6912.glb (408 polys)

[6913] Biava Square 1200x600 Chrome -> towel-rail
  ✓ model_6913.glb (408 polys)

[6914] Wendover Straight Multirail 600 x 500 Gloss White -> towel-rail
  ✓ model_6914.glb (408 polys)

[6915] Wendover Curved Multirail 800 x 600 Chrome -> towel-rail
  ✓ model_6915.glb (408 polys)

[6916] Wendover Curved Multirail 1600 x 600 Gloss White -> towel-rail
  ✓ model_6916.glb (408 polys)

[7000] Tube on Tube 1800x600 Chrome -> towel-rail
  ✓ model_7000.glb (408 polys)

[6917] Wendover Straight Multirail 1800 x 400 Gloss White -> towel-rail
  ✓ model_6917.glb (408 polys)

[6918] Type 21 Compact Panel Radiator 600 x 600 Gloss White -> radiator
  ✓ model_6918.glb (286 polys)

[6919] Type 21 Compact Panel Radiator 600 x 600 Matt Black -> radiator
  ✓ model_6919.glb (286 polys)

[6920] Biscay Single Ended (SE) 1800 x 800 x 440mm 5mm Bath - White -> bath
  ✓ model_6920.glb (122 polys)

[6921] Wingrave 600 x 400 Straight Multirail Matt Anthracite -> towel-rail
  ✓ model_6921.glb (408 polys)

[6922] Wingrave 1600 x 600 Straight Multirail Matt Black -> towel-rail
  ✓ model_6922.glb (408 polys)

[6923] Wingrave 1000 x 500 Straight Multirail Gloss White -> towel-rail
  ✓ model_6923.glb (408 polys)

[6924] Wingrave 1200 x 400 Straight Multirail Chrome -> towel-rail
  ✓ model_6924.glb (408 polys)

[6925] Vantage 2000 8mm Easy Clean 2000mm x 1000mm Walk-In Shower Panel - Chrome -> shower-enclosure
  ✓ model_6925.glb (178 polys)

[6926] Vantage 2000 6mm Easy Clean 1100x800mm Offset Quadrant Shower Enclosure - Matt Black -> shower-enclosure
  ✓ model_6926.glb (178 polys)

[6927] Imperia 2 Column Radiator 600 x 830mm Matt Anthracite -> radiator
  ✓ model_6927.glb (286 polys)

[6928] Portland Single Ended (SE) 1750 x 750 x 440mm 5mm Bath - White -> bath
  ✓ model_6928.glb (122 polys)

[6929] Rockall Single Ended (SE) 1500 x 700 x 440mm 5mm Bath - White -> bath
  ✓ model_6929.glb (122 polys)

[6930] Wingrave 1800 x 300 Straight Multirail Gloss White -> towel-rail
  ✓ model_6930.glb (408 polys)

[6931] New Leonardo 600 x 400 Chrome -> towel-rail
  ✓ model_6931.glb (408 polys)

[6932] Vantage Plan C 1700mm x 760mm Rectangular Shower Tray - White -> shower-tray
  ✓ model_6932.glb (138 polys)

[6933] Vantage Plan F Right Hand (RH) 1200mm x 900mm Offset Quadrant Shower Tray - White -> shower-tray
  ✓ model_6933.glb (138 polys)

[6934] Vantage Plan C 1600mm x 900mm Rectangular Shower Tray - White -> shower-tray
  ✓ model_6934.glb (138 polys)

[6935] Shannon 1700 x 850 x 400mm Left hand (LH) L-Shaped Beauforte Shower Bath - White -> bath
  ✓ model_6935.glb (122 polys)

[6936] Rockall Single Ended (SE) Twin Grip (TG) 1700 x 700 x 440mm 5mm Bath - White -> bath
  ✓ model_6936.glb (122 polys)

[6937] Rockall Single Ended (SE) 1700 x 800 x 440mm 5mm Bath - White -> bath
  ✓ model_6937.glb (122 polys)

[6938] Malin Single Ended (SE) 1600 x 700 x 440mm 5mm Bath - White -> bath
  ✓ model_6938.glb (122 polys)

[6939] Imperia 3 Column Radiator 600 x 605mm Gloss White -> radiator
  ✓ model_6939.glb (286 polys)

[6940] Type 22 Compact Panel Radiator 300 x 2000 Gloss White -> radiator
  ✓ model_6940.glb (286 polys)

[6941] Square Magnetic Towel Hanger 600mm. Gloss White -> shelf
  ✓ model_6941.glb (18 polys)

[6942] Wingrave 800 x 600 Straight Multirail Matt Black -> towel-rail
  ✓ model_6942.glb (408 polys)

[7122] Staverton 1800x500 Chrome -> towel-rail
  ✓ model_7122.glb (408 polys)

[6943] Wingrave 800 x 500 Straight Multirail Matt Black -> towel-rail
  ✓ model_6943.glb (408 polys)

[6944] Wingrave 1400 x 300 Straight Multirail Chrome -> towel-rail
  ✓ model_6944.glb (408 polys)

[6945] Wingrave 1000 x 300 Straight Multirail Gloss White -> towel-rail
  ✓ model_6945.glb (408 polys)

[6946] Wingrave 1600 x 600 Straight Multirail Chrome -> towel-rail
  ✓ model_6946.glb (408 polys)

[6947] Wingrave 1200 x 600 Straight Multirail Chrome -> towel-rail
  ✓ model_6947.glb (408 polys)

[6948] Wingrave Curved Multirail 800 x 600 Chrome -> towel-rail
  ✓ model_6948.glb (408 polys)

[6949] Wingrave 800 x 400 Straight Multirail Matt Anthracite -> towel-rail
  ✓ model_6949.glb (408 polys)

[6950] Wingrave 1600 x 600 Straight Multirail Gloss White -> towel-rail
  ✓ model_6950.glb (408 polys)

[6951] Vantage 2000 6mm Easy Clean 2000mm x 900mm Bi-Fold Shower Door - Chrome -> shower-enclosure
  ✓ model_6951.glb (178 polys)

[6952] Vantage 2000 6mm Easy Clean 2000mm x 700mm Pivot Shower Door - Chrome -> shower-enclosure
  ✓ model_6952.glb (178 polys)

[6953] Vantage 2000 Easy Clean 2000mm x 1200mm Slider Shower Door - Chrome -> shower-enclosure
  ✓ model_6953.glb (178 polys)

[6954] Vantage Plan B 900mm x 800mm Rectangular Shower Tray - White -> shower-tray
  ✓ model_6954.glb (138 polys)

[6955] Isbourne 940 x 600 Chrome / Matt Black -> towel-rail
  ✓ model_6955.glb (408 polys)

[6956] Avon 960 x 500 Chrome / Gloss White -> towel-rail
  ✓ model_6956.glb (408 polys)

[6957] Imperia 3 Column Radiator 1800 x 470mm Gloss White -> radiator
  ✓ model_6957.glb (286 polys)

[6958] Biava Round 1200x600 Chrome -> towel-rail
  ✓ model_6958.glb (408 polys)

[6959] Type 22 Compact Panel Radiator 300 x 600 Gloss White -> radiator
  ✓ model_6959.glb (286 polys)

[6960] Type 21 Compact Panel Radiator 400 x 1400 Gloss White -> radiator
  ✓ model_6960.glb (286 polys)

[6961] Type 21 Compact Panel Radiator 600 x 900 Gloss White -> radiator
  ✓ model_6961.glb (286 polys)

[6962] Type 22 Compact Panel Radiator 600 x 1300 Gloss White -> radiator
  ✓ model_6962.glb (286 polys)

[6963] Type 21 Compact Panel Radiator 600 x 800 Gloss White -> radiator
  ✓ model_6963.glb (286 polys)

[6964] Type 21 Compact Panel Radiator 600 x 700 Gloss White -> radiator
  ✓ model_6964.glb (286 polys)

[6965] Type 21 Compact Panel Radiator 500 x 1200 Gloss White -> radiator
  ✓ model_6965.glb (286 polys)

[6966] Type 11 Compact Panel Radiator 400 x 1400 Gloss White -> radiator
  ✓ model_6966.glb (286 polys)

[6967] Type 11 Compact Panel Radiator 400 x 1200 Gloss White -> radiator
  ✓ model_6967.glb (286 polys)

[6968] Type 11 Compact Panel Radiator 600 x 600 Gloss White -> radiator
  ✓ model_6968.glb (286 polys)

[6969] Type 22 Compact Panel Radiator 500 x 1500 Gloss White -> radiator
  ✓ model_6969.glb (286 polys)

[6970] Type 11 Compact Panel Radiator 500 x 1800 Gloss White -> radiator
  ✓ model_6970.glb (286 polys)

[6971] Type 11 Compact Panel Radiator 300 x 2000 Gloss White -> radiator
  ✓ model_6971.glb (286 polys)

[6972] Type 21 Compact Panel Radiator 600 x 1400 Gloss White -> radiator
  ✓ model_6972.glb (286 polys)

[6973] Wingrave 600 x 1200 Straight Multirail Matt White -> towel-rail
  ✓ model_6973.glb (408 polys)

[6974] Wingrave 1800 x 500 Straight Multirail Gloss White -> towel-rail
  ✓ model_6974.glb (408 polys)

[6975] Wingrave 800 x 400 Straight Multirail Gloss White -> towel-rail
  ✓ model_6975.glb (408 polys)

[6976] Vantage 2000 6mm Easy Clean 2000mm x 760mm Pivot Shower Door - Chrome -> shower-enclosure
  ✓ model_6976.glb (178 polys)

[6977] Portland 1700 x 850 x 440mm Right Hand (RH) L-Shaped 5mm Shower Bath - White -> bath
  ✓ model_6977.glb (122 polys)

[6978] Vantage Plan B 1200mm x 900mm Rectangular Shower Tray - White -> shower-tray
  ✓ model_6978.glb (138 polys)

[6979] Tuscan Multirail 1200 x 600 Gloss White -> towel-rail
  ✓ model_6979.glb (408 polys)

[6980] Wendover Straight Multirail 1600 x 750 Gloss White -> towel-rail
  ✓ model_6980.glb (408 polys)

[6981] Type 11 Compact Panel Radiator 300 x 600 Gloss White -> radiator
  ✓ model_6981.glb (286 polys)

[6982] Type 11 Compact Panel Radiator 600 x 400 Gloss White -> radiator
  ✓ model_6982.glb (286 polys)

[6983] Type 22 Compact Panel Radiator 300 x 1200 Gloss White -> radiator
  ✓ model_6983.glb (286 polys)

[6984] Wingrave 1000 x 500 Straight Multirail Matt Grey -> towel-rail
  ✓ model_6984.glb (408 polys)

[6986] Wingrave 1200 x 600 Straight Multirail Matt Anthracite -> towel-rail
  ✓ model_6986.glb (408 polys)

[6987] Wingrave 800 x 600 Straight Multirail Matt Anthracite -> towel-rail
  ✓ model_6987.glb (408 polys)

[6988] Wingrave 1000 x 500 Straight Multirail Matt Anthracite -> towel-rail
  ✓ model_6988.glb (408 polys)

[6989] Vantage 2000 Easy Clean 2000mm x 1100mm Slider Shower Door - Matt Black -> shower-enclosure
  ✓ model_6989.glb (178 polys)

[6990] Portland Single Ended (SE) 1700 x 800 x 440mm Beauforte Bath - White -> bath
  ✓ model_6990.glb (122 polys)

[6991] Type 22 Flat Panel Radiator 600 x 1400 Matt White -> radiator
  ✓ model_6991.glb (286 polys)

[6992] Type 11 Flat Panel Radiator 600 x 400 Gloss White -> radiator
  ✓ model_6992.glb (286 polys)

[6993] Type 22 Flat Panel Radiator 500 x 1600 Gloss White -> radiator
  ✓ model_6993.glb (286 polys)

[6994] Wingrave 800 x 300 Straight Multirail Chrome -> towel-rail
  ✓ model_6994.glb (408 polys)

[6995] Malin Double Ended (DE) 1800 x 700 x 440mm 5mm Bath - White -> bath
  ✓ model_6995.glb (122 polys)

[6996] Malin Single Ended (SE) 1700 x 750 x 440mm 5mm Bath - White -> bath
  ✓ model_6996.glb (122 polys)

[6997] Curved Biava Multirail 1118 x 600 Gloss White -> towel-rail
  ✓ model_6997.glb (408 polys)

[6998] Straight Biava Multirail 688 x 750 Gloss White -> towel-rail
  ✓ model_6998.glb (408 polys)

[6999] Curved Biava Multirail 1720 x 750 Chrome -> towel-rail
  ✓ model_6999.glb (408 polys)

[7001] Wendover Straight Multirail 600 x 300 Chrome -> towel-rail
  ✓ model_7001.glb (408 polys)

[7002] Wendover Straight Multirail 1800 x 500 Chrome -> towel-rail
  ✓ model_7002.glb (408 polys)

[7003] Type 21 Compact Panel Radiator 500 x 1000 Gloss White -> radiator
  ✓ model_7003.glb (286 polys)

[7004] Type 21 Compact Panel Radiator 500 x 500 Gloss White -> radiator
  ✓ model_7004.glb (286 polys)

[7005] Wingrave 600 x 300 Straight Multirail Gloss White -> towel-rail
  ✓ model_7005.glb (408 polys)

[7006] Wingrave 1800 x 400 Straight Multirail Chrome -> towel-rail
  ✓ model_7006.glb (408 polys)

[7007] Vantage 2000 6mm Easy Clean 1100x900mm Offset Quadrant Shower Enclosure - Chrome -> shower-enclosure
  ✓ model_7007.glb (178 polys)

[7008] Vantage 2000 6mm Easy Clean 900x760mm Offset Quadrant Shower Enclosure - Chrome -> shower-enclosure
  ✓ model_7008.glb (178 polys)

[7009] Portland 1600 x 850 x 440mm Left hand (LH) L-Shaped 5mm Shower Bath - White -> bath
  ✓ model_7009.glb (122 polys)

[7010] Portland Single Ended (SE) Twin Grip (TG) 1650 x 700 x 440mm Beauforte Bath - White -> bath
  ✓ model_7010.glb (122 polys)

[7011] Portland Single Ended (SE) 1600 x 700 x 440mm Beauforte Bath - White -> bath
  ✓ model_7011.glb (122 polys)

[7012] Type 21 Compact Panel Radiator 600 x 500 Gloss White -> radiator
  ✓ model_7012.glb (286 polys)

[7013] Vantage Plan C 1600mm x 700mm Rectangular Shower Tray - White -> shower-tray
  ✓ model_7013.glb (138 polys)

[7014] Vantage Plan C 1400mm x 800mm Rectangular Shower Tray - White -> shower-tray
  ✓ model_7014.glb (138 polys)

[7015] Vantage Plan C 1400mm x 760mm Rectangular Shower Tray - White -> shower-tray
  ✓ model_7015.glb (138 polys)

[7016] Vantage Plan C 1200mm x 1000mm Rectangular Shower Tray - White -> shower-tray
  ✓ model_7016.glb (138 polys)

[7017] Imperia 3 Column Radiator 1800 x 470mm Matt Anthracite -> radiator
  ✓ model_7017.glb (286 polys)

[7018] Curved Biava Multirail 688 x 450 Chrome -> towel-rail
  ✓ model_7018.glb (408 polys)

[7019] Wendover Straight Multirail 1800 x 500 Matt Anthracite -> towel-rail
  ✓ model_7019.glb (408 polys)

[7020] New Leonardo 600 x 500 Chrome -> towel-rail
  ✓ model_7020.glb (408 polys)

[7021] Wendover Curved Multirail 600 x 750 Gloss White -> towel-rail
  ✓ model_7021.glb (408 polys)

[7022] Wendover Straight Multirail 1800 x 750 Chrome -> towel-rail
  ✓ model_7022.glb (408 polys)

[7023] Wendover Curved Multirail 800 x 750 Chrome -> towel-rail
  ✓ model_7023.glb (408 polys)

[7024] Type 22 Compact Panel Radiator 500 x 1600 Gloss White -> radiator
  ✓ model_7024.glb (286 polys)

[7025] Wingrave Curved Multirail 1000 x 600 Gloss White -> towel-rail
  ✓ model_7025.glb (408 polys)

[7026] Wingrave 600 x 600 Straight Multirail Matt Anthracite -> towel-rail
  ✓ model_7026.glb (408 polys)

[7027] Wingrave 800 x 600 Straight Multirail Matt White -> towel-rail
  ✓ model_7027.glb (408 polys)

[7028] Wingrave 1000 x 400 Straight Multirail Matt White -> towel-rail
  ✓ model_7028.glb (408 polys)

[7029] Wingrave 1800 x 600 Straight Multirail Chrome -> towel-rail
  ✓ model_7029.glb (408 polys)

[7030] Wingrave 1800 x 600 Straight Multirail Matt Anthracite -> towel-rail
  ✓ model_7030.glb (408 polys)

[7031] Vantage 2000 6mm Easy Clean 2000mm x 800mm Pivot Shower Door - Brushed Brass -> shower-enclosure
  ✓ model_7031.glb (178 polys)

[7032] Vantage 2000 Easy Clean 2000mm x 1650mm Slider Shower Door - Chrome -> shower-enclosure
  ✓ model_7032.glb (178 polys)

[7033] Portland Double Ended (DE) 1700 x 800 x 440mm 5mm Bath - White -> bath
  ✓ model_7033.glb (122 polys)

[7034] Wingrave 1600 x 500 Straight Multirail Matt Black -> towel-rail
  ✓ model_7034.glb (408 polys)

[7035] Vantage Plan B 1000mm x 900mm Rectangular Shower Tray - White -> shower-tray
  ✓ model_7035.glb (138 polys)

[7036] Vantage Plan C 1600mm x 760mm Rectangular Shower Tray - White -> shower-tray
  ✓ model_7036.glb (138 polys)

[7037] Rockall Single Ended (SE) Twin Grip (TG) 1500 x 700 x 440mm 5mm Bath - White -> bath
  ✓ model_7037.glb (122 polys)

[7038] Rockall Single Ended (SE) Twin Grip (TG) 1800 x 800 x 440mm 5mm Bath - White -> bath
  ✓ model_7038.glb (122 polys)

[7039] Malin Double Ended (DE) 1600 x 700 x 440mm 5mm Bath - White -> bath
  ✓ model_7039.glb (122 polys)

[7040] Straight Biava Multirail 688 x 450 Gloss White -> towel-rail
  ✓ model_7040.glb (408 polys)

[7041] Wendover Curved Multirail 1200 x 500 Gloss White -> towel-rail
  ✓ model_7041.glb (408 polys)

[7042] Wendover Curved Multirail 1200 x 500 Chrome -> towel-rail
  ✓ model_7042.glb (408 polys)

[7043] Wendover Curved Multirail 800 x 750 Gloss White -> towel-rail
  ✓ model_7043.glb (408 polys)

[7044] Wendover Straight Multirail 800 x 750 Gloss White -> towel-rail
  ✓ model_7044.glb (408 polys)

[7045] Wendover Curved Multirail 1800 x 500 Gloss White -> towel-rail
  ✓ model_7045.glb (408 polys)

[7046] Wendover Straight Multirail 800 x 400 Chrome -> towel-rail
  ✓ model_7046.glb (408 polys)

[7047] Multirail Straight Towel Hanger 600mm Chrome -> towel-rail
  ✓ model_7047.glb (408 polys)

[7048] Multirail Straight Towel Hanger 600mm Matt Anthracite -> towel-rail
  ✓ model_7048.glb (408 polys)

[7049] Multirail Straight Towel Hanger 400mm Matt Anthracite -> towel-rail
  ✓ model_7049.glb (408 polys)

[7050] Wingrave 600 x 600 Straight Multirail Matt White -> towel-rail
  ✓ model_7050.glb (408 polys)

[7051] Wingrave 800 x 300 Straight Multirail Gloss White -> towel-rail
  ✓ model_7051.glb (408 polys)

[7052] Wingrave 1000 x 600 Straight Multirail Gloss White -> towel-rail
  ✓ model_7052.glb (408 polys)

[7053] Vantage 2000 8mm Easy Clean 2000mm x 900mm Walk-In Shower Panel - Chrome -> shower-enclosure
  ✓ model_7053.glb (178 polys)

[7054] Portland Single Ended (SE) 1800 x 800 x 440mm Beauforte Bath - White -> bath
  ✓ model_7054.glb (122 polys)

[7055] Portland 1700 x 850 x 440mm Left hand (LH) P-Shaped 5mm Shower Bath - White -> bath
  ✓ model_7055.glb (122 polys)

[7056] Portland 1500 x 850 x 440mm Left hand (LH) L-Shaped 5mm Shower Bath - White -> bath
  ✓ model_7056.glb (122 polys)

[7057] Portland Double Ended (DE) 1700 x 750 x 440mm 5mm Bath - White -> bath
  ✓ model_7057.glb (122 polys)

[7058] Biava Dry Element Towel Rail 700x500mm Matt Anthracite -> towel-rail
  ✓ model_7058.glb (408 polys)

[7059] Rockall Single Ended (SE) 1600 x 700 x 440mm Beauforte Bath - White -> bath
  ✓ model_7059.glb (122 polys)

[7060] Rockall Single Ended (SE) 1700 x 800 x 440mm Beauforte Bath - White -> bath
  ✓ model_7060.glb (122 polys)

[7061] Malin Double Ended (DE) 1700 x 750 x 440mm Beauforte Bath - White -> bath
  ✓ model_7061.glb (122 polys)

[7062] New Leonardo 1800 x 400 Chrome -> towel-rail
  ✓ model_7062.glb (408 polys)

[7063] Wendover Straight Multirail 800 x 300 Gloss White -> towel-rail
  ✓ model_7063.glb (408 polys)

[7064] Wendover Straight Multirail 1800 x 600 Chrome -> towel-rail
  ✓ model_7064.glb (408 polys)

[7065] Type 11 Compact Panel Radiator 500 x 800 Gloss White -> radiator
  ✓ model_7065.glb (286 polys)

[7066] Type 22 Compact Panel Radiator 400 x 1200 Gloss White -> radiator
  ✓ model_7066.glb (286 polys)

[7067] Type 22 Compact Panel Radiator 500 x 1800 Gloss White -> radiator
  ✓ model_7067.glb (286 polys)

[7068] Type 11 Compact Panel Radiator 400 x 500 Gloss White -> radiator
  ✓ model_7068.glb (286 polys)

[7069] Type 11 Compact Panel Radiator 500 x 1200 Gloss White -> radiator
  ✓ model_7069.glb (286 polys)

[7070] Wingrave 600 x 500 Straight Multirail Matt Black -> towel-rail
  ✓ model_7070.glb (408 polys)

[7071] Vantage 2000 6mm Easy Clean 1400x800mm Offset Quadrant Shower Enclosure - Chrome -> shower-enclosure
  ✓ model_7071.glb (178 polys)

[7072] Portland Double Ended (DE) 1800 x 800 x 440mm 5mm Bath - White -> bath
  ✓ model_7072.glb (122 polys)

[7073] Wendover Straight Multirail 1000 x 600 Gloss White -> towel-rail
  ✓ model_7073.glb (408 polys)

[7074] Vantage Plan C 1400mm x 900mm Rectangular Shower Tray - White -> shower-tray
  ✓ model_7074.glb (138 polys)

[7075] Malin Single Ended (SE) 1600 x 700 x 440mm Beauforte Bath - White -> bath
  ✓ model_7075.glb (122 polys)

[7076] Rockall Single Ended (SE) Twin Grip (TG) 1650 x 700 x 440mm 5mm Bath - White -> bath
  ✓ model_7076.glb (122 polys)

[7077] Biscay 1700 x 750 x 440mm Right Hand (RH) Straight 5mm Shower Bath - White -> bath
  ✓ model_7077.glb (122 polys)

[7078] Straight Biava Multirail 1720 x 450 Chrome -> towel-rail
  ✓ model_7078.glb (408 polys)

[7079] Wendover Straight Multirail 600 x 400 Gloss White -> towel-rail
  ✓ model_7079.glb (408 polys)

[7080] Wendover Straight Multirail 1800 x 500 Gloss White -> towel-rail
  ✓ model_7080.glb (408 polys)

[7081] Type 21 Compact Panel Radiator 600 x 400 Gloss White -> radiator
  ✓ model_7081.glb (286 polys)

[7082] Type 11 Compact Panel Radiator 500 x 500 Gloss White -> radiator
  ✓ model_7082.glb (286 polys)

[7083] Type 22 Compact Panel Radiator 400 x 1400 Gloss White -> radiator
  ✓ model_7083.glb (286 polys)

[7084] Type 11 Compact Panel Radiator 300 x 400 Gloss White -> radiator
  ✓ model_7084.glb (286 polys)

[7085] Type 21 Compact Panel Radiator 600 x 600 Matt Anthracite -> radiator
  ✓ model_7085.glb (286 polys)

[7086] Type 11 Compact Panel Radiator 300 x 1000 Gloss White -> radiator
  ✓ model_7086.glb (286 polys)

[7087] Wingrave Curved Multirail 1800 x 500 Gloss White -> towel-rail
  ✓ model_7087.glb (408 polys)

[7088] Wingrave Curved Multirail 1600 x 600 Gloss White -> towel-rail
  ✓ model_7088.glb (408 polys)

[7089] Wingrave 1400 x 600 Straight Multirail Matt Grey -> towel-rail
  ✓ model_7089.glb (408 polys)

[7090] Wingrave 1200 x 300 Straight Multirail Matt White -> towel-rail
  ✓ model_7090.glb (408 polys)

[7091] Vantage 2000 6mm Easy Clean 2000mm x 900mm Bi-Fold Shower Door - Brushed Brass -> shower-enclosure
  ✓ model_7091.glb (178 polys)

[7092] Vantage 2000 8mm Easy Clean 2000mm x 800mm Walk-In Shower Panel - Chrome -> shower-enclosure
  ✓ model_7092.glb (178 polys)

[7093] Portland Single Ended (SE) 1600 x 800 x 440mm Beauforte Bath - White -> bath
  ✓ model_7093.glb (122 polys)

[7094] Straight Biava Multirail 1118 x 750 Chrome -> towel-rail
  ✓ model_7094.glb (408 polys)

[7095] Type 22 Compact Panel Radiator 600 x 1600 Matt Black -> radiator
  ✓ model_7095.glb (286 polys)

[7096] Type 21 Compact Panel Radiator 600 x 1000 Matt Black -> radiator
  ✓ model_7096.glb (286 polys)

[7097] Type 22 Compact Panel Radiator 600 x 800 Matt Black -> radiator
  ✓ model_7097.glb (286 polys)

[7098] Wingrave Curved Multirail 800 x 600 Gloss White -> towel-rail
  ✓ model_7098.glb (408 polys)

[7099] Vantage Plan C 1800mm x 800mm Rectangular Shower Tray - White -> shower-tray
  ✓ model_7099.glb (138 polys)

[7100] Kennet Dry Element Towel Rail 700 x 600 Chrome -> towel-rail
  ✓ model_7100.glb (408 polys)

[7101] Rockall Single Ended (SE) Twin Grip (TG) 1600 x 750 x 440mm 5mm Bath - White -> bath
  ✓ model_7101.glb (122 polys)

[7102] Rockall Single Ended (SE) Twin Grip (TG) 1700 x 750 x 440mm Beauforte Bath - White -> bath
  ✓ model_7102.glb (122 polys)

[7103] Twyver 952 x 684 Chrome -> towel-rail
  ✓ model_7103.glb (408 polys)

[7104] Imperia 2 Column Radiator 600 x 605mm Gloss White -> radiator
  ✓ model_7104.glb (286 polys)

[7105] Thames 1444 x 630 Chrome -> towel-rail
  ✓ model_7105.glb (408 polys)

[7106] Curved Biava Multirail 688 x 450 Gloss White -> towel-rail
  ✓ model_7106.glb (408 polys)

[7107] Wendover Curved Multirail 1600 x 750 Chrome -> towel-rail
  ✓ model_7107.glb (408 polys)

[7108] Wendover Curved Multirail 800 x 500 Chrome -> towel-rail
  ✓ model_7108.glb (408 polys)

[7109] Type 21 Compact Panel Radiator 600 x 1200 Gloss White -> radiator
  ✓ model_7109.glb (286 polys)

[7110] Type 21 Compact Panel Radiator 600 x 400 Matt Black -> radiator
  ✓ model_7110.glb (286 polys)

[7111] Multirail Straight Towel Hanger 500mm Gloss White -> towel-rail
  ✓ model_7111.glb (408 polys)

[7112] Wingrave 1200 x 610 Flat Panel Radiator Gloss White -> radiator
  ✓ model_7112.glb (286 polys)

[7113] Wingrave 1000 x 600 Straight Multirail Matt Black -> towel-rail
  ✓ model_7113.glb (408 polys)

[7114] Wingrave 1400 x 500 Straight Multirail Matt White -> towel-rail
  ✓ model_7114.glb (408 polys)

[7115] Wingrave 1800 x 500 Straight Multirail Matt Black -> towel-rail
  ✓ model_7115.glb (408 polys)

[7116] Wingrave 1800 x 500 Straight Multirail Chrome -> towel-rail
  ✓ model_7116.glb (408 polys)

[7117] Wingrave 1200 x 500 Straight Multirail Chrome -> towel-rail
  ✓ model_7117.glb (408 polys)

[7118] Wingrave 1000 x 500 Straight Multirail Matt White -> towel-rail
  ✓ model_7118.glb (408 polys)

[7119] Wingrave 1200 x 400 Straight Multirail Gloss White -> towel-rail
  ✓ model_7119.glb (408 polys)

[7120] Vanguard 10mm 1000x800mm Left Hand Offset Quadrant Shower Enclosure - Chrome -> shower-enclosure
  ✓ model_7120.glb (178 polys)

[7121] Portland Single Ended (SE) Twin Grip (TG) 1600 x 700 x 440mm Beauforte Bath - White -> bath
  ✓ model_7121.glb (122 polys)

[7123] Kennet Dry Element Towel Rail 1200 x 600 Chrome -> towel-rail
  ✓ model_7123.glb (408 polys)

[7124] Vantage Plan B 1000mm x 1000mm Square Shower Tray - White -> shower-tray
  ✓ model_7124.glb (138 polys)

[7125] Vantage Plan A 760mm x 760mm Square Shower Tray - White -> shower-tray
  ✓ model_7125.glb (138 polys)

[7126] Malin Double Ended (DE) 1800 x 700 x 440mm Beauforte Bath - White -> bath
  ✓ model_7126.glb (122 polys)

[7127] Rockall Single Ended (SE) Twin Grip (TG) 1600 x 750 x 440mm Beauforte Bath - White -> bath
  ✓ model_7127.glb (122 polys)

[7128] Imperia 2 Column Radiator 600 x 1145mm Gloss White -> radiator
  ✓ model_7128.glb (286 polys)

[7129] Imperia 3 Column Radiator 600 x 605mm Matt Anthracite -> radiator
  ✓ model_7129.glb (286 polys)

[7130] Imperia 3 Column Radiator 600 x 1145mm Matt Anthracite -> radiator
  ✓ model_7130.glb (286 polys)

[7131] Straight Biava Multirail 1720 x 450 Gloss White -> towel-rail
  ✓ model_7131.glb (408 polys)

[7132] Imperia 2 Column Radiator 600 x 605mm Matt Anthracite -> radiator
  ✓ model_7132.glb (286 polys)

[7133] Straight Biava Multirail 1118 x 600 Chrome -> towel-rail
  ✓ model_7133.glb (408 polys)

[7134] Type 22 Compact Panel Radiator 500 x 400 Gloss White -> radiator
  ✓ model_7134.glb (286 polys)

[7135] Type 11 Compact Panel Radiator 600 x 1600 Gloss White -> radiator
  ✓ model_7135.glb (286 polys)

[7136] Type 22 Compact Panel Radiator 600 x 600 Matt Black -> radiator
  ✓ model_7136.glb (286 polys)

[7137] Type 22 Compact Panel Radiator 600 x 1400 Matt Anthracite -> radiator
  ✓ model_7137.glb (286 polys)

[7138] Type 11 Compact Panel Radiator 400 x 1100 Gloss White -> radiator
  ✓ model_7138.glb (286 polys)

[7139] Type 21 Compact Panel Radiator 400 x 1600 Gloss White -> radiator
  ✓ model_7139.glb (286 polys)

[7140] Volente 6mm Easy Clean 1000x900mm Offset Quadrant Shower Enclosure - Chrome -> shower-enclosure
  ✓ model_7140.glb (178 polys)

[7141] Wingrave 600 x 1000 Straight Multirail Chrome -> towel-rail
  ✓ model_7141.glb (408 polys)

[7142] Wingrave 1800 x 400 Straight Multirail Matt Grey -> towel-rail
  ✓ model_7142.glb (408 polys)

[7143] Wingrave Curved Multirail 1600 x 500 Chrome -> towel-rail
  ✓ model_7143.glb (408 polys)

[7144] Vantage 2000 8mm Easy Clean 2000mm x 1100mm Walk-In Shower Panel - Chrome -> shower-enclosure
  ✓ model_7144.glb (178 polys)

[7145] Vantage 2000 6mm Easy Clean 1100x800mm Offset Quadrant Shower Enclosure - Chrome -> shower-enclosure
  ✓ model_7145.glb (178 polys)

[7146] Portland Double Ended (DE) 1800 x 800 x 440mm 5mm Bath - White -> bath
  ✓ model_7146.glb (122 polys)

[7147] Vantage Plan E 1000mm x 1000mm Quadrant Shower Tray - White -> shower-tray
  ✓ model_7147.glb (138 polys)

[7148] Type 22 Flat Panel Radiator 600 x 400 Gloss White -> radiator
  ✓ model_7148.glb (286 polys)

[7149] Malin Single Ended (SE) 1800 x 700 x 440mm Beauforte Bath - White -> bath
  ✓ model_7149.glb (122 polys)

[7150] Biscay Double Ended (DE) 1700 x 750 x 440mm 5mm Left Hand (LH) Bath - White -> bath
  ✓ model_7150.glb (122 polys)

[7151] Malin Double Ended (DE) 1600 x 700 x 440mm Beauforte Bath - White -> bath
  ✓ model_7151.glb (122 polys)

[7152] Malin Single Ended (SE) 1750 x 750 x 440mm 5mm Bath - White -> bath
  ✓ model_7152.glb (122 polys)

[7153] Imperia 2 Column Radiator 600 x 1145mm Matt Anthracite -> radiator
  ✓ model_7153.glb (286 polys)

[7154] Staverton 1200x600 Gloss White -> towel-rail
  ✓ model_7154.glb (408 polys)

[7155] Wendover Curved Multirail 1200 x 600 Gloss White -> towel-rail
  ✓ model_7155.glb (408 polys)

[7156] Curved Staverton Tube on Tube 600 x 600 Gloss White -> towel-rail
  ✓ model_7156.glb (408 polys)

[7157] Wendover Straight Multirail 1000 x 400 Gloss White -> towel-rail
  ✓ model_7157.glb (408 polys)

[7158] Type 22 Compact Panel Radiator 600 x 2000 Gloss White -> radiator
  ✓ model_7158.glb (286 polys)

[7159] Type 22 Compact Panel Radiator 600 x 1000 Matt Black -> radiator
  ✓ model_7159.glb (286 polys)

[7160] Type 22 Compact Panel Radiator 500 x 2000 Gloss White -> radiator
  ✓ model_7160.glb (286 polys)

[7161] Type 11 Compact Panel Radiator 600 x 800 Matt Black -> radiator
  ✓ model_7161.glb (286 polys)

[7162] Type 11 Compact Panel Radiator 600 x 600 Matt Black -> radiator
  ✓ model_7162.glb (286 polys)

[7163] Type 11 Compact Panel Radiator 300 x 1600 Gloss White -> radiator
  ✓ model_7163.glb (286 polys)

[7164] Type 21 Compact Panel Radiator 600 x 1300 Gloss White -> radiator
  ✓ model_7164.glb (286 polys)

[7165] Type 11 Compact Panel Radiator 600 x 600 Matt Anthracite -> radiator
  ✓ model_7165.glb (286 polys)

[7166] Wingrave 1200 x 600 Straight Multirail Matt Grey -> towel-rail
  ✓ model_7166.glb (408 polys)

[7167] Wingrave 1600 x 300 Straight Multirail Matt Anthracite -> towel-rail
  ✓ model_7167.glb (408 polys)

[7168] Wingrave Curved Multirail 1800 x 600 Gloss White -> towel-rail
  ✓ model_7168.glb (408 polys)

[7169] Wingrave 1400 x 400 Straight Multirail Matt Black -> towel-rail
  ✓ model_7169.glb (408 polys)

[7170] Vantage 2000 6mm Easy Clean 2000mm x 900mm Bi-Fold Shower Door - Matt Black -> shower-enclosure
  ✓ model_7170.glb (178 polys)

[7171] Vantage 2000 6mm Easy Clean 2000mm x 900mm Pivot Shower Door - Chrome -> shower-enclosure
  ✓ model_7171.glb (178 polys)

[7172] Vantage 2000 6mm Easy Clean 1100x760mm Offset Quadrant Shower Enclosure - Chrome -> shower-enclosure
  ✓ model_7172.glb (178 polys)

[7173] Vantage 2000 6mm Easy Clean 1100x760mm Offset Quadrant Shower Enclosure - Brushed Brass -> shower-enclosure
  ✓ model_7173.glb (178 polys)

[7174] Vantage 2000 8mm Easy Clean 2000mm x 1000mm Framed Walk-In Shower Panel - Matt Black -> shower-enclosure
  ✓ model_7174.glb (178 polys)

[7175] Vantage 2000 6mm Easy Clean 1200x760mm Offset Quadrant Shower Enclosure - Chrome -> shower-enclosure
  ✓ model_7175.glb (178 polys)

[7176] Type 21 Compact Panel Radiator 600 x 800 Matt Black -> radiator
  ✓ model_7176.glb (286 polys)

[7177] Wingrave 1400 x 600 Straight Multirail Matt White -> towel-rail
  ✓ model_7177.glb (408 polys)

[7178] Wingrave 1800 x 400 Straight Multirail Matt Black -> towel-rail
  ✓ model_7178.glb (408 polys)

[7179] Biscay Double Ended (DE) 1700 x 750 x 440mm Beauforte Bath - White -> bath
  ✓ model_7179.glb (122 polys)

[7180] Biscay Double Ended (DE) 1700 x 800 x 440mm 5mm Left hand (LH) Bath - White -> bath
  ✓ model_7180.glb (122 polys)

[7181] Tuscan Multirail 1750 x 450 Gloss White -> towel-rail
  ✓ model_7181.glb (408 polys)

[7182] Wendover Straight Multirail 800 x 400 Gloss White -> towel-rail
  ✓ model_7182.glb (408 polys)

[7183] Type 22 Compact Panel Radiator 500 x 1200 Gloss White -> radiator
  ✓ model_7183.glb (286 polys)

[7184] Vantage 2000 6mm Easy Clean 1100x760mm Offset Quadrant Shower Enclosure - Matt Black -> shower-enclosure
  ✓ model_7184.glb (178 polys)

[7185] Vantage 2000 8mm Easy Clean 2000mm x 1000mm Walk-In Shower Panel - Matt Black -> shower-enclosure
  ✓ model_7185.glb (178 polys)

[7186] Portland 1700 x 700 x 350 Twin Grip(TG) Low Level Eco Beauforte Bath - White -> bath
  ✓ model_7186.glb (122 polys)

[7187] Portland Single Ended (SE) 1500 x 700 x 440mm Beauforte Bath - White -> bath
  ✓ model_7187.glb (122 polys)

[7188] Portland Single Ended (SE) 1700 x 750 x 440mm Beauforte Bath - White -> bath
  ✓ model_7188.glb (122 polys)

[7189] Portland Single Ended (SE) Twin Grip (TG) 1700 x 750 x 440mm 5mm Bath - White -> bath
  ✓ model_7189.glb (122 polys)

[7190] Biava Dry Element Towel Rail 1100x500mm On/Off Bt. Chrome -> towel-rail
  ✓ model_7190.glb (408 polys)

[7191] Multirail Straight Towel Hanger 400mm Chrome -> towel-rail
  ✓ model_7191.glb (408 polys)

[7192] Portland Double Ended (DE) 1800 x 800 x 440mm Beauforte Bath - White -> bath
  ✓ model_7192.glb (122 polys)

[7193] Portland Single Ended (SE) Twin Grip (TG) 1600 x 700 x 440mm 5mm Bath - White -> bath
  ✓ model_7193.glb (122 polys)

[7194] Portland Single Ended (SE) Twin Grip (TG) 1700 x 800 x 440mm 5mm Bath - White -> bath
  ✓ model_7194.glb (122 polys)

[7195] Portland Single Ended (SE) Twin Grip (TG) 1800 x 800 x 440mm 5mm Bath - White -> bath
  ✓ model_7195.glb (122 polys)

[7196] Portland 1500 x 850 x 440mm Left hand (LH) L-Shaped Beauforte Shower Bath - White -> bath
  ✓ model_7196.glb (122 polys)

[7197] Portland Single Ended (SE) 1800 x 725 x 440mm Beauforte Bath - White -> bath
  ✓ model_7197.glb (122 polys)

[7198] Portland 1700 x 850 x 440mm Left hand (LH) L-Shaped Beauforte Shower Bath - White -> bath
  ✓ model_7198.glb (122 polys)

[7199] Portland Double Ended (DE) 1700 x 700 x 440mm Beauforte Bath - White -> bath
  ✓ model_7199.glb (122 polys)

[7200] Portland Double Ended (DE) 1700 x 750 x 440mm Beauforte Bath - White -> bath
  ✓ model_7200.glb (122 polys)

[7201] Portland Double Ended (DE) 1800 x 800 x 440mm Beauforte Bath - White -> bath
  ✓ model_7201.glb (122 polys)

[7202] Portland 1600 x 850 x 440mm Right Hand (RH) P-Shaped 5mm Shower Bath - White -> bath
  ✓ model_7202.glb (122 polys)

[7203] Portland Double Ended (DE) 1700 x 750 x 440mm Beauforte Bath - White -> bath
  ✓ model_7203.glb (122 polys)

[7204] Portland Double Ended (DE) 1700 x 800 x 440mm Beauforte Bath - White -> bath
  ✓ model_7204.glb (122 polys)

[7205] Portland 1500 x 850 x 440mm Right Hand (RH) P-Shaped 5mm Shower Bath - White -> bath
  ✓ model_7205.glb (122 polys)

[7206] Portland Double Ended (DE) 1900 x 900 x 440mm Beauforte Bath - White -> bath
  ✓ model_7206.glb (122 polys)

[7207] Portland Single Ended (SE) Twin Grip (TG) 1500 x 700 x 440mm Beauforte Bath - White -> bath
  ✓ model_7207.glb (122 polys)

[7208] Portland 1500 x 850 x 440mm Left hand (LH) P-Shaped 5mm Shower Bath - White -> bath
  ✓ model_7208.glb (122 polys)

[7209] Portland 1600 x 850 x 440mm Left hand (LH) P-Shaped Beauforte Shower Bath - White -> bath
  ✓ model_7209.glb (122 polys)

[7210] Portland 1600 x 850 x 440mm Right Hand (RH) L-Shaped Beauforte Shower Bath - White -> bath
  ✓ model_7210.glb (122 polys)

[7211] Portland 1500 x 850 x 440mm Right Hand (RH) L-Shaped 5mm Shower Bath - White -> bath
  ✓ model_7211.glb (122 polys)

[7212] Portland 1600 x 850 x 440mm Left hand (LH) L-Shaped Beauforte Shower Bath - White -> bath
  ✓ model_7212.glb (122 polys)

[7213] Portland Single Ended (SE) Twin Grip (TG) 1700 x 800 x 440mm Beauforte Bath - White -> bath
  ✓ model_7213.glb (122 polys)

[7214] Portland 1700 x 850 x 440mm Left hand (LH) L-Shaped 5mm Shower Bath - White -> bath
  ✓ model_7214.glb (122 polys)

[7215] Portland Single Ended (SE) Twin Grip (TG) 1800 x 800 x 440mm Beauforte Bath - White -> bath
  ✓ model_7215.glb (122 polys)

[7216] Portland 1500 x 850 x 440mm Right Hand (RH) P-Shaped Beauforte Shower Bath - White -> bath
  ✓ model_7216.glb (122 polys)

[7217] Portland 1500 x 850 x 440mm Left hand (LH) P-Shaped Beauforte Shower Bath - White -> bath
  ✓ model_7217.glb (122 polys)

[7218] Portland Single Ended (SE) 1700 x 900 x 440mm Beauforte Bath - White -> bath
  ✓ model_7218.glb (122 polys)

[7219] Portland 1700 x 850 x 440mm Right Hand (RH) P-Shaped Beauforte Shower Bath - White -> bath
  ✓ model_7219.glb (122 polys)

[7220] Portland 1700 x 850 x 440mm Left hand (LH) P-Shaped Beauforte Shower Bath - White -> bath
  ✓ model_7220.glb (122 polys)

[7221] Portland 1600 x 850 x 440mm Right Hand (RH) P-Shaped Beauforte Shower Bath - White -> bath
  ✓ model_7221.glb (122 polys)

[7222] Vantage 2000 6mm Easy Clean 2000mm x 1000mm Pivot Shower Door - Matt Black -> shower-enclosure
  ✓ model_7222.glb (178 polys)

[7223] Vantage 2000 6mm Easy Clean 2000mm x 800mm Bi-Fold Shower Door - Matt Black -> shower-enclosure
  ✓ model_7223.glb (178 polys)

[7224] Vantage 2000 6mm Easy Clean 2000mm x 760mm Bi-Fold Shower Door - Chrome -> shower-enclosure
  ✓ model_7224.glb (178 polys)

[7225] Vantage 2000 6mm Easy Clean 2000mm x 900mm Pivot Shower Door - Matt Black -> shower-enclosure
  ✓ model_7225.glb (178 polys)

[7226] Vantage 2000 6mm Easy Clean 2000mm x 760mm Bi-Fold Shower Door - Matt Black -> shower-enclosure
  ✓ model_7226.glb (178 polys)

[7227] Vantage 2000 6mm Easy Clean 2000mm x 700mm Bi-Fold Shower Door - Chrome -> shower-enclosure
  ✓ model_7227.glb (178 polys)

[7228] Vantage 2000 6mm Easy Clean 2000mm x 800mm Pivot Shower Door - Matt Black -> shower-enclosure
  ✓ model_7228.glb (178 polys)

[7229] Vantage 2000 6mm Easy Clean 2000mm x 700mm Bi-Fold Shower Door - Matt Black -> shower-enclosure
  ✓ model_7229.glb (178 polys)

[7230] Vantage 2000 6mm Easy Clean 2000mm x 760mm Pivot Shower Door - Matt Black -> shower-enclosure
  ✓ model_7230.glb (178 polys)

[7231] Vantage 2000 6mm Easy Clean 2000mm x 700mm Pivot Shower Door - Matt Black -> shower-enclosure
  ✓ model_7231.glb (178 polys)

[7232] Vantage 2000 Easy Clean 2000mm x 1700mm Slider Shower Door - Chrome -> shower-enclosure
  ✓ model_7232.glb (178 polys)

[7233] Vantage 2000 Easy Clean 2000mm x 1700mm Slider Shower Door - Matt Black -> shower-enclosure
  ✓ model_7233.glb (178 polys)

[7234] Vantage 2000 Easy Clean 2000mm x 1650mm Slider Shower Door - Matt Black -> shower-enclosure
  ✓ model_7234.glb (178 polys)

[7235] Vantage 2000 Easy Clean 2000mm x 1600mm Slider Shower Door - Chrome -> shower-enclosure
  ✓ model_7235.glb (178 polys)

[7236] Vantage 2000 Easy Clean 2000mm x 1600mm Slider Shower Door - Matt Black -> shower-enclosure
  ✓ model_7236.glb (178 polys)

[7237] Vantage 2000 Easy Clean 2000mm x 1400mm Slider Shower Door - Chrome -> shower-enclosure
  ✓ model_7237.glb (178 polys)

[7238] Vantage 2000 Easy Clean 2000mm x 1400mm Slider Shower Door - Matt Black -> shower-enclosure
  ✓ model_7238.glb (178 polys)

[7239] Vantage 2000 Easy Clean 2000mm x 1200mm Slider Shower Door - Matt Black -> shower-enclosure
  ✓ model_7239.glb (178 polys)

[7240] Vantage 2000 Easy Clean 2000mm x 1000mm Slider Shower Door - Chrome -> shower-enclosure
  ✓ model_7240.glb (178 polys)

[7241] Vantage 2000 Easy Clean 2000mm x 1000mm Slider Shower Door - Matt Black -> shower-enclosure
  ✓ model_7241.glb (178 polys)

[7242] Vantage 2000 6mm Easy Clean 1200x760mm Offset Quadrant Shower Enclosure - Matt Black -> shower-enclosure
  ✓ model_7242.glb (178 polys)

[7243] Vantage 2000 6mm Easy Clean 1100x900mm Offset Quadrant Shower Enclosure - Matt Black -> shower-enclosure
  ✓ model_7243.glb (178 polys)

[7244] Vantage 2000 6mm Easy Clean 1400x800mm Offset Quadrant Shower Enclosure - Matt Black -> shower-enclosure
  ✓ model_7244.glb (178 polys)

[7245] Vantage 2000 6mm Easy Clean 1400x760mm Offset Quadrant Shower Enclosure - Chrome -> shower-enclosure
  ✓ model_7245.glb (178 polys)

[7246] Vantage 2000 6mm Easy Clean 1400x760mm Offset Quadrant Shower Enclosure - Matt Black -> shower-enclosure
  ✓ model_7246.glb (178 polys)

[7247] Vantage 2000 6mm Easy Clean 1000x900mm Offset Quadrant Shower Enclosure - Matt Black -> shower-enclosure
  ✓ model_7247.glb (178 polys)

[7509] Tunstall H Towel Hanger 330mm Matt Anthracite -> shelf
  ✓ model_7509.glb (18 polys)

[7248] Vantage 2000 6mm Easy Clean 1300x800mm Offset Quadrant Shower Enclosure - Chrome -> shower-enclosure
  ✓ model_7248.glb (178 polys)

[7249] Vantage 2000 6mm Easy Clean 1300x800mm Offset Quadrant Shower Enclosure - Matt Black -> shower-enclosure
  ✓ model_7249.glb (178 polys)

[7250] Vantage 2000 6mm Easy Clean 1300x760mm Offset Quadrant Shower Enclosure - Chrome -> shower-enclosure
  ✓ model_7250.glb (178 polys)

[7251] Vantage 2000 6mm Easy Clean 1300x760mm Offset Quadrant Shower Enclosure - Matt Black -> shower-enclosure
  ✓ model_7251.glb (178 polys)

[7252] Vantage 2000 6mm Easy Clean 1000x800mm Offset Quadrant Shower Enclosure - Matt Black -> shower-enclosure
  ✓ model_7252.glb (178 polys)

[7253] Vantage 2000 6mm Easy Clean 1200x900mm Offset Quadrant Shower Enclosure - Matt Black -> shower-enclosure
  ✓ model_7253.glb (178 polys)

[7254] Vantage 2000 6mm Easy Clean 1200x800mm Offset Quadrant Shower Enclosure - Chrome -> shower-enclosure
  ✓ model_7254.glb (178 polys)

[7255] Vantage 2000 6mm Easy Clean 1200x800mm Offset Quadrant Shower Enclosure - Matt Black -> shower-enclosure
  ✓ model_7255.glb (178 polys)

[7256] Vantage 2000 6mm Easy Clean 900x800mm Offset Quadrant Shower Enclosure - Matt Black -> shower-enclosure
  ✓ model_7256.glb (178 polys)

[7257] Vantage 2000 6mm Easy Clean 900x760mm Offset Quadrant Shower Enclosure - Matt Black -> shower-enclosure
  ✓ model_7257.glb (178 polys)

[7258] Vantage 2000 6mm Easy Clean 2000mm x 1000mm Bi-Fold Shower Door - Matt Black -> shower-enclosure
  ✓ model_7258.glb (178 polys)

[7259] Vantage 2000 8mm Easy Clean 2000mm x 500mm Walk-In Shower Panel - Matt Black -> shower-enclosure
  ✓ model_7259.glb (178 polys)

[7260] Vantage 2000 8mm Easy Clean 2000mm x 1400mm Walk-In Shower Panel - Chrome -> shower-enclosure
  ✓ model_7260.glb (178 polys)

[7261] Vantage 2000 8mm Easy Clean 2000mm x 1200mm Walk-In Shower Panel - Chrome -> shower-enclosure
  ✓ model_7261.glb (178 polys)

[7262] Vantage 2000 8mm Easy Clean 2000mm x 760mm Walk-In Shower Panel - Chrome -> shower-enclosure
  ✓ model_7262.glb (178 polys)

[7263] Vantage 2000 8mm Easy Clean 2000mm x 500mm Walk-In Shower Panel - Chrome -> shower-enclosure
  ✓ model_7263.glb (178 polys)

[7264] Vantage 2000 8mm Easy Clean 2000mm x 300mm Walk-In Shower Panel - Chrome -> shower-enclosure
  ✓ model_7264.glb (178 polys)

[7265] Vantage 2000 6mm Easy Clean 2000mm x 1200mm Walk-In Shower Panel - Chrome -> shower-enclosure
  ✓ model_7265.glb (178 polys)

[7266] Vantage 2000 6mm Easy Clean 2000mm x 1000mm Walk-In Shower Panel - Chrome -> shower-enclosure
  ✓ model_7266.glb (178 polys)

[7267] Vantage 2000 6mm Easy Clean 2000mm x 900mm Walk-In Shower Panel - Chrome -> shower-enclosure
  ✓ model_7267.glb (178 polys)

[7268] Vantage 2000 6mm Easy Clean 2000mm x 800mm Walk-In Shower Panel - Chrome -> shower-enclosure
  ✓ model_7268.glb (178 polys)

[7269] Vantage 2000 6mm Easy Clean 2000mm x 760mm Walk-In Shower Panel - Chrome -> shower-enclosure
  ✓ model_7269.glb (178 polys)

[7270] Vantage 2000 6mm Easy Clean 2000mm x 700mm Walk-In Shower Panel - Chrome -> shower-enclosure
  ✓ model_7270.glb (178 polys)

[7271] Vantage 2000 6mm Easy Clean 2000mm x 500mm Walk-In Shower Panel - Chrome -> shower-enclosure
  ✓ model_7271.glb (178 polys)

[7272] Vantage 2000 6mm Easy Clean 2000mm x 300mm Walk-In Shower Panel - Chrome -> shower-enclosure
  ✓ model_7272.glb (178 polys)

[7273] Vantage 2000 6mm Easy Clean 2000mm x 1000mm Bi-Fold Shower Door - Brushed Brass -> shower-enclosure
  ✓ model_7273.glb (178 polys)

[7274] Vantage 2000 6mm Easy Clean 2000mm x 800mm Bi-Fold Shower Door - Brushed Brass -> shower-enclosure
  ✓ model_7274.glb (178 polys)

[7275] Vantage 2000 6mm Easy Clean 2000mm x 760mm Bi-Fold Shower Door - Brushed Brass -> shower-enclosure
  ✓ model_7275.glb (178 polys)

[7276] Vantage 2000 6mm Easy Clean 2000mm x 700mm Bi-Fold Shower Door - Brushed Brass -> shower-enclosure
  ✓ model_7276.glb (178 polys)

[7277] Vantage 2000 6mm Easy Clean 2000mm x 1000mm Pivot Shower Door - Brushed Brass -> shower-enclosure
  ✓ model_7277.glb (178 polys)

[7278] Vantage 2000 6mm Easy Clean 2000mm x 900mm Pivot Shower Door - Brushed Brass -> shower-enclosure
  ✓ model_7278.glb (178 polys)

[7279] Vantage 2000 6mm Easy Clean 2000mm x 760mm Pivot Shower Door - Brushed Brass -> shower-enclosure
  ✓ model_7279.glb (178 polys)

[7280] Vantage 2000 6mm Easy Clean 2000mm x 700mm Pivot Shower Door - Brushed Brass -> shower-enclosure
  ✓ model_7280.glb (178 polys)

[7281] Vantage 2000 Easy Clean 2000mm x 1700mm Slider Shower Door - Brushed Brass -> shower-enclosure
  ✓ model_7281.glb (178 polys)

[7306] Vanguard 10mm 2000mm x 1000mm Slider Shower Door - Chrome -> shower-enclosure
  ✓ model_7306.glb (178 polys)

[7282] Vantage 2000 Easy Clean 2000mm x 1650mm Slider Shower Door - Brushed Brass -> shower-enclosure
  ✓ model_7282.glb (178 polys)

[7283] Vantage 2000 Easy Clean 2000mm x 1600mm Slider Shower Door - Brushed Brass -> shower-enclosure
  ✓ model_7283.glb (178 polys)

[7284] Vantage 2000 Easy Clean 2000mm x 1400mm Slider Shower Door - Brushed Brass -> shower-enclosure
  ✓ model_7284.glb (178 polys)

[7285] Vantage 2000 Easy Clean 2000mm x 1200mm Slider Shower Door - Brushed Brass -> shower-enclosure
  ✓ model_7285.glb (178 polys)

[7286] Wingrave 1600 x 400 Straight Multirail Matt Anthracite -> towel-rail
  ✓ model_7286.glb (408 polys)

[7287] Wingrave 1200 x 400 Straight Multirail Matt Anthracite -> towel-rail
  ✓ model_7287.glb (408 polys)

[7288] Wingrave 1000 x 400 Straight Multirail Matt Anthracite -> towel-rail
  ✓ model_7288.glb (408 polys)

[7289] Wingrave 1800 x 500 Straight Multirail Matt White -> towel-rail
  ✓ model_7289.glb (408 polys)

[7290] Wingrave 1800 x 400 Straight Multirail Matt White -> towel-rail
  ✓ model_7290.glb (408 polys)

[7291] Wingrave 1600 x 400 Straight Multirail Matt White -> towel-rail
  ✓ model_7291.glb (408 polys)

[7292] Wingrave 1200 x 400 Straight Multirail Matt White -> towel-rail
  ✓ model_7292.glb (408 polys)

[7293] Vantage 2000 6mm Easy Clean 900x800mm Offset Quadrant Shower Enclosure - Brushed Brass -> shower-enclosure
  ✓ model_7293.glb (178 polys)

[7318] Vanguard 10mm 1200x900mm Right Hand Offset Quadrant Shower Enclosure - Chrome -> shower-enclosure
  ✓ model_7318.glb (178 polys)

[7294] Vantage 2000 6mm Easy Clean 900x760mm Offset Quadrant Shower Enclosure - Brushed Brass -> shower-enclosure
  ✓ model_7294.glb (178 polys)

[7295] Vantage 2000 Easy Clean 2000mm x 1100mm Slider Shower Door - Brushed Brass -> shower-enclosure
  ✓ model_7295.glb (178 polys)

[7296] Vanguard 10mm 2000mm x 1700mm Slider Shower Door - Chrome -> shower-enclosure
  ✓ model_7296.glb (178 polys)

[7297] Vantage 2000 Easy Clean 2000mm x 1000mm Slider Shower Door - Brushed Brass -> shower-enclosure
  ✓ model_7297.glb (178 polys)

[7298] Vanguard 10mm 2000mm x 1600mm Slider Shower Door - Chrome -> shower-enclosure
  ✓ model_7298.glb (178 polys)

[7299] Vantage 2000 8mm Easy Clean 2000mm x 760mm Walk-In Shower Panel - Matt Black -> shower-enclosure
  ✓ model_7299.glb (178 polys)

[7300] Vanguard 10mm 2000mm x 1400mm Slider Shower Door - Chrome -> shower-enclosure
  ✓ model_7300.glb (178 polys)

[7301] Vantage 2000 8mm Easy Clean 2000mm x 700mm Walk-In Shower Panel - Matt Black -> shower-enclosure
  ✓ model_7301.glb (178 polys)

[7302] Vanguard 10mm 2000mm x 1200mm Slider Shower Door - Chrome -> shower-enclosure
  ✓ model_7302.glb (178 polys)

[7303] Wingrave 1000 x 600 Straight Multirail Matt Anthracite -> towel-rail
  ✓ model_7303.glb (408 polys)

[7304] Vantage 2000 8mm Easy Clean 2000mm x 1600mm Walk-In Panel - Matt Black -> shower-enclosure
  ✓ model_7304.glb (178 polys)

[7305] Vanguard 10mm 2000mm x 1100mm Slider Shower Door - Chrome -> shower-enclosure
  ✓ model_7305.glb (178 polys)

[7468] Wingrave Flat Panel Towel Hanger 310mm Gloss White -> shelf
  ✓ model_7468.glb (18 polys)

[7307] Vantage 2000 6mm Easy Clean 1400x800mm Offset Quadrant Shower Enclosure - Brushed Brass -> shower-enclosure
  ✓ model_7307.glb (178 polys)

[7308] Vantage 2000 6mm Easy Clean 1400x760mm Offset Quadrant Shower Enclosure - Brushed Brass -> shower-enclosure
  ✓ model_7308.glb (178 polys)

[7309] Vantage 2000 6mm Easy Clean 1300x800mm Offset Quadrant Shower Enclosure - Brushed Brass -> shower-enclosure
  ✓ model_7309.glb (178 polys)

[7310] Vantage 2000 6mm Easy Clean 1300x760mm Offset Quadrant Shower Enclosure - Brushed Brass -> shower-enclosure
  ✓ model_7310.glb (178 polys)

[7311] Vantage 2000 6mm Easy Clean 1200x900mm Offset Quadrant Shower Enclosure - Brushed Brass -> shower-enclosure
  ✓ model_7311.glb (178 polys)

[7312] Vantage 2000 6mm Easy Clean 1200x800mm Offset Quadrant Shower Enclosure - Brushed Brass -> shower-enclosure
  ✓ model_7312.glb (178 polys)

[7313] Vantage 2000 6mm Easy Clean 1200x760mm Offset Quadrant Shower Enclosure - Brushed Brass -> shower-enclosure
  ✓ model_7313.glb (178 polys)

[7314] Wingrave 800 x 500 Straight Multirail Matt Anthracite -> towel-rail
  ✓ model_7314.glb (408 polys)

[7315] Vantage 2000 6mm Easy Clean 1100x900mm Offset Quadrant Shower Enclosure - Brushed Brass -> shower-enclosure
  ✓ model_7315.glb (178 polys)

[7316] Wingrave 1800 x 400 Straight Multirail Matt Anthracite -> towel-rail
  ✓ model_7316.glb (408 polys)

[7317] Vantage 2000 6mm Easy Clean 1100x800mm Offset Quadrant Shower Enclosure - Brushed Brass -> shower-enclosure
  ✓ model_7317.glb (178 polys)

[7319] Vantage 2000 8mm Easy Clean 2000mm x 1400mm Framed Walk-In Shower Panel - Matt Black -> shower-enclosure
  ✓ model_7319.glb (178 polys)

[7320] Vanguard 10mm 1200x900mm Left Hand Offset Quadrant Shower Enclosure - Chrome -> shower-enclosure
  ✓ model_7320.glb (178 polys)

[7321] Vantage 2000 6mm Easy Clean 1000x900mm Offset Quadrant Shower Enclosure - Brushed Brass -> shower-enclosure
  ✓ model_7321.glb (178 polys)

[7322] Vantage 2000 8mm Easy Clean 2000mm x 1200mm Framed Walk-In Shower Panel - Matt Black -> shower-enclosure
  ✓ model_7322.glb (178 polys)

[7323] Vanguard 10mm 1200x800mm Right Hand Offset Quadrant Shower Enclosure - Chrome -> shower-enclosure
  ✓ model_7323.glb (178 polys)

[7324] Vantage 2000 6mm Easy Clean 1000x800mm Offset Quadrant Shower Enclosure - Brushed Brass -> shower-enclosure
  ✓ model_7324.glb (178 polys)

[7325] Vantage 2000 8mm Easy Clean 2000mm x 1100mm Framed Walk-In Shower Panel - Matt Black -> shower-enclosure
  ✓ model_7325.glb (178 polys)

[7326] Vantage 2000 6mm Easy Clean 1000x760mm Offset Quadrant Shower Enclosure - Brushed Brass -> shower-enclosure
  ✓ model_7326.glb (178 polys)

[7327] Vantage 2000 8mm Easy Clean 2000mm x 800mm Framed Walk-In Shower Panel - Matt Black -> shower-enclosure
  ✓ model_7327.glb (178 polys)

[7328] Vantage 2000 8mm Easy Clean 2000mm x 760mm Framed Walk-In Shower Panel - Matt Black -> shower-enclosure
  ✓ model_7328.glb (178 polys)

[7329] Vantage 2000 8mm Easy Clean 2000mm x 500mm Framed Walk-In Shower Panel - Matt Black -> shower-enclosure
  ✓ model_7329.glb (178 polys)

[7330] Vantage 2000 8mm Easy Clean 2000mm x 1400mm Walk-In Shower Panel - Matt Black -> shower-enclosure
  ✓ model_7330.glb (178 polys)

[7331] Vantage 2000 8mm Easy Clean 2000mm x 1200mm Walk-In Shower Panel - Matt Black Profiles -> shower-enclosure
  ✓ model_7331.glb (178 polys)

[7332] Vantage 2000 8mm Easy Clean 2000mm x 1100mm Walk-In Shower Panel - Matt Black -> shower-enclosure
  ✓ model_7332.glb (178 polys)

[7333] Vantage 2000 8mm Easy Clean 2000mm x 900mm Walk-In Shower Panel - Matt Black -> shower-enclosure
  ✓ model_7333.glb (178 polys)

[7334] Vanguard 10mm 1200x800mm Left Hand Offset Quadrant Shower Enclosure - Chrome -> shower-enclosure
  ✓ model_7334.glb (178 polys)

[7335] Vanguard 10mm 1000x800mm Right Hand Offset Quadrant Shower Enclosure - Chrome -> shower-enclosure
  ✓ model_7335.glb (178 polys)

[7336] Wingrave 1600 x 300 Straight Multirail Matt Black -> towel-rail
  ✓ model_7336.glb (408 polys)

[7337] Wingrave 1400 x 300 Straight Multirail Matt Black -> towel-rail
  ✓ model_7337.glb (408 polys)

[7338] Wingrave 600 x 500 Straight Multirail Matt White -> towel-rail
  ✓ model_7338.glb (408 polys)

[7339] Wingrave 1200 x 300 Straight Multirail Matt Black -> towel-rail
  ✓ model_7339.glb (408 polys)

[7340] Wingrave 1000 x 300 Straight Multirail Matt Black -> towel-rail
  ✓ model_7340.glb (408 polys)

[7341] Wingrave Curved Multirail 1000 x 500 Gloss White -> towel-rail
  ✓ model_7341.glb (408 polys)

[7342] Wingrave 800 x 300 Straight Multirail Matt Black -> towel-rail
  ✓ model_7342.glb (408 polys)

[7343] Wingrave Curved Multirail 1000 x 400 Gloss White -> towel-rail
  ✓ model_7343.glb (408 polys)

[7344] Wingrave 600 x 300 Straight Multirail Matt White -> towel-rail
  ✓ model_7344.glb (408 polys)

[7345] Wingrave 600 x 600 Straight Multirail Matt Black -> towel-rail
  ✓ model_7345.glb (408 polys)

[7346] Wingrave Curved Multirail 800 x 500 Gloss White -> towel-rail
  ✓ model_7346.glb (408 polys)

[7347] Wingrave 600 x 400 Straight Multirail Matt Black -> towel-rail
  ✓ model_7347.glb (408 polys)

[7348] Wingrave Curved Multirail 800 x 400 Gloss White -> towel-rail
  ✓ model_7348.glb (408 polys)

[7349] Wingrave 1600 x 300 Straight Multirail Gloss White -> towel-rail
  ✓ model_7349.glb (408 polys)

[7350] Wingrave 600 x 300 Straight Multirail Matt Black -> towel-rail
  ✓ model_7350.glb (408 polys)

[7351] Wingrave 1800 x 300 Straight Multirail Chrome -> towel-rail
  ✓ model_7351.glb (408 polys)

[7352] Wingrave 1800 x 300 Straight Multirail Matt Anthracite -> towel-rail
  ✓ model_7352.glb (408 polys)

[7353] Wingrave 1400 x 300 Straight Multirail Gloss White -> towel-rail
  ✓ model_7353.glb (408 polys)

[7354] Wingrave 1600 x 300 Straight Multirail Chrome -> towel-rail
  ✓ model_7354.glb (408 polys)

[7355] Wingrave 1200 x 300 Straight Multirail Gloss White -> towel-rail
  ✓ model_7355.glb (408 polys)

[7356] Wingrave 1400 x 300 Straight Multirail Matt Anthracite -> towel-rail
  ✓ model_7356.glb (408 polys)

[7357] Wingrave 1200 x 300 Straight Multirail Matt Anthracite -> towel-rail
  ✓ model_7357.glb (408 polys)

[7358] Wingrave 1000 x 300 Straight Multirail Chrome -> towel-rail
  ✓ model_7358.glb (408 polys)

[7359] Wingrave 1000 x 300 Straight Multirail Matt Anthracite -> towel-rail
  ✓ model_7359.glb (408 polys)

[7360] Wingrave 800 x 300 Straight Multirail Matt Anthracite -> towel-rail
  ✓ model_7360.glb (408 polys)

[7361] Wingrave 600 x 600 Straight Multirail Chrome -> towel-rail
  ✓ model_7361.glb (408 polys)

[7362] Wingrave 600 x 500 Straight Multirail Matt Anthracite -> towel-rail
  ✓ model_7362.glb (408 polys)

[7363] Wingrave 600 x 500 Straight Multirail Chrome -> towel-rail
  ✓ model_7363.glb (408 polys)

[7364] Wingrave 600 x 300 Straight Multirail Matt Anthracite -> towel-rail
  ✓ model_7364.glb (408 polys)

[7365] Wingrave 1600 x 300 Straight Multirail Matt White -> towel-rail
  ✓ model_7365.glb (408 polys)

[7366] Wingrave 600 x 300 Straight Multirail Chrome -> towel-rail
  ✓ model_7366.glb (408 polys)

[7367] Wingrave 1400 x 300 Straight Multirail Matt White -> towel-rail
  ✓ model_7367.glb (408 polys)

[7368] Wingrave 1800 x 300 Straight Multirail Matt Black -> towel-rail
  ✓ model_7368.glb (408 polys)

[7369] Wingrave 1000 x 300 Straight Multirail Matt White -> towel-rail
  ✓ model_7369.glb (408 polys)

[7370] Wingrave 800 x 300 Straight Multirail Matt White -> towel-rail
  ✓ model_7370.glb (408 polys)

[7371] Wingrave 1200 x 410 Flat Panel Radiator Gloss White -> radiator
  ✓ model_7371.glb (286 polys)

[7372] Wingrave 1200 x 310 Flat Panel Radiator Gloss White -> radiator
  ✓ model_7372.glb (286 polys)

[7373] Wingrave 1800 x 610 Flat Panel Radiator Gloss White -> radiator
  ✓ model_7373.glb (286 polys)

[7374] Wingrave 1800 x 510 Flat Panel Radiator Gloss White -> radiator
  ✓ model_7374.glb (286 polys)

[7375] Wingrave 1800 x 410 Flat Panel Radiator Gloss White -> radiator
  ✓ model_7375.glb (286 polys)

[7376] Wingrave 1800 x 310 Flat Panel Radiator Gloss White -> radiator
  ✓ model_7376.glb (286 polys)

[7377] Wingrave 1200 x 500 Straight Multirail Matt Cobalt Blue -> towel-rail
  ✓ model_7377.glb (408 polys)

[7378] Wingrave 1200 x 610 Flat Panel Radiator Matt Black -> radiator
  ✓ model_7378.glb (286 polys)

[7379] Wingrave 1200 x 510 Flat Panel Radiator Matt Black -> radiator
  ✓ model_7379.glb (286 polys)

[7380] Wingrave 1200 x 410 Flat Panel Radiator Matt Black -> radiator
  ✓ model_7380.glb (286 polys)

[7381] Wingrave 1200 x 310 Flat Panel Radiator Matt Black -> radiator
  ✓ model_7381.glb (286 polys)

[7382] Wingrave 1800 x 610 Flat Panel Radiator Matt Black -> radiator
  ✓ model_7382.glb (286 polys)

[7383] Wingrave 1800 x 510 Flat Panel Radiator Matt Black -> radiator
  ✓ model_7383.glb (286 polys)

[7384] Wingrave 1800 x 410 Flat Panel Radiator Matt Black -> radiator
  ✓ model_7384.glb (286 polys)

[7385] Wingrave 1800 x 310 Flat Panel Radiator Matt Black -> radiator
  ✓ model_7385.glb (286 polys)

[7386] Wingrave 1200 x 610 Flat Panel Radiator Matt Anthracite -> radiator
  ✓ model_7386.glb (286 polys)

[7387] Wingrave 1200 x 510 Flat Panel Radiator Matt Anthracite -> radiator
  ✓ model_7387.glb (286 polys)

[7388] Wingrave 1200 x 410 Flat Panel Radiator Matt Anthracite -> radiator
  ✓ model_7388.glb (286 polys)

[7389] Wingrave 1200 x 310 Flat Panel Radiator Matt Anthracite -> radiator
  ✓ model_7389.glb (286 polys)

[7390] Wingrave 1800 x 610 Flat Panel Radiator Matt Anthracite -> radiator
  ✓ model_7390.glb (286 polys)

[7391] Wingrave 1800 x 510 Flat Panel Radiator Matt Anthracite -> radiator
  ✓ model_7391.glb (286 polys)

[7392] Wingrave 1800 x 410 Flat Panel Radiator Matt Anthracite -> radiator
  ✓ model_7392.glb (286 polys)

[7393] Wingrave 600 x 600 Straight Multirail Gloss White -> towel-rail
  ✓ model_7393.glb (408 polys)

[7394] Wingrave 600 x 500 Straight Multirail Gloss White -> towel-rail
  ✓ model_7394.glb (408 polys)

[7395] Wingrave 600 x 400 Straight Multirail Gloss White -> towel-rail
  ✓ model_7395.glb (408 polys)

[7396] Wingrave Curved Multirail 800 x 400 Chrome -> towel-rail
  ✓ model_7396.glb (408 polys)

[7397] Wingrave 1800 x 600 Straight Multirail Matt Black -> towel-rail
  ✓ model_7397.glb (408 polys)

[7398] Wingrave 1400 x 600 Straight Multirail Matt Anthracite -> towel-rail
  ✓ model_7398.glb (408 polys)

[7399] Wingrave 1400 x 400 Straight Multirail Matt Anthracite -> towel-rail
  ✓ model_7399.glb (408 polys)

[7400] Wingrave 1600 x 400 Straight Multirail Matt Black -> towel-rail
  ✓ model_7400.glb (408 polys)

[7401] Wingrave Curved Multirail 1800 x 600 Chrome -> towel-rail
  ✓ model_7401.glb (408 polys)

[7402] Wingrave 1400 x 600 Straight Multirail Matt Black -> towel-rail
  ✓ model_7402.glb (408 polys)

[7403] Wingrave Curved Multirail 1800 x 500 Chrome -> towel-rail
  ✓ model_7403.glb (408 polys)

[7404] Wingrave 1400 x 500 Straight Multirail Matt Black -> towel-rail
  ✓ model_7404.glb (408 polys)

[7405] Wingrave Curved Multirail 1800 x 400 Chrome -> towel-rail
  ✓ model_7405.glb (408 polys)

[7406] Wingrave Curved Multirail 1600 x 600 Chrome -> towel-rail
  ✓ model_7406.glb (408 polys)

[7407] Wingrave Curved Multirail 1600 x 400 Chrome -> towel-rail
  ✓ model_7407.glb (408 polys)

[7408] Wingrave 1800 x 310 Flat Panel Radiator Matt Anthracite -> radiator
  ✓ model_7408.glb (286 polys)

[7409] Wingrave 1600 x 600 Straight Multirail Matt Grey -> towel-rail
  ✓ model_7409.glb (408 polys)

[7410] Wingrave 1600 x 500 Straight Multirail Matt Grey -> towel-rail
  ✓ model_7410.glb (408 polys)

[7411] Wingrave 1200 x 510 Flat Panel Radiator Gloss White -> radiator
  ✓ model_7411.glb (286 polys)

[7412] Wingrave 1600 x 400 Straight Multirail Matt Grey -> towel-rail
  ✓ model_7412.glb (408 polys)

[7413] Wingrave 1600 x 300 Straight Multirail Matt Grey -> towel-rail
  ✓ model_7413.glb (408 polys)

[7414] Wingrave 1400 x 500 Straight Multirail Matt Grey -> towel-rail
  ✓ model_7414.glb (408 polys)

[7415] Wingrave 1400 x 400 Straight Multirail Matt Grey -> towel-rail
  ✓ model_7415.glb (408 polys)

[7416] Wingrave 1400 x 300 Straight Multirail Matt Grey -> towel-rail
  ✓ model_7416.glb (408 polys)

[7417] Wingrave 600 x 1200 Straight Multirail Chrome -> towel-rail
  ✓ model_7417.glb (408 polys)

[7418] Wingrave 600 x 1200 Straight Multirail Matt Black -> towel-rail
  ✓ model_7418.glb (408 polys)

[7419] Wingrave 600 x 1000 Straight Multirail Matt Black -> towel-rail
  ✓ model_7419.glb (408 polys)

[7420] Wingrave 600 x 1200 Straight Multirail Matt Anthracite -> towel-rail
  ✓ model_7420.glb (408 polys)

[7421] Wingrave 600 x 1200 Straight Multirail Matt Grey -> towel-rail
  ✓ model_7421.glb (408 polys)

[7422] Wingrave 600 x 1000 Straight Multirail Matt Grey -> towel-rail
  ✓ model_7422.glb (408 polys)

[7423] Wingrave 1000 x 400 Straight Multirail Matt Black -> towel-rail
  ✓ model_7423.glb (408 polys)

[7424] Wingrave 600 x 1000 Straight Multirail Matt White -> towel-rail
  ✓ model_7424.glb (408 polys)

[7425] Wingrave 600 x 1000 Straight Multirail Gloss White -> towel-rail
  ✓ model_7425.glb (408 polys)

[7426] Wingrave 1800 x 600 Straight Multirail Matt Grey -> towel-rail
  ✓ model_7426.glb (408 polys)

[7427] Wingrave 1800 x 500 Straight Multirail Matt Grey -> towel-rail
  ✓ model_7427.glb (408 polys)

[7428] Wingrave Curved Multirail 1200 x 600 Chrome -> towel-rail
  ✓ model_7428.glb (408 polys)

[7429] Wingrave Curved Multirail 1200 x 500 Chrome -> towel-rail
  ✓ model_7429.glb (408 polys)

[7430] Wingrave 1800 x 300 Straight Multirail Matt Grey -> towel-rail
  ✓ model_7430.glb (408 polys)

[7431] Wingrave Curved Multirail 1200 x 400 Chrome -> towel-rail
  ✓ model_7431.glb (408 polys)

[7432] Wingrave Curved Multirail 1000 x 600 Chrome -> towel-rail
  ✓ model_7432.glb (408 polys)

[7433] Wingrave Curved Multirail 1000 x 500 Chrome -> towel-rail
  ✓ model_7433.glb (408 polys)

[7434] Wingrave 1400 x 600 Straight Multirail Gloss White -> towel-rail
  ✓ model_7434.glb (408 polys)

[7435] Wingrave Curved Multirail 1000 x 400 Chrome -> towel-rail
  ✓ model_7435.glb (408 polys)

[7436] Wingrave Curved Multirail 800 x 500 Chrome -> towel-rail
  ✓ model_7436.glb (408 polys)

[7437] Wingrave Curved Multirail 1800 x 400 Gloss White -> towel-rail
  ✓ model_7437.glb (408 polys)

[7438] Wingrave Curved Multirail 1600 x 500 Gloss White -> towel-rail
  ✓ model_7438.glb (408 polys)

[7439] Wingrave Curved Multirail 1600 x 400 Gloss White -> towel-rail
  ✓ model_7439.glb (408 polys)

[7440] Wingrave Curved Multirail 1200 x 500 Gloss White -> towel-rail
  ✓ model_7440.glb (408 polys)

[7469] Wingrave Flat Panel Towel Hanger 610mm Chrome -> shelf
  ✓ model_7469.glb (18 polys)

[7441] Wingrave Curved Multirail 1200 x 400 Gloss White -> towel-rail
  ✓ model_7441.glb (408 polys)

[7442] Wingrave 1200 x 500 Straight Multirail Matt Grey -> towel-rail
  ✓ model_7442.glb (408 polys)

[7443] Wingrave 1200 x 400 Straight Multirail Matt Grey -> towel-rail
  ✓ model_7443.glb (408 polys)

[7444] Wingrave 1200 x 300 Straight Multirail Matt Grey -> towel-rail
  ✓ model_7444.glb (408 polys)

[7445] Wingrave 1000 x 600 Straight Multirail Matt Grey -> towel-rail
  ✓ model_7445.glb (408 polys)

[7446] Wingrave 1000 x 400 Straight Multirail Matt Grey -> towel-rail
  ✓ model_7446.glb (408 polys)

[7447] Wingrave 1000 x 300 Straight Multirail Matt Grey -> towel-rail
  ✓ model_7447.glb (408 polys)

[7448] Wingrave 800 x 600 Straight Multirail Matt Grey -> towel-rail
  ✓ model_7448.glb (408 polys)

[7449] Wingrave 800 x 500 Straight Multirail Matt Grey -> towel-rail
  ✓ model_7449.glb (408 polys)

[7450] Wingrave 800 x 400 Straight Multirail Matt Grey -> towel-rail
  ✓ model_7450.glb (408 polys)

[7451] Wingrave 800 x 300 Straight Multirail Matt Grey -> towel-rail
  ✓ model_7451.glb (408 polys)

[7452] Wingrave 600 x 600 Straight Multirail Matt Grey -> towel-rail
  ✓ model_7452.glb (408 polys)

[7453] Wingrave 600 x 500 Straight Multirail Matt Grey -> towel-rail
  ✓ model_7453.glb (408 polys)

[7454] Wingrave 600 x 400 Straight Multirail Matt Grey -> towel-rail
  ✓ model_7454.glb (408 polys)

[7455] Wingrave 600 x 300 Straight Multirail Matt Grey -> towel-rail
  ✓ model_7455.glb (408 polys)

[7456] Wingrave 800 x 600 Straight Multirail Gloss White -> towel-rail
  ✓ model_7456.glb (408 polys)

[7457] Wingrave 800 x 500 Straight Multirail Gloss White -> towel-rail
  ✓ model_7457.glb (408 polys)

[7458] Wingrave 1800 x 600 Straight Multirail Matt Cobalt Blue -> towel-rail
  ✓ model_7458.glb (408 polys)

[7459] Wingrave 1800 x 500 Straight Multirail Matt Cobalt Blue -> towel-rail
  ✓ model_7459.glb (408 polys)

[7460] Wingrave 1600 x 600 Straight Multirail Matt Cobalt Blue -> towel-rail
  ✓ model_7460.glb (408 polys)

[7461] Wingrave 1600 x 500 Straight Multirail Matt Cobalt Blue -> towel-rail
  ✓ model_7461.glb (408 polys)

[7462] Wingrave 1200 x 600 Straight Multirail Matt Cobalt Blue -> towel-rail
  ✓ model_7462.glb (408 polys)

[7463] Volente 6mm Easy Clean 1000x800mm Offset Quadrant Shower Enclosure - Chrome -> shower-enclosure
  ✓ model_7463.glb (178 polys)

[7464] Biscay 1700 x 750 x 440mm Right Hand (RH) Straight Beauforte Shower Bath - White -> bath
  ✓ model_7464.glb (122 polys)

[7465] Wingrave Flat Panel Towel Hanger 610mm Gloss White -> shelf
  ✓ model_7465.glb (18 polys)

[7466] Wingrave Flat Panel Towel Hanger 510mm Gloss White -> shelf
  ✓ model_7466.glb (18 polys)

[7467] Wingrave Flat Panel Towel Hanger 410mm Gloss White -> shelf
  ✓ model_7467.glb (18 polys)

[7473] Wingrave Flat Panel Towel Hanger 610mm Matt Black -> shelf
  ✓ model_7473.glb (18 polys)

[7474] Wingrave Flat Panel Towel Hanger 510mm Matt Black -> shelf
  ✓ model_7474.glb (18 polys)

[7475] Wingrave Flat Panel Towel Hanger 410mm Matt Black -> shelf
  ✓ model_7475.glb (18 polys)

[7476] Wingrave Flat Panel Towel Hanger 310mm Matt Black -> shelf
  ✓ model_7476.glb (18 polys)

[7477] Wingrave Flat Panel Towel Hanger 610mm Matt Anthracite -> shelf
  ✓ model_7477.glb (18 polys)

[7478] Wingrave Flat Panel Towel Hanger 510mm Matt Anthracite -> shelf
  ✓ model_7478.glb (18 polys)

[7479] Wingrave Flat Panel Towel Hanger 410mm Matt Anthracite -> shelf
  ✓ model_7479.glb (18 polys)

[7480] Wingrave Flat Panel Towel Hanger 310mm Matt Anthracite -> shelf
  ✓ model_7480.glb (18 polys)

[7481] Square Towel Hanger 470mm Chrome -> shelf
  ✓ model_7481.glb (18 polys)

[7482] Square Towel Hanger 375mm Chrome -> shelf
  ✓ model_7482.glb (18 polys)

[7483] Square Towel Hanger 565mm Matt Black -> shelf
  ✓ model_7483.glb (18 polys)

[7484] Flat Triple Towel Hanger 470mm Polished Stainless Steel -> shelf
  ✓ model_7484.glb (18 polys)

[7485] Square Towel Hanger 470mm Matt Black -> shelf
  ✓ model_7485.glb (18 polys)

[7486] Flat Triple Towel Hanger 375mm Polished Stainless Steel -> shelf
  ✓ model_7486.glb (18 polys)

[7487] Flat Triple Towel Hanger 280mm Polished Stainless Steel -> shelf
  ✓ model_7487.glb (18 polys)

[7489] Curved Triple Towel Hanger 470mm Brushed Stainless Steel -> shelf
  ✓ model_7489.glb (18 polys)

[7490] Square Towel Hanger 565mm Matt Anthracite -> shelf
  ✓ model_7490.glb (18 polys)

[7491] Curved Triple Towel Hanger 375mm Brushed Stainless Steel -> shelf
  ✓ model_7491.glb (18 polys)

[7492] Square Towel Hanger 470mm Matt Anthracite -> shelf
  ✓ model_7492.glb (18 polys)

[7493] Curved Triple Towel Hanger 280mm Brushed Stainless Steel -> shelf
  ✓ model_7493.glb (18 polys)

[7494] Square Towel Hanger 375mm Matt Anthracite -> shelf
  ✓ model_7494.glb (18 polys)

[7495] Flat Triple Towel Hanger 470mm Brushed Stainless Steel -> shelf
  ✓ model_7495.glb (18 polys)

[7496] Flat Triple Towel Hanger 375mm Brushed Stainless Steel -> shelf
  ✓ model_7496.glb (18 polys)

[7497] Square Towel Hanger 565mm Matt White -> shelf
  ✓ model_7497.glb (18 polys)

[7498] Flat Triple Towel Hanger 280mm Brushed Stainless Steel -> shelf
  ✓ model_7498.glb (18 polys)

[7499] Square Towel Hanger 470mm Matt White -> shelf
  ✓ model_7499.glb (18 polys)

[7500] Tunstall H Towel Hanger 589mm Chrome -> shelf
  ✓ model_7500.glb (18 polys)

[7501] Tunstall H Towel Hanger 589mm Matt Black -> shelf
  ✓ model_7501.glb (18 polys)

[7502] Square Towel Hanger 375mm Matt White -> shelf
  ✓ model_7502.glb (18 polys)

[7503] Tunstall H Towel Hanger 589mm Matt Anthracite -> shelf
  ✓ model_7503.glb (18 polys)

[7510] Tunstall H Towel Hanger 330mm Matt White -> shelf
  ✓ model_7510.glb (18 polys)

[7511] Curved Triple Towel Hanger 565mm Polished Stainless Steel -> shelf
  ✓ model_7511.glb (18 polys)

[7512] Triangle Towel Hanger 565mm Matt White -> shelf
  ✓ model_7512.glb (18 polys)

[7513] Tunstall V Towel Hanger 630mm Matt Black -> shelf
  ✓ model_7513.glb (18 polys)

[7514] Curved Triple Towel Hanger 565mm Brushed Stainless Steel -> shelf
  ✓ model_7514.glb (18 polys)

[7515] Triangle Towel Hanger 470mm Matt White -> shelf
  ✓ model_7515.glb (18 polys)

[7516] Tunstall V Towel Hanger 630mm Matt Anthracite -> shelf
  ✓ model_7516.glb (18 polys)

[7517] Triangle Towel Hanger 375mm Matt White -> shelf
  ✓ model_7517.glb (18 polys)

[7518] Tunstall V Towel Hanger 630mm Matt White -> shelf
  ✓ model_7518.glb (18 polys)

[7519] Flat Triple Towel Hanger 565mm Polished Stainless Steel -> shelf
  ✓ model_7519.glb (18 polys)

[7520] Square Towel Hanger 565mm Chrome -> shelf
  ✓ model_7520.glb (18 polys)

[7521] Flat Triple Towel Hanger 565mm Brushed Stainless Steel -> shelf
  ✓ model_7521.glb (18 polys)

[7522] Multirail Straight Towel Hanger 600mm Matt Black -> towel-rail
  ✓ model_7522.glb (408 polys)

[7523] Multirail Straight Towel Hanger 500mm Matt Black -> towel-rail
  ✓ model_7523.glb (408 polys)

[7524] Multirail Straight Towel Hanger 400mm Matt Black -> towel-rail
  ✓ model_7524.glb (408 polys)

[7525] Curved Triple Towel Hanger 470mm Polished Stainless Steel -> shelf
  ✓ model_7525.glb (18 polys)

[7526] Curved Triple Towel Hanger 375mm Polished Stainless Steel -> shelf
  ✓ model_7526.glb (18 polys)

[7527] Curved Triple Towel Hanger 280mm Polished Stainless Steel -> shelf
  ✓ model_7527.glb (18 polys)

[7528] Tunstall V Towel Hanger 280mm Chrome -> shelf
  ✓ model_7528.glb (18 polys)

[7529] Tunstall V Towel Hanger 280mm Matt Black -> shelf
  ✓ model_7529.glb (18 polys)

Done: 892 generated, 0 failed.
