Found 570 pending; 570 have a generator slot.

[2461] Vanguard 25 Plan E 1800mm x 900mm Rectangular Shower Tray - White -> shower-tray
  ✓ model_2461.glb (138 polys)

[2462] Vanguard 25 Plan E 1700mm x 900mm Rectangular Shower Tray - White -> shower-tray
  ✓ model_2462.glb (138 polys)

[2463] Vanguard 25 Plan E 1700mm x 750mm Rectangular Shower Tray - White -> shower-tray
  ✓ model_2463.glb (138 polys)

[2464] Vanguard 25 Plan B 900mm x 900mm Quadrant Shower Tray - White -> shower-tray
  ✓ model_2464.glb (138 polys)

[2465] Vanguard 25 Plan C 900mm x 900mm Square Shower Tray - White -> shower-tray
  ✓ model_2465.glb (138 polys)

[2466] Vanguard 25 Plan A 800mm x 800mm Quadrant Shower Tray - White -> shower-tray
  ✓ model_2466.glb (138 polys)

[2467] Vanguard 25 Plan C 800mm x 800mm Square Shower Tray - White -> shower-tray
  ✓ model_2467.glb (138 polys)

[2468] Vanguard 25 Plan E 900mm x 700mm Rectangular Shower Tray - White -> shower-tray
  ✓ model_2468.glb (138 polys)

[2469] Vanguard 25 Plan C 700mm x 700mm Square Shower Tray - White -> shower-tray
  ✓ model_2469.glb (138 polys)

[2470] Vanguard 25 Plan D 1100mm x 800mm Rectangular Shower Tray - White -> shower-tray
  ✓ model_2470.glb (138 polys)

[2471] Vanguard 25 Plan D 1000mm x 900mm Rectangular Shower Tray - White -> shower-tray
  ✓ model_2471.glb (138 polys)

[2472] Vanguard 25 Plan D 900mm x 800mm Rectangular Shower Tray - White -> shower-tray
  ✓ model_2472.glb (138 polys)

[2473] Vanguard 25 Plan D 800mm x 760mm Rectangular Shower Tray - White -> shower-tray
  ✓ model_2473.glb (138 polys)

[2474] Vanguard 25 Plan E 1800mm x 800mm Rectangular Shower Tray - White -> shower-tray
  ✓ model_2474.glb (138 polys)

[2475] Vanguard 25 Plan E 1700mm x 800mm Rectangular Shower Tray - White -> shower-tray
  ✓ model_2475.glb (138 polys)

[2476] Vanguard 25 Plan E 1600mm x 900mm Rectangular Shower Tray - White -> shower-tray
  ✓ model_2476.glb (138 polys)

[2477] Vanguard 25 Plan E 1600mm x 800mm Rectangular Shower Tray - White -> shower-tray
  ✓ model_2477.glb (138 polys)

[2478] Vanguard 25 Plan E 1400mm x 900mm Rectangular Shower Tray - White -> shower-tray
  ✓ model_2478.glb (138 polys)

[2479] Vanguard 25 Plan E 1400mm x 800mm Rectangular Shower Tray - White -> shower-tray
  ✓ model_2479.glb (138 polys)

[2480] Vanguard 25 Plan E 1200mm x 900mm Rectangular Shower Tray - White -> shower-tray
  ✓ model_2480.glb (138 polys)

[2481] Vanguard 25 Plan D 1200mm x 800mm Rectangular Shower Tray - White -> shower-tray
  ✓ model_2481.glb (138 polys)

[2482] Vanguard 25 Plan D 1200mm x 700mm Rectangular Shower Tray - White -> shower-tray
  ✓ model_2482.glb (138 polys)

[2483] Vanguard 25 Plan C 1000mm x 1000mm Square Shower Tray - White -> shower-tray
  ✓ model_2483.glb (138 polys)

[2484] Vanguard 25 Plan B 1000mm x 1000mm Quadrant Shower Tray - White -> shower-tray
  ✓ model_2484.glb (138 polys)

[2485] Vanguard 25 Plan D 1000mm x 800mm Rectangular Shower Tray - White -> shower-tray
  ✓ model_2485.glb (138 polys)

[2486] Vanguard 25 Plan D 1000mm x 700mm Rectangular Shower Tray - White -> shower-tray
  ✓ model_2486.glb (138 polys)

[2487] Vanguard 25 Plan E 1700mm x 700mm Rectangular Shower Tray - White -> shower-tray
  ✓ model_2487.glb (138 polys)

[2488] Vanguard 25 Plan E 1600mm x 700mm Rectangular Shower Tray - White -> shower-tray
  ✓ model_2488.glb (138 polys)

[2489] Vanguard 25 Plan E 1500mm x 900mm Rectangular Shower Tray - White -> shower-tray
  ✓ model_2489.glb (138 polys)

[2490] Vanguard 25 Plan E 1500mm x 800mm Rectangular Shower Tray - White -> shower-tray
  ✓ model_2490.glb (138 polys)

[2491] Vanguard 25 Plan E 1400mm x 700mm Rectangular Shower Tray - White -> shower-tray
  ✓ model_2491.glb (138 polys)

[2492] Vanguard 25 Plan E 1300mm x 900mm Rectangular Shower Tray - White -> shower-tray
  ✓ model_2492.glb (138 polys)

[2493] Vanguard 25 Plan E 1300mm x 800mm Rectangular Shower Tray - White -> shower-tray
  ✓ model_2493.glb (138 polys)

[2494] Vanguard 25 Plan D 1200mm x 760mm Rectangular Shower Tray - White -> shower-tray
  ✓ model_2494.glb (138 polys)

[2495] Withington 600 x 470 Aluminium Radiator Matt White -> radiator
  ✓ model_2495.glb (286 polys)

[2496] Charlton 1800 x 565 Aluminium Radiator Matt Black -> radiator
  ✓ model_2496.glb (286 polys)

[2497] Charlton 1800 x 470 Aluminium Radiator Matt Black -> radiator
  ✓ model_2497.glb (286 polys)

[2498] Withington 600 x 280 Aluminium Radiator Matt Anthracite -> radiator
  ✓ model_2498.glb (286 polys)

[2499] Charlton 1800 x 375 Aluminium Radiator Matt Black -> radiator
  ✓ model_2499.glb (286 polys)

[2500] Withington 1800 x 565 Aluminium Radiator Matt White -> radiator
  ✓ model_2500.glb (286 polys)

[2501] Charlton 1800 x 280 Aluminium Radiator Matt Black -> radiator
  ✓ model_2501.glb (286 polys)

[2502] Withington 600 x 280 Aluminium Radiator Matt White -> radiator
  ✓ model_2502.glb (286 polys)

[2503] Charlton 600 x 280 Aluminium Radiator Matt Black -> radiator
  ✓ model_2503.glb (286 polys)

[2504] Withington 600 x 1230 Aluminium Radiator Matt Black -> radiator
  ✓ model_2504.glb (286 polys)

[2505] Charlton 1800 x 565 Aluminium Radiator Matt Anthracite -> radiator
  ✓ model_2505.glb (286 polys)

[2506] Withington 600 x 1040 Aluminium Radiator Matt Black -> radiator
  ✓ model_2506.glb (286 polys)

[2507] Charlton 600 x 280 Aluminium Radiator Matt Anthracite -> radiator
  ✓ model_2507.glb (286 polys)

[2508] Withington 600 x 850 Aluminium Radiator Matt Black -> radiator
  ✓ model_2508.glb (286 polys)

[2509] Withington 600 x 660 Aluminium Radiator Matt Black -> radiator
  ✓ model_2509.glb (286 polys)

[2510] Withington 600 x 470 Aluminium Radiator Matt Black -> radiator
  ✓ model_2510.glb (286 polys)

[2511] Withington 600 x 1230 Aluminium Radiator Matt Anthracite -> radiator
  ✓ model_2511.glb (286 polys)

[2512] Withington 600 x 1040 Aluminium Radiator Matt Anthracite -> radiator
  ✓ model_2512.glb (286 polys)

[2513] Withington 600 x 850 Aluminium Radiator Matt Anthracite -> radiator
  ✓ model_2513.glb (286 polys)

[2514] Withington 600 x 660 Aluminium Radiator Matt Anthracite -> radiator
  ✓ model_2514.glb (286 polys)

[2515] Withington 600 x 470 Aluminium Radiator Matt Anthracite -> radiator
  ✓ model_2515.glb (286 polys)

[2516] Withington 600 x 1230 Aluminium Radiator Matt White -> radiator
  ✓ model_2516.glb (286 polys)

[2517] Withington 600 x 1040 Aluminium Radiator Matt White -> radiator
  ✓ model_2517.glb (286 polys)

[2518] Withington 600 x 850 Aluminium Radiator Matt White -> radiator
  ✓ model_2518.glb (286 polys)

[2519] Withington 600 x 660 Aluminium Radiator Matt White -> radiator
  ✓ model_2519.glb (286 polys)

[2520] Westward 600 x 500 Straight Multirail Chrome -> towel-rail
  ✓ model_2520.glb (408 polys)

[2521] Westward 1800 x 600 Straight Multirail Gloss White -> towel-rail
  ✓ model_2521.glb (408 polys)

[2522] Westward 1800 x 500 Straight Multirail Gloss White -> towel-rail
  ✓ model_2522.glb (408 polys)

[2523] Helmsley 1400 x 600 Towel Rail Matt White -> towel-rail
  ✓ model_2523.glb (408 polys)

[2524] Westward 1800 x 400 Straight Multirail Gloss White -> towel-rail
  ✓ model_2524.glb (408 polys)

[2611] Helmsley 1400 x 500 Towel Rail Matt White -> towel-rail
  ✓ model_2611.glb (408 polys)

[2612] Westward 1200 x 600 Straight Multirail Gloss White -> towel-rail
  ✓ model_2612.glb (408 polys)

[2613] Helmsley 1150 x 600 Towel Rail Matt White -> towel-rail
  ✓ model_2613.glb (408 polys)

[2614] Helmsley 1150 x 500 Towel Rail Matt White -> towel-rail
  ✓ model_2614.glb (408 polys)

[2615] Westward 1200 x 500 Straight Multirail Gloss White -> towel-rail
  ✓ model_2615.glb (408 polys)

[2616] Helmsley 800 x 600 Towel Rail Matt White -> towel-rail
  ✓ model_2616.glb (408 polys)

[2617] Westward 1200 x 400 Straight Multirail Gloss White -> towel-rail
  ✓ model_2617.glb (408 polys)

[2618] Helmsley 800 x 500 Towel Rail Matt White -> towel-rail
  ✓ model_2618.glb (408 polys)

[2619] Westward 800 x 600 Straight Multirail Gloss White -> towel-rail
  ✓ model_2619.glb (408 polys)

[2620] Westward 1800 x 600 Straight Multirail Chrome -> towel-rail
  ✓ model_2620.glb (408 polys)

[2621] Charlton 600 x 660 Aluminium Radiator Matt White -> radiator
  ✓ model_2621.glb (286 polys)

[2622] Westward 1800 x 500 Straight Multirail Chrome -> towel-rail
  ✓ model_2622.glb (408 polys)

[2623] Westward 1800 x 400 Straight Multirail Chrome -> towel-rail
  ✓ model_2623.glb (408 polys)

[2624] Charlton 600 x 470 Aluminium Radiator Matt White -> radiator
  ✓ model_2624.glb (286 polys)

[2625] Westward 1200 x 600 Straight Multirail Chrome -> towel-rail
  ✓ model_2625.glb (408 polys)

[2626] Westward 1200 x 500 Straight Multirail Chrome -> towel-rail
  ✓ model_2626.glb (408 polys)

[2627] Westward 1200 x 400 Straight Multirail Chrome -> towel-rail
  ✓ model_2627.glb (408 polys)

[2628] Westward 800 x 600 Straight Multirail Chrome -> towel-rail
  ✓ model_2628.glb (408 polys)

[2629] Westward 800 x 500 Straight Multirail Chrome -> towel-rail
  ✓ model_2629.glb (408 polys)

[2630] Westward 800 x 400 Straight Multirail Chrome -> towel-rail
  ✓ model_2630.glb (408 polys)

[2631] Westward 600 x 800 Straight Multirail Chrome -> towel-rail
  ✓ model_2631.glb (408 polys)

[2632] Westward 600 x 600 Straight Multirail Chrome -> towel-rail
  ✓ model_2632.glb (408 polys)

[2633] Marlow E-Style 1150 x 600 Towel Rail Chrome -> towel-rail
  ✓ model_2633.glb (408 polys)

[2634] Marlow E-Style 1150 x 500 Towel Rail Chrome -> towel-rail
  ✓ model_2634.glb (408 polys)

[2635] Marlow E-Style 1750 x 500 Towel Rail Matt Anthracite -> towel-rail
  ✓ model_2635.glb (408 polys)

[2636] Marlow E-Style 1150 x 600 Towel Rail Matt Anthracite -> towel-rail
  ✓ model_2636.glb (408 polys)

[2637] Marlow E-Style 850 x 600 Towel Rail Chrome -> towel-rail
  ✓ model_2637.glb (408 polys)

[2638] Marlow E-Style 1150 x 500 Towel Rail Matt Anthracite -> towel-rail
  ✓ model_2638.glb (408 polys)

[2639] Marlow E-Style 850 x 500 Towel Rail Chrome -> towel-rail
  ✓ model_2639.glb (408 polys)

[2640] Marlow E-Style 850 x 600 Towel Rail Matt Anthracite -> towel-rail
  ✓ model_2640.glb (408 polys)

[2641] Marlow E-Style 1750 x 600 Towel Rail Matt Cappuccino -> towel-rail
  ✓ model_2641.glb (408 polys)

[2642] Marlow E-Style 1750 x 500 Towel Rail Matt Cappuccino -> towel-rail
  ✓ model_2642.glb (408 polys)

[2643] Marlow E-Style 850 x 500 Towel Rail Matt Anthracite -> towel-rail
  ✓ model_2643.glb (408 polys)

[2644] Marlow E-Style 1750 x 600 Towel Rail Matt White -> towel-rail
  ✓ model_2644.glb (408 polys)

[2645] Marlow E-Style 1150 x 600 Towel Rail Matt Cappuccino -> towel-rail
  ✓ model_2645.glb (408 polys)

[2646] Marlow E-Style 1750 x 500 Towel Rail Matt White -> towel-rail
  ✓ model_2646.glb (408 polys)

[2647] Marlow E-Style 1150 x 500 Towel Rail Matt Cappuccino -> towel-rail
  ✓ model_2647.glb (408 polys)

[2648] Marlow E-Style 1150 x 600 Towel Rail Matt White -> towel-rail
  ✓ model_2648.glb (408 polys)

[2649] Marlow E-Style 850 x 600 Towel Rail Matt Cappuccino -> towel-rail
  ✓ model_2649.glb (408 polys)

[2650] Withington 600 x 280 Aluminium Radiator Matt Black -> radiator
  ✓ model_2650.glb (286 polys)

[2651] Marlow E-Style 850 x 500 Towel Rail Matt Cappuccino -> towel-rail
  ✓ model_2651.glb (408 polys)

[2652] Marlow E-Style 850 x 600 Towel Rail Matt White -> towel-rail
  ✓ model_2652.glb (408 polys)

[2653] Withington 1800 x 565 Aluminium Radiator Matt Anthracite -> radiator
  ✓ model_2653.glb (286 polys)

[2654] Marlow E-Style 1750 x 600 Towel Rail Matt Grey -> towel-rail
  ✓ model_2654.glb (408 polys)

[2655] Marlow E-Style 850 x 500 Towel Rail Matt White -> towel-rail
  ✓ model_2655.glb (408 polys)

[2656] Deddington 1800 x 600 Towel Rail Chrome -> towel-rail
  ✓ model_2656.glb (408 polys)

[2657] Marlow E-Style 1750 x 500 Towel Rail Matt Grey -> towel-rail
  ✓ model_2657.glb (408 polys)

[2658] Deddington 1800 x 500 Towel Rail Chrome -> towel-rail
  ✓ model_2658.glb (408 polys)

[2659] Marlow E-Style 1150 x 600 Towel Rail Matt Grey -> towel-rail
  ✓ model_2659.glb (408 polys)

[2660] Deddington 1200 x 600 Towel Rail Chrome -> towel-rail
  ✓ model_2660.glb (408 polys)

[2661] Marlow E-Style 1150 x 500 Towel Rail Matt Grey -> towel-rail
  ✓ model_2661.glb (408 polys)

[2662] Malmesbury 1800 x 565 Aluminium Radiator Matt Anthracite -> radiator
  ✓ model_2662.glb (286 polys)

[2663] Deddington 1200 x 500 Towel Rail Chrome -> towel-rail
  ✓ model_2663.glb (408 polys)

[2664] Marlow E-Style 850 x 600 Towel Rail Matt Grey -> towel-rail
  ✓ model_2664.glb (408 polys)

[2665] Berkeley 603 x 1800 Aluminium Radiator Matt White -> radiator
  ✓ model_2665.glb (286 polys)

[2666] Malmesbury 1800 x 565 Aluminium Radiator Matt Cappuccino -> radiator
  ✓ model_2666.glb (286 polys)

[2667] Charlton 1800 x 565 Aluminium Radiator Matt White -> radiator
  ✓ model_2667.glb (286 polys)

[2668] Deddington 800 x 600 Towel Rail Chrome -> towel-rail
  ✓ model_2668.glb (408 polys)

[2669] Marlow E-Style 850 x 500 Towel Rail Matt Grey -> towel-rail
  ✓ model_2669.glb (408 polys)

[2670] Malmesbury 1800 x 565 Aluminium Radiator Matt Grey -> radiator
  ✓ model_2670.glb (286 polys)

[2671] Deddington 800 x 500 Towel Rail Chrome -> towel-rail
  ✓ model_2671.glb (408 polys)

[2672] Berkeley 603 x 1600 Aluminium Radiator Matt White -> radiator
  ✓ model_2672.glb (286 polys)

[2673] Charlton 600 x 280 Aluminium Radiator Matt White -> radiator
  ✓ model_2673.glb (286 polys)

[2674] Marlow E-Style 1750 x 600 Towel Rail Matt Anthracite -> towel-rail
  ✓ model_2674.glb (408 polys)

[2675] Malmesbury 1800 x 565 Aluminium Radiator Matt White -> radiator
  ✓ model_2675.glb (286 polys)

[2676] Berkeley 603 x 1400 Aluminium Radiator Matt White -> radiator
  ✓ model_2676.glb (286 polys)

[2677] Deddington 600 x 1270 Radiator Chrome -> radiator
  ✓ model_2677.glb (286 polys)

[2678] Charlton 600 x 1230 Aluminium Radiator Matt Black -> radiator
  ✓ model_2678.glb (286 polys)

[2679] Fairford 1200 x 565 Aluminium Radiator Matt Anthracite -> radiator
  ✓ model_2679.glb (286 polys)

[2680] Berkeley 603 x 1200 Aluminium Radiator Matt White -> radiator
  ✓ model_2680.glb (286 polys)

[2681] Deddington 600 x 950 Radiator Chrome -> radiator
  ✓ model_2681.glb (286 polys)

[2682] Fairford 1200 x 565 Aluminium Radiator Matt White -> radiator
  ✓ model_2682.glb (286 polys)

[2683] Charlton 600 x 1040 Aluminium Radiator Matt Black -> radiator
  ✓ model_2683.glb (286 polys)

[2684] Berkeley 603 x 1000 Aluminium Radiator Matt White -> radiator
  ✓ model_2684.glb (286 polys)

[2685] Deddington 600 x 790 Radiator Chrome -> radiator
  ✓ model_2685.glb (286 polys)

[2686] Fairford 1800 x 565 Aluminium Radiator Matt Anthracite -> radiator
  ✓ model_2686.glb (286 polys)

[2687] Charlton 600 x 850 Aluminium Radiator Matt Black -> radiator
  ✓ model_2687.glb (286 polys)

[2688] Berkeley 603 x 800 Aluminium Radiator Matt White -> radiator
  ✓ model_2688.glb (286 polys)

[2689] Fairford 1800 x 565 Aluminium Radiator Matt White -> radiator
  ✓ model_2689.glb (286 polys)

[2690] Deddington 600 x 630 Radiator Chrome -> radiator
  ✓ model_2690.glb (286 polys)

[2691] Berkeley 603 x 2000 Aluminium Radiator Matt Anthracite -> radiator
  ✓ model_2691.glb (286 polys)

[2692] Charlton 600 x 660 Aluminium Radiator Matt Black -> radiator
  ✓ model_2692.glb (286 polys)

[2693] Deddington 1800 x 630 Radiator Chrome -> radiator
  ✓ model_2693.glb (286 polys)

[2694] Berkeley 603 x 600 Aluminium Radiator Matt White -> radiator
  ✓ model_2694.glb (286 polys)

[2695] Charlton 600 x 470 Aluminium Radiator Matt Black -> radiator
  ✓ model_2695.glb (286 polys)

[2696] Berkeley 603 x 1800 Aluminium Radiator Matt Anthracite -> radiator
  ✓ model_2696.glb (286 polys)

[2697] Deddington 1800 x 470 Radiator Chrome -> radiator
  ✓ model_2697.glb (286 polys)

[2698] Charlton 600 x 1230 Aluminium Radiator Matt Anthracite -> radiator
  ✓ model_2698.glb (286 polys)

[2699] Helmsley 1640 x 600 Towel Rail Matt Black -> towel-rail
  ✓ model_2699.glb (408 polys)

[2700] Berkeley 603 x 1600 Aluminium Radiator Matt Anthracite -> radiator
  ✓ model_2700.glb (286 polys)

[2701] Deddington 1800 x 310 Radiator Chrome -> radiator
  ✓ model_2701.glb (286 polys)

[2702] Charlton 600 x 1040 Aluminium Radiator Matt Anthracite -> radiator
  ✓ model_2702.glb (286 polys)

[2703] Berkeley 603 x 1400 Aluminium Radiator Matt Anthracite -> radiator
  ✓ model_2703.glb (286 polys)

[2704] Preston 1200 x 185 Aluminium Radiator Matt Black -> radiator
  ✓ model_2704.glb (286 polys)

[2705] Charlton 600 x 850 Aluminium Radiator Matt Anthracite -> radiator
  ✓ model_2705.glb (286 polys)

[2706] Berkeley 603 x 1200 Aluminium Radiator Matt Anthracite -> radiator
  ✓ model_2706.glb (286 polys)

[2707] Helmsley 1400 x 500 Towel Rail Matt Black -> towel-rail
  ✓ model_2707.glb (408 polys)

[2708] Berkeley 603 x 1000 Aluminium Radiator Matt Anthracite -> radiator
  ✓ model_2708.glb (286 polys)

[2709] Charlton 600 x 660 Aluminium Radiator Matt Anthracite -> radiator
  ✓ model_2709.glb (286 polys)

[2710] Helmsley 1150 x 600 Towel Rail Matt Black -> towel-rail
  ✓ model_2710.glb (408 polys)

[2711] Berkeley 603 x 800 Aluminium Radiator Matt Anthracite -> radiator
  ✓ model_2711.glb (286 polys)

[2712] Charlton 600 x 470 Aluminium Radiator Matt Anthracite -> radiator
  ✓ model_2712.glb (286 polys)

[2713] Helmsley 1150 x 500 Towel Rail Matt Black -> towel-rail
  ✓ model_2713.glb (408 polys)

[2714] Berkeley 603 x 600 Aluminium Radiator Matt Anthracite -> radiator
  ✓ model_2714.glb (286 polys)

[2715] Charlton 600 x 1230 Aluminium Radiator Matt White -> radiator
  ✓ model_2715.glb (286 polys)

[2716] Helmsley 800 x 600 Towel Rail Matt Black -> towel-rail
  ✓ model_2716.glb (408 polys)

[2717] Berkeley 603 x 2000 Aluminium Radiator Matt Grey -> radiator
  ✓ model_2717.glb (286 polys)

[2718] Charlton 600 x 1040 Aluminium Radiator Matt White -> radiator
  ✓ model_2718.glb (286 polys)

[2719] Marlow 1750 x 500 Towel Rail Matt Cappuccino -> towel-rail
  ✓ model_2719.glb (408 polys)

[2720] Helmsley 800 x 500 Towel Rail Matt Black -> towel-rail
  ✓ model_2720.glb (408 polys)

[2721] Berkeley 603 x 1800 Aluminium Radiator Matt Grey -> radiator
  ✓ model_2721.glb (286 polys)

[2722] Marlow 1150 x 600 Towel Rail Matt Cappuccino -> towel-rail
  ✓ model_2722.glb (408 polys)

[2723] Helmsley 1640 x 600 Towel Rail Matt Anthracite -> towel-rail
  ✓ model_2723.glb (408 polys)

[2724] Charlton 600 x 850 Aluminium Radiator Matt White -> radiator
  ✓ model_2724.glb (286 polys)

[2725] Berkeley 603 x 1600 Aluminium Radiator Matt Grey -> radiator
  ✓ model_2725.glb (286 polys)

[2726] Marlow 1150 x 500 Towel Rail Matt Cappuccino -> towel-rail
  ✓ model_2726.glb (408 polys)

[2727] Helmsley 1640 x 500 Towel Rail Matt Anthracite -> towel-rail
  ✓ model_2727.glb (408 polys)

[2728] Berkeley 603 x 1400 Aluminium Radiator Matt Grey -> radiator
  ✓ model_2728.glb (286 polys)

[2729] Marlow 850 x 600 Towel Rail Matt Cappuccino -> towel-rail
  ✓ model_2729.glb (408 polys)

[2730] Helmsley 1400 x 600 Towel Rail Matt Anthracite -> towel-rail
  ✓ model_2730.glb (408 polys)

[2731] Helmsley 1400 x 500 Towel Rail Matt Anthracite -> towel-rail
  ✓ model_2731.glb (408 polys)

[2732] Berkeley 603 x 1200 Aluminium Radiator Matt Grey -> radiator
  ✓ model_2732.glb (286 polys)

[2733] Marlow 850 x 500 Towel Rail Matt Cappuccino -> towel-rail
  ✓ model_2733.glb (408 polys)

[2734] Helmsley 1150 x 600 Towel Rail Matt Anthracite -> towel-rail
  ✓ model_2734.glb (408 polys)

[2735] Berkeley 603 x 1000 Aluminium Radiator Matt Grey -> radiator
  ✓ model_2735.glb (286 polys)

[2736] Marlow 1750 x 600 Towel Rail Matt Grey -> towel-rail
  ✓ model_2736.glb (408 polys)

[2737] Hurley 1200 x 600 Towel Rail Matt Anthracite -> towel-rail
  ✓ model_2737.glb (408 polys)

[2738] Berkeley 603 x 800 Aluminium Radiator Matt Grey -> radiator
  ✓ model_2738.glb (286 polys)

[2739] Helmsley 1150 x 500 Towel Rail Matt Anthracite -> towel-rail
  ✓ model_2739.glb (408 polys)

[2740] Marlow 1750 x 500 Towel Rail Matt Grey -> towel-rail
  ✓ model_2740.glb (408 polys)

[2741] Hurley 1200 x 500 Towel Rail Matt Anthracite -> towel-rail
  ✓ model_2741.glb (408 polys)

[2742] Berkeley 603 x 600 Aluminium Radiator Matt Grey -> radiator
  ✓ model_2742.glb (286 polys)

[2743] Helmsley 800 x 600 Towel Rail Matt Anthracite -> towel-rail
  ✓ model_2743.glb (408 polys)

[2744] Marlow 1150 x 600 Towel Rail Matt Grey -> towel-rail
  ✓ model_2744.glb (408 polys)

[2745] Hurley 800 x 600 Towel Rail Matt Anthracite -> towel-rail
  ✓ model_2745.glb (408 polys)

[2746] Berkeley 603 x 2000 Aluminium Radiator Matt White -> radiator
  ✓ model_2746.glb (286 polys)

[2747] Helmsley 800 x 500 Towel Rail Matt Anthracite -> towel-rail
  ✓ model_2747.glb (408 polys)

[2748] Hurley 800 x 500 Towel Rail Matt Anthracite -> towel-rail
  ✓ model_2748.glb (408 polys)

[2749] Helmsley 1640 x 600 Towel Rail Matt Grey -> towel-rail
  ✓ model_2749.glb (408 polys)

[2750] Hurley 1800 x 600 Towel Rail Matt White -> towel-rail
  ✓ model_2750.glb (408 polys)

[2751] Hurley 800 x 600 Towel Rail Chrome -> towel-rail
  ✓ model_2751.glb (408 polys)

[2752] Hurley 1800 x 500 Towel Rail Matt White -> towel-rail
  ✓ model_2752.glb (408 polys)

[2753] Helmsley 1640 x 500 Towel Rail Matt Grey -> towel-rail
  ✓ model_2753.glb (408 polys)

[2754] Hurley 800 x 500 Towel Rail Chrome -> towel-rail
  ✓ model_2754.glb (408 polys)

[2755] Hurley 1200 x 600 Towel Rail Matt White -> towel-rail
  ✓ model_2755.glb (408 polys)

[2756] Hurley 1800 x 600 Towel Rail Matt Cappuccino -> towel-rail
  ✓ model_2756.glb (408 polys)

[2757] Hurley 1200 x 500 Towel Rail Matt White -> towel-rail
  ✓ model_2757.glb (408 polys)

[2758] Hurley 800 x 600 Towel Rail Matt White -> towel-rail
  ✓ model_2758.glb (408 polys)

[2759] Hurley 1800 x 500 Towel Rail Matt Cappuccino -> towel-rail
  ✓ model_2759.glb (408 polys)

[2760] Hurley 800 x 500 Towel Rail Matt White -> towel-rail
  ✓ model_2760.glb (408 polys)

[2761] Hurley 1200 x 600 Towel Rail Matt Cappuccino -> towel-rail
  ✓ model_2761.glb (408 polys)

[2762] Marlow 1750 x 600 Towel Rail Chrome -> towel-rail
  ✓ model_2762.glb (408 polys)

[2763] Hurley 1200 x 500 Towel Rail Matt Cappuccino -> towel-rail
  ✓ model_2763.glb (408 polys)

[2764] Hurley 800 x 600 Towel Rail Matt Cappuccino -> towel-rail
  ✓ model_2764.glb (408 polys)

[2765] Marlow 1750 x 500 Towel Rail Chrome -> towel-rail
  ✓ model_2765.glb (408 polys)

[2766] Hurley 800 x 500 Towel Rail Matt Cappuccino -> towel-rail
  ✓ model_2766.glb (408 polys)

[2767] Marlow 1150 x 600 Towel Rail Chrome -> towel-rail
  ✓ model_2767.glb (408 polys)

[2768] Marlow 1150 x 500 Towel Rail Chrome -> towel-rail
  ✓ model_2768.glb (408 polys)

[2769] Marlow 850 x 600 Towel Rail Chrome -> towel-rail
  ✓ model_2769.glb (408 polys)

[2770] Marlow 850 x 500 Towel Rail Chrome -> towel-rail
  ✓ model_2770.glb (408 polys)

[2771] Marlow 1750 x 600 Towel Rail Matt Cappuccino -> towel-rail
  ✓ model_2771.glb (408 polys)

[2772] Preston 1200 x 185 Aluminium Radiator Matt Anthracite -> radiator
  ✓ model_2772.glb (286 polys)

[2773] Preston 1200 x 185 Aluminium Radiator Matt White -> radiator
  ✓ model_2773.glb (286 polys)

[2774] Withington 1800 x 565 Aluminium Radiator Matt Black -> radiator
  ✓ model_2774.glb (286 polys)

[2775] Withington 1800 x 470 Aluminium Radiator Matt Black -> radiator
  ✓ model_2775.glb (286 polys)

[2776] Withington 1800 x 375 Aluminium Radiator Matt Black -> radiator
  ✓ model_2776.glb (286 polys)

[2777] Withington 1800 x 280 Aluminium Radiator Matt Black -> radiator
  ✓ model_2777.glb (286 polys)

[2778] Marlow E-Style 1150 x 500 Towel Rail Matt White -> towel-rail
  ✓ model_2778.glb (408 polys)

[2779] Helmsley 1400 x 600 Towel Rail Matt Grey -> towel-rail
  ✓ model_2779.glb (408 polys)

[2780] Helmsley 1400 x 500 Towel Rail Matt Grey -> towel-rail
  ✓ model_2780.glb (408 polys)

[2781] Helmsley 1150 x 600 Towel Rail Matt Grey -> towel-rail
  ✓ model_2781.glb (408 polys)

[2782] Helmsley 1150 x 500 Towel Rail Matt Grey -> towel-rail
  ✓ model_2782.glb (408 polys)

[2783] Helmsley 800 x 600 Towel Rail Matt Grey -> towel-rail
  ✓ model_2783.glb (408 polys)

[2784] Helmsley 800 x 500 Towel Rail Matt Grey -> towel-rail
  ✓ model_2784.glb (408 polys)

[2785] Helmsley 1640 x 600 Towel Rail Matt White -> towel-rail
  ✓ model_2785.glb (408 polys)

[2786] Helmsley 1640 x 500 Towel Rail Matt Black -> towel-rail
  ✓ model_2786.glb (408 polys)

[2787] Helmsley 1640 x 500 Towel Rail Matt White -> towel-rail
  ✓ model_2787.glb (408 polys)

[2788] Helmsley 1400 x 600 Towel Rail Matt Black -> towel-rail
  ✓ model_2788.glb (408 polys)

[2789] Hurley 1800 x 600 Towel Rail Matt Grey -> towel-rail
  ✓ model_2789.glb (408 polys)

[2790] Hurley 1800 x 500 Towel Rail Matt Grey -> towel-rail
  ✓ model_2790.glb (408 polys)

[2791] Hurley 1200 x 600 Towel Rail Matt Grey -> towel-rail
  ✓ model_2791.glb (408 polys)

[2792] Hurley 1200 x 500 Towel Rail Matt Grey -> towel-rail
  ✓ model_2792.glb (408 polys)

[2793] Westward 800 x 500 Straight Multirail Gloss White -> towel-rail
  ✓ model_2793.glb (408 polys)

[2794] Hurley 800 x 600 Towel Rail Matt Grey -> towel-rail
  ✓ model_2794.glb (408 polys)

[2795] Hurley 800 x 500 Towel Rail Matt Grey -> towel-rail
  ✓ model_2795.glb (408 polys)

[2796] Westward 800 x 400 Straight Multirail Gloss White -> towel-rail
  ✓ model_2796.glb (408 polys)

[2797] Hurley 1800 x 600 Towel Rail Matt Anthracite -> towel-rail
  ✓ model_2797.glb (408 polys)

[2798] Westward 600 x 800 Straight Multirail Gloss White -> towel-rail
  ✓ model_2798.glb (408 polys)

[2799] Hurley 1800 x 500 Towel Rail Matt Anthracite -> towel-rail
  ✓ model_2799.glb (408 polys)

[2800] Westward 600 x 600 Straight Multirail Gloss White -> towel-rail
  ✓ model_2800.glb (408 polys)

[2801] Westward 600 x 500 Straight Multirail Gloss White -> towel-rail
  ✓ model_2801.glb (408 polys)

[2802] Hurley 1800 x 600 Towel Rail Chrome -> towel-rail
  ✓ model_2802.glb (408 polys)

[2803] Hurley 1800 x 500 Towel Rail Chrome -> towel-rail
  ✓ model_2803.glb (408 polys)

[2804] Hurley 1200 x 600 Towel Rail Chrome -> towel-rail
  ✓ model_2804.glb (408 polys)

[2805] Hurley 1200 x 500 Towel Rail Chrome -> towel-rail
  ✓ model_2805.glb (408 polys)

[2806] Deddington 1200 x 500 Towel Rail Gloss White -> towel-rail
  ✓ model_2806.glb (408 polys)

[2807] Marlow E-Style 1750 x 600 Towel Rail Chrome -> towel-rail
  ✓ model_2807.glb (408 polys)

[2808] Deddington 800 x 600 Towel Rail Gloss White -> towel-rail
  ✓ model_2808.glb (408 polys)

[2809] Marlow E-Style 1750 x 500 Towel Rail Chrome -> towel-rail
  ✓ model_2809.glb (408 polys)

[2810] Deddington 800 x 500 Towel Rail Gloss White -> towel-rail
  ✓ model_2810.glb (408 polys)

[2811] Deddington 600 x 1270 Radiator Gloss White -> radiator
  ✓ model_2811.glb (286 polys)

[2812] Deddington 600 x 950 Radiator Gloss White -> radiator
  ✓ model_2812.glb (286 polys)

[2813] Deddington 600 x 790 Radiator Gloss White -> radiator
  ✓ model_2813.glb (286 polys)

[2814] Deddington 600 x 630 Radiator Gloss White -> radiator
  ✓ model_2814.glb (286 polys)

[2815] Deddington 1800 x 630 Radiator Gloss White -> radiator
  ✓ model_2815.glb (286 polys)

[2816] Deddington 1800 x 470 Radiator Gloss White -> radiator
  ✓ model_2816.glb (286 polys)

[2817] Deddington 1800 x 310 Radiator Gloss White -> radiator
  ✓ model_2817.glb (286 polys)

[2818] Deddington Vertical 630mm Towel Hanger Chrome -> shelf
  ✓ model_2818.glb (18 polys)

[2819] Deddington Vertical 470mm Towel Hanger Chrome -> shelf
  ✓ model_2819.glb (18 polys)

[2820] Deddington Vertical 310mm Towel Hanger Chrome -> shelf
  ✓ model_2820.glb (18 polys)

[2821] Volente 6mm Easy Clean 900x700mm Offset Quadrant Shower Enclosure - Chrome -> shower-enclosure
  ✓ model_2821.glb (178 polys)

[2822] Valliant Type A 8mm 1950mm x 1400mm Walk-In Side Shower Panel with Support Bar - Chrome -> shower-enclosure
  ✓ model_2822.glb (178 polys)

[2823] Valliant Type A 8mm 1950mm x 1200mm Walk-In Side Shower Panel with Support Bar - Chrome -> shower-enclosure
  ✓ model_2823.glb (178 polys)

[2824] Valliant Type A 8mm 1950mm x 1100mm Walk-In Side Shower Panel with Support Bar - Chrome -> shower-enclosure
  ✓ model_2824.glb (178 polys)

[2825] Volente 6mm Easy Clean 1200x760mm Single Door Offset Quadrant Shower Enclosure - Chrome -> shower-enclosure
  ✓ model_2825.glb (178 polys)

[2826] Volente 6mm Easy Clean 1000x900mm Single Door Offset Quadrant Shower Enclosure - Chrome -> shower-enclosure
  ✓ model_2826.glb (178 polys)

[2827] Volente 6mm Easy Clean 1000x800mm Single Door Offset Quadrant Shower Enclosure - Chrome -> shower-enclosure
  ✓ model_2827.glb (178 polys)

[2828] Volente 6mm Easy Clean 1000x760mm Single Door Offset Quadrant Shower Enclosure - Chrome -> shower-enclosure
  ✓ model_2828.glb (178 polys)

[2829] Volente 6mm Easy Clean 900x800mm Single Door Offset Quadrant Shower Enclosure - Chrome -> shower-enclosure
  ✓ model_2829.glb (178 polys)

[2830] Volente 6mm Easy Clean 900x760mm Single Door Offset Quadrant Shower Enclosure - Chrome -> shower-enclosure
  ✓ model_2830.glb (178 polys)

[2831] Volente 6mm Easy Clean 1100x760mm Offset Quadrant Shower Enclosure - Chrome -> shower-enclosure
  ✓ model_2831.glb (178 polys)

[2832] Volente 6mm Easy Clean 1200x900mm Offset Quadrant Shower Enclosure - Chrome -> shower-enclosure
  ✓ model_2832.glb (178 polys)

[2833] Volente 6mm Easy Clean 1200x800mm Offset Quadrant Shower Enclosure - Chrome -> shower-enclosure
  ✓ model_2833.glb (178 polys)

[2834] Volente 6mm Easy Clean 1000x850/650mm Spacesaver Offset Quadrant Shower Enclosure - Chrome -> shower-enclosure
  ✓ model_2834.glb (178 polys)

[2835] Valliant Type A 8mm 1950mm x 300mm Walk-In Shower Panel with Support Bar - Chrome -> shower-enclosure
  ✓ model_2835.glb (178 polys)

[2836] Volente 6mm Easy Clean 1850mm x 300mm Walk-In End Shower Panel with Support Bar - Chrome -> shower-enclosure
  ✓ model_2836.glb (178 polys)

[2837] Volente 6mm Easy Clean 1650x912/700mm Spacesaver Offset Quadrant Shower Enclosure - Chrome -> shower-enclosure
  ✓ model_2837.glb (178 polys)

[2838] Volente 6mm Easy Clean 1200x880/700mm Spacesaver Offset Quadrant Shower Enclosure - Chrome -> shower-enclosure
  ✓ model_2838.glb (178 polys)

[2839] Volente 1850mm x 2000mm Frosted Slider Shower Door - Chrome -> shower-enclosure
  ✓ model_2839.glb (178 polys)

[2840] Volente 1850mm x 1800mm Frosted Slider Shower Door - Chrome -> shower-enclosure
  ✓ model_2840.glb (178 polys)

[2841] Volente 1850mm x 1700mm Frosted Slider Shower Door - Chrome -> shower-enclosure
  ✓ model_2841.glb (178 polys)

[2842] Volente 1850mm x 1600mm Frosted Slider Shower Door - Chrome -> shower-enclosure
  ✓ model_2842.glb (178 polys)

[2843] Volente 1850mm x 1500mm Frosted Slider Shower Door - Chrome -> shower-enclosure
  ✓ model_2843.glb (178 polys)

[2844] Volente 1850mm x 1400mm Frosted Slider Shower Door - Chrome -> shower-enclosure
  ✓ model_2844.glb (178 polys)

[2845] Volente 1850mm x 1300mm Frosted Slider Shower Door - Chrome -> shower-enclosure
  ✓ model_2845.glb (178 polys)

[2846] Volente 1850mm x 1200mm Frosted Slider Shower Door - Chrome -> shower-enclosure
  ✓ model_2846.glb (178 polys)

[2847] Volente 1850mm x 1100mm Frosted Slider Shower Door - Chrome -> shower-enclosure
  ✓ model_2847.glb (178 polys)

[2848] Volente 1850mm x 1000mm Frosted Slider Shower Door - Chrome -> shower-enclosure
  ✓ model_2848.glb (178 polys)

[2849] Volente 6mm Easy Clean 1850mm x 500mm Walk-In Frosted Panel with Frosted Glass - Chrome -> shower-enclosure
  ✓ model_2849.glb (178 polys)

[2850] Volente 6mm Easy Clean 1850mm x 800mm Walk-In Frosted Panel with Frosted Glass - Chrome -> shower-enclosure
  ✓ model_2850.glb (178 polys)

[2851] Volente 6mm Easy Clean 1850mm x 760mm Walk-In Frosted Panel with Frosted Glass - Chrome -> shower-enclosure
  ✓ model_2851.glb (178 polys)

[2852] Volente 6mm Easy Clean 1850mm x 700mm Walk-In Frosted Panel with Frosted Glass - Chrome -> shower-enclosure
  ✓ model_2852.glb (178 polys)

[2853] Volente 6mm Easy Clean 1850mm x 1200mm Walk-In Frosted Panel with Frosted Glass - Chrome -> shower-enclosure
  ✓ model_2853.glb (178 polys)

[2854] Volente 6mm Easy Clean 1850mm x 1000mm Walk-In Frosted Panel with Frosted Glass - Chrome -> shower-enclosure
  ✓ model_2854.glb (178 polys)

[2855] Volente 6mm Easy Clean 1850mm x 900mm Walk-In Frosted Panel with Frosted Glass - Chrome -> shower-enclosure
  ✓ model_2855.glb (178 polys)

[2856] Volente 6mm Easy Clean 1850mm x 300mm Walk-In End Shower Panel with Frosted Glass - Chrome -> shower-enclosure
  ✓ model_2856.glb (178 polys)

[2857] Volente 6mm 1850mm x 760mm Bi-Fold Shower Door - Chrome -> shower-enclosure
  ✓ model_2857.glb (178 polys)

[2858] Volente 6mm 1850mm x 700mm Bi-Fold Shower Door - Chrome -> shower-enclosure
  ✓ model_2858.glb (178 polys)

[2859] Volente 6mm Easy Clean 1850mm x 500mm Walk-In End Shower Panel with Support Bar - Chrome Profiles -> shower-enclosure
  ✓ model_2859.glb (178 polys)

[2860] Volente 6mm Easy Clean 1850mm x 800mm Walk-In End Shower Panel with Support Bar - Chrome Profiles -> shower-enclosure
  ✓ model_2860.glb (178 polys)

[2861] Valliant Type C 8mm 1950mm x 1000mm Walk-In End Shower Panel with Corner Profile - Chrome -> shower-enclosure
  ✓ model_2861.glb (178 polys)

[2862] Volente 6mm Easy Clean 1850mm x 760mm Walk-In End Shower Panel with Support Bar - Chrome Profiles -> shower-enclosure
  ✓ model_2862.glb (178 polys)

[2863] Valliant Type C 8mm 1950mm x 900mm Walk-In End Shower Panel with Corner Profile - Chrome -> shower-enclosure
  ✓ model_2863.glb (178 polys)

[2864] Volente 6mm Easy Clean 1850mm x 700mm Walk-In End Shower Panel with Support Bar - Chrome Profiles -> shower-enclosure
  ✓ model_2864.glb (178 polys)

[2865] Volente 6mm Easy Clean 1850mm x 1200mm Walk-In End Shower Panel with Support Bar - Chrome Profiles -> shower-enclosure
  ✓ model_2865.glb (178 polys)

[2866] Volente 6mm Easy Clean 1850mm x 1000mm Walk-In End Shower Panel with Support Bar - Chrome Profiles -> shower-enclosure
  ✓ model_2866.glb (178 polys)

[2889] Volente 6mm Easy Clean 1100x800mm Offset Quadrant Shower Enclosure - Chrome -> shower-enclosure
  ✓ model_2889.glb (178 polys)

[2867] Volente 6mm Easy Clean 1850mm x 900mm Walk-In End Shower Panel with Support Bar - Chrome Profiles -> shower-enclosure
  ✓ model_2867.glb (178 polys)

[2868] Volente 6mm 1850mm x 1000mm Bi-Fold Shower Door - Chrome -> shower-enclosure
  ✓ model_2868.glb (178 polys)

[2869] Volente 6mm 1850mm x 900mm Bi-Fold Shower Door - Chrome -> shower-enclosure
  ✓ model_2869.glb (178 polys)

[2870] Volente 6mm 1850mm x 800mm Bi-Fold Shower Door - Chrome -> shower-enclosure
  ✓ model_2870.glb (178 polys)

[2871] Valliant Type D 8mm 1950mm x 1100mm Walk-In Front Shower Panel with 300mm Flipper - Chrome -> shower-enclosure
  ✓ model_2871.glb (178 polys)

[2872] Valliant Type D 8mm 1950mm x 900mm Walk-In Front Shower Panel with 300mm Flipper - Chrome -> shower-enclosure
  ✓ model_2872.glb (178 polys)

[2873] Valliant Type D 8mm 1950mm x 1200mm Walk-In Front Shower Panelwith 300mm Flipper - Chrome -> shower-enclosure
  ✓ model_2873.glb (178 polys)

[2874] Valliant Type D 8mm 1950mm x 800mm Walk-In Front Shower Panel with 300mm Flipper - Chrome -> shower-enclosure
  ✓ model_2874.glb (178 polys)

[2875] Volente 6mm Easy Clean 1400x800mm (1850mm height) Offset Quadrant Shower Enclosure - Chrome -> shower-enclosure
  ✓ model_2875.glb (178 polys)

[2876] Valliant Type A 8mm 1950mm x 500mm Walk-In Side Shower Panel with Support Bar - Chrome -> shower-enclosure
  ✓ model_2876.glb (178 polys)

[2877] Volente 6mm Easy Clean 1400x760mm (1850mm height) Offset Quadrant Shower Enclosure - Chrome -> shower-enclosure
  ✓ model_2877.glb (178 polys)

[2878] Valliant Type D 8mm 1950mm x 600mm Walk-In Front Shower Panel with 300mm Flipper - Chrome -> shower-enclosure
  ✓ model_2878.glb (178 polys)

[2879] Volente 6mm Easy Clean 1300x800mm (1850mm height) Offset Quadrant Shower Enclosure - Chrome -> shower-enclosure
  ✓ model_2879.glb (178 polys)

[2880] Volente 6mm Easy Clean 1300x760mm (1850mm height) Offset Quadrant Shower Enclosure - Chrome -> shower-enclosure
  ✓ model_2880.glb (178 polys)

[2881] Volente 6mm Easy Clean 1100x700mm Offset Quadrant Shower Enclosure - Chrome -> shower-enclosure
  ✓ model_2881.glb (178 polys)

[2882] Volente 6mm Easy Clean 1000x700mm (1850mm height) Offset Quadrant Shower Enclosure - Chrome -> shower-enclosure
  ✓ model_2882.glb (178 polys)

[2883] Valliant Type C 8mm 1950mm x 800mm Walk-In End Shower Panel with Corner Profile - Chrome -> shower-enclosure
  ✓ model_2883.glb (178 polys)

[2884] Volente 6mm Easy Clean 1200x700mm Offset Quadrant Shower Enclosure - Chrome -> shower-enclosure
  ✓ model_2884.glb (178 polys)

[2885] Volente 6mm Easy Clean 1100x900mm Offset Quadrant Shower Enclosure - Chrome -> shower-enclosure
  ✓ model_2885.glb (178 polys)

[2886] Volente 6mm Easy Clean 1850mm x 2000mm Double Sliding Shower Door - Chrome -> shower-enclosure
  ✓ model_2886.glb (178 polys)

[2887] Valliant Type C 8mm 1950mm x 760mm Walk-In End Shower Panel with Corner Profile - Chrome -> shower-enclosure
  ✓ model_2887.glb (178 polys)

[2888] Valliant Type C 8mm 1950mm x 700mm Walk-In End Shower Panel with Corner Profile - Chrome -> shower-enclosure
  ✓ model_2888.glb (178 polys)

[2890] Volente 6mm Easy Clean 1850mm x 1800mm Double Sliding Shower Door - Chrome -> shower-enclosure
  ✓ model_2890.glb (178 polys)

[2891] Volente 6mm Easy Clean 1200x900mm Single Door Offset Quadrant Shower Enclosure - Chrome -> shower-enclosure
  ✓ model_2891.glb (178 polys)

[2892] Volente 6mm Easy Clean 1850mm x 1700mm Double Sliding Shower Door - Chrome -> shower-enclosure
  ✓ model_2892.glb (178 polys)

[2893] Valliant Type C 8mm 1950mm x 250mm Walk-In End Shower Panel with Corner Profile - Chrome -> shower-enclosure
  ✓ model_2893.glb (178 polys)

[2894] Volente 6mm Easy Clean 1200x800mm Single Door Offset Quadrant Shower Enclosure - Chrome -> shower-enclosure
  ✓ model_2894.glb (178 polys)

[2895] Volente 6mm Easy Clean 1850mm x 1600mm Double Sliding Shower Door - Chrome -> shower-enclosure
  ✓ model_2895.glb (178 polys)

[2896] Valliant Type B 8mm 1950mm x 1200mm Walk-In Shower Panel with 2 x Support Bars - Chrome -> shower-enclosure
  ✓ model_2896.glb (178 polys)

[2897] Valliant Type B 8mm 1950mm x 1100mm Walk-In Shower Panel with 2 x Support Bars - Chrome -> shower-enclosure
  ✓ model_2897.glb (178 polys)

[2898] Volente 6mm Easy Clean 1850mm x 1500mm Double Sliding Shower Door - Chrome -> shower-enclosure
  ✓ model_2898.glb (178 polys)

[2899] Volente 6mm Easy Clean 1850mm x 1400mm Double Sliding Shower Door - Chrome -> shower-enclosure
  ✓ model_2899.glb (178 polys)

[2900] Valliant Type B 8mm 1950mm x 1000mm Walk-In Shower Panel with 2 x Support Bars - Chrome -> shower-enclosure
  ✓ model_2900.glb (178 polys)

[2901] Volente 6mm Easy Clean 1850mm x 1200mm Double Sliding Shower Door - Chrome -> shower-enclosure
  ✓ model_2901.glb (178 polys)

[2902] Valliant Type B 8mm 1950mm x 900mm Walk-In Shower Panel with 2 x Support Bars - Chrome -> shower-enclosure
  ✓ model_2902.glb (178 polys)

[2903] Volente 1850mm x 2000mm Slider Shower Door - Chrome -> shower-enclosure
  ✓ model_2903.glb (178 polys)

[2904] Valliant Type A 8mm 1950mm x 1000mm Walk-In Side Shower Panel with Support Bar - Chrome -> shower-enclosure
  ✓ model_2904.glb (178 polys)

[2905] Volente 1850mm x 1800mm Slider Shower Door - Chrome -> shower-enclosure
  ✓ model_2905.glb (178 polys)

[2906] Valliant Type A 8mm 1950mm x 900mm Walk-In Side Shower Panel with Support Bar - Chrome -> shower-enclosure
  ✓ model_2906.glb (178 polys)

[2934] Defford 800 x 500mm Towel Rail Matt Grey -> towel-rail
  ✓ model_2934.glb (408 polys)

[2949] Murano 1800 x 310 Radiator Gloss White -> radiator
  ✓ model_2949.glb (286 polys)

[2907] Volente 1850mm x 1400mm Slider Shower Door - Chrome -> shower-enclosure
  ✓ model_2907.glb (178 polys)

[2908] Valliant Type A 8mm 1950mm x 800mm Walk-In Side Shower Panel with Support Bar - Chrome -> shower-enclosure
  ✓ model_2908.glb (178 polys)

[2909] Volente 1850mm x 1200mm Slider Shower Door - Chrome -> shower-enclosure
  ✓ model_2909.glb (178 polys)

[2910] Valliant Type A 8mm 1950mm x 760mm Walk-In Side Shower Panel with Support Bar - Chrome -> shower-enclosure
  ✓ model_2910.glb (178 polys)

[2911] Volente 1850mm x 1100mm Slider Shower Door - Chrome -> shower-enclosure
  ✓ model_2911.glb (178 polys)

[2912] Valliant Type A 8mm 1950mm x 700mm Walk-In Side Shower Panel with Support Bar - Chrome -> shower-enclosure
  ✓ model_2912.glb (178 polys)

[2913] Volente 1850mm x 1000mm Slider Shower Door - Chrome -> shower-enclosure
  ✓ model_2913.glb (178 polys)

[2914] Volente 1850mm x 1700mm Slider Shower Door - Chrome -> shower-enclosure
  ✓ model_2914.glb (178 polys)

[2915] Volente 1850mm x 1600mm Slider Shower Door - Chrome -> shower-enclosure
  ✓ model_2915.glb (178 polys)

[2916] Volente 1850mm x 1500mm Slider Shower Door - Chrome -> shower-enclosure
  ✓ model_2916.glb (178 polys)

[2917] Volente 1850mm x 1300mm Slider Shower Door - Chrome -> shower-enclosure
  ✓ model_2917.glb (178 polys)

[2918] Tuscan Square Towel Rail 1800 x 500 Matt Anthracite -> towel-rail
  ✓ model_2918.glb (408 polys)

[2919] Tuscan Square Towel Rail 1200 x 600 Matt Anthracite -> towel-rail
  ✓ model_2919.glb (408 polys)

[2920] Tuscan Square Towel Rail 1200 x 500 Matt Anthracite -> towel-rail
  ✓ model_2920.glb (408 polys)

[2921] Witney 600 x 1040 Aluminium Radiator Matt Anthracite -> radiator
  ✓ model_2921.glb (286 polys)

[2922] Tuscan Square Towel Rail 800 x 600 Matt Anthracite -> towel-rail
  ✓ model_2922.glb (408 polys)

[2923] Tuscan Square Towel Rail 800 x 500 Matt Anthracite -> towel-rail
  ✓ model_2923.glb (408 polys)

[2924] Witney 600 x 850 Aluminium Radiator Matt Anthracite -> radiator
  ✓ model_2924.glb (286 polys)

[2925] Malmesbury 1200 x 185 Aluminium Radiator Matt Cappuccino -> radiator
  ✓ model_2925.glb (286 polys)

[2926] Malmesbury 600 x 1420 Aluminium Radiator Matt Grey -> radiator
  ✓ model_2926.glb (286 polys)

[2927] Witney 600 x 660 Aluminium Radiator Matt Anthracite -> radiator
  ✓ model_2927.glb (286 polys)

[2928] Tordino 600 x 850 Aluminium Radiator Matt Grey -> radiator
  ✓ model_2928.glb (286 polys)

[2929] Malmesbury 1200 x 565 Aluminium Radiator Matt Grey -> radiator
  ✓ model_2929.glb (286 polys)

[2930] Witney 600 x 470 Aluminium Radiator Matt Anthracite -> radiator
  ✓ model_2930.glb (286 polys)

[2931] Tordino 600 x 660 Aluminium Radiator Matt Grey -> radiator
  ✓ model_2931.glb (286 polys)

[2932] Malmesbury 1200 x 470 Aluminium Radiator Matt Grey -> radiator
  ✓ model_2932.glb (286 polys)

[2933] Malmesbury 600 x 1420 Aluminium Radiator Matt Anthracite -> radiator
  ✓ model_2933.glb (286 polys)

[2935] Malmesbury 1200 x 375 Aluminium Radiator Matt Grey -> radiator
  ✓ model_2935.glb (286 polys)

[2936] Tordino 600 x 470 Aluminium Radiator Matt Grey -> radiator
  ✓ model_2936.glb (286 polys)

[2937] Malmesbury 1200 x 565 Aluminium Radiator Matt Anthracite -> radiator
  ✓ model_2937.glb (286 polys)

[2938] Malmesbury 1200 x 280 Aluminium Radiator Matt Grey -> radiator
  ✓ model_2938.glb (286 polys)

[2939] Defford 1800 x 600mm Towel Rail Gloss White -> towel-rail
  ✓ model_2939.glb (408 polys)

[2940] Tordino 1800 x 565 Aluminium Radiator Matt White -> radiator
  ✓ model_2940.glb (286 polys)

[2941] Malmesbury 1200 x 470 Aluminium Radiator Matt Anthracite -> radiator
  ✓ model_2941.glb (286 polys)

[2942] Malmesbury 1200 x 185 Aluminium Radiator Matt Grey -> radiator
  ✓ model_2942.glb (286 polys)

[2943] Murano 1800 x 410 Radiator Gloss White -> radiator
  ✓ model_2943.glb (286 polys)

[2944] Defford 1800 x 500mm Towel Rail Gloss White -> towel-rail
  ✓ model_2944.glb (408 polys)

[2945] Malmesbury 1200 x 375 Aluminium Radiator Matt Anthracite -> radiator
  ✓ model_2945.glb (286 polys)

[2946] Witney 600 x 1230 Aluminium Radiator Matt White -> radiator
  ✓ model_2946.glb (286 polys)

[2947] Tordino 600 x 1040 Aluminium Radiator Matt Black -> radiator
  ✓ model_2947.glb (286 polys)

[2948] Tordino 1800 x 470 Aluminium Radiator Matt White -> radiator
  ✓ model_2948.glb (286 polys)

[2950] Malmesbury 1200 x 280 Aluminium Radiator Matt Anthracite -> radiator
  ✓ model_2950.glb (286 polys)

[2951] Defford 1200 x 600mm Towel Rail Gloss White -> towel-rail
  ✓ model_2951.glb (408 polys)

[2952] Tordino 600 x 850 Aluminium Radiator Matt Black -> radiator
  ✓ model_2952.glb (286 polys)

[2953] Tordino 1800 x 375 Aluminium Radiator Matt White -> radiator
  ✓ model_2953.glb (286 polys)

[2954] Murano 600 x 1400 Radiator Gloss White -> radiator
  ✓ model_2954.glb (286 polys)

[2955] Malmesbury 1200 x 185 Aluminium Radiator Matt Anthracite -> radiator
  ✓ model_2955.glb (286 polys)

[2956] Defford 1200 x 500mm Towel Rail Gloss White -> towel-rail
  ✓ model_2956.glb (408 polys)

[2957] Murano 600 x 1200 Radiator Gloss White -> radiator
  ✓ model_2957.glb (286 polys)

[2958] Tordino 1800 x 280 Aluminium Radiator Matt White -> radiator
  ✓ model_2958.glb (286 polys)

[2959] Tordino 600 x 660 Aluminium Radiator Matt Black -> radiator
  ✓ model_2959.glb (286 polys)

[2960] Witney 600 x 660 Aluminium Radiator Matt White -> radiator
  ✓ model_2960.glb (286 polys)

[2961] Withington 600 x 1420 Aluminium Radiator Matt Anthracite -> radiator
  ✓ model_2961.glb (286 polys)

[2962] Murano 600 x 1000 Radiator Gloss White -> radiator
  ✓ model_2962.glb (286 polys)

[2963] Defford 800 x 600mm Towel Rail Gloss White -> towel-rail
  ✓ model_2963.glb (408 polys)

[2964] Murano 1800 x 310 Radiator Matt Black -> radiator
  ✓ model_2964.glb (286 polys)

[2965] Witney 600 x 470 Aluminium Radiator Matt White -> radiator
  ✓ model_2965.glb (286 polys)

[2966] Tordino 600 x 1230 Aluminium Radiator Matt White -> radiator
  ✓ model_2966.glb (286 polys)

[2967] Tordino 600 x 470 Aluminium Radiator Matt Black -> radiator
  ✓ model_2967.glb (286 polys)

[2968] Murano 600 x 800 Radiator Gloss White -> radiator
  ✓ model_2968.glb (286 polys)

[2969] Withington 1200 x 565 Aluminium Radiator Matt Anthracite -> radiator
  ✓ model_2969.glb (286 polys)

[2970] Defford 800 x 500mm Towel Rail Gloss White -> towel-rail
  ✓ model_2970.glb (408 polys)

[2971] Murano 600 x 1400 Radiator Matt Black -> radiator
  ✓ model_2971.glb (286 polys)

[2972] Tordino 600 x 1040 Aluminium Radiator Matt White -> radiator
  ✓ model_2972.glb (286 polys)

[2973] Multi-Purpose Towel Hanger RH 500mm Matt Black -> shelf
  ✓ model_2973.glb (18 polys)

[2974] Malmesbury 600 x 1420 Aluminium Radiator Matt White -> radiator
  ✓ model_2974.glb (286 polys)

[2975] Tordino 1800 x 565 Aluminium Radiator Matt Anthracite -> radiator
  ✓ model_2975.glb (286 polys)

[2976] Multi-Purpose Towel Hanger LH 500mm Matt Black -> shelf
  ✓ model_2976.glb (18 polys)

[2977] Withington 1200 x 470 Aluminium Radiator Matt Anthracite -> radiator
  ✓ model_2977.glb (286 polys)

[2978] Tordino 600 x 850 Aluminium Radiator Matt White -> radiator
  ✓ model_2978.glb (286 polys)

[2979] Tuscan Square Towel Rail 1800 x 600 Chrome -> towel-rail
  ✓ model_2979.glb (408 polys)

[2980] Malmesbury 1200 x 565 Aluminium Radiator Matt White -> radiator
  ✓ model_2980.glb (286 polys)

[2981] Murano 600 x 1200 Radiator Matt Black -> radiator
  ✓ model_2981.glb (286 polys)

[2982] Tordino 1800 x 470 Aluminium Radiator Matt Anthracite -> radiator
  ✓ model_2982.glb (286 polys)

[2983] Malmesbury 1200 x 470 Aluminium Radiator Matt White -> radiator
  ✓ model_2983.glb (286 polys)

[2984] Withington 1200 x 375 Aluminium Radiator Matt Anthracite -> radiator
  ✓ model_2984.glb (286 polys)

[2985] Tordino 600 x 660 Aluminium Radiator Matt White -> radiator
  ✓ model_2985.glb (286 polys)

[2986] Murano 600 x 1000 Radiator Matt Black -> radiator
  ✓ model_2986.glb (286 polys)

[2987] Tuscan Square Towel Rail 1800 x 500 Chrome -> towel-rail
  ✓ model_2987.glb (408 polys)

[2988] Tordino 1800 x 375 Aluminium Radiator Matt Anthracite -> radiator
  ✓ model_2988.glb (286 polys)

[2989] Malmesbury 1200 x 375 Aluminium Radiator Matt White -> radiator
  ✓ model_2989.glb (286 polys)

[2990] Murano 600 x 800 Radiator Matt Black -> radiator
  ✓ model_2990.glb (286 polys)

[2991] Withington 1200 x 280 Aluminium Radiator Matt Anthracite -> radiator
  ✓ model_2991.glb (286 polys)

[2992] Tordino 600 x 470 Aluminium Radiator Matt White -> radiator
  ✓ model_2992.glb (286 polys)

[2993] Tuscan Square Towel Rail 1200 x 600 Chrome -> towel-rail
  ✓ model_2993.glb (408 polys)

[3058] Murano 1800 x 410 Radiator Matt Grey -> radiator
  ✓ model_3058.glb (286 polys)

[2994] Malmesbury 1200 x 280 Aluminium Radiator Matt White -> radiator
  ✓ model_2994.glb (286 polys)

[2995] Tordino 1800 x 280 Aluminium Radiator Matt Anthracite -> radiator
  ✓ model_2995.glb (286 polys)

[2996] Murano 1800 x 510 Radiator Matt Anthracite -> radiator
  ✓ model_2996.glb (286 polys)

[2997] Charlton 600 x 1420 Aluminium Radiator Matt Anthracite -> radiator
  ✓ model_2997.glb (286 polys)

[2998] Malmesbury 1200 x 185 Aluminium Radiator Matt White -> radiator
  ✓ model_2998.glb (286 polys)

[2999] Deddington 600 x 790 Radiator Matt Anthracite -> radiator
  ✓ model_2999.glb (286 polys)

[3000] Tuscan Square Towel Rail 1200 x 500 Chrome -> towel-rail
  ✓ model_3000.glb (408 polys)

[3001] Withington 600 x 1420 Aluminium Radiator Matt Black -> radiator
  ✓ model_3001.glb (286 polys)

[3002] Tordino 600 x 1230 Aluminium Radiator Matt Anthracite -> radiator
  ✓ model_3002.glb (286 polys)

[3003] Murano 1800 x 410 Radiator Matt Anthracite -> radiator
  ✓ model_3003.glb (286 polys)

[3004] Multi-Purpose Towel Hanger LH 400mm Matt White -> shelf
  ✓ model_3004.glb (18 polys)

[3005] Withington 600 x 1420 Aluminium Radiator Matt White -> radiator
  ✓ model_3005.glb (286 polys)

[3006] Charlton 1200 x 565 Aluminium Radiator Matt Anthracite -> radiator
  ✓ model_3006.glb (286 polys)

[3007] Deddington 600 x 630 Radiator Matt Anthracite -> radiator
  ✓ model_3007.glb (286 polys)

[3008] Withington 1200 x 565 Aluminium Radiator Matt Black -> radiator
  ✓ model_3008.glb (286 polys)

[3009] Tordino 600 x 1040 Aluminium Radiator Matt Anthracite -> radiator
  ✓ model_3009.glb (286 polys)

[3010] Tuscan Square Towel Rail 800 x 600 Chrome -> towel-rail
  ✓ model_3010.glb (408 polys)

[3011] Multi-Purpose Towel Hanger RH 300mm Matt White -> shelf
  ✓ model_3011.glb (18 polys)

[3012] Murano 1800 x 310 Radiator Matt Anthracite -> radiator
  ✓ model_3012.glb (286 polys)

[3013] Deddington 1800 x 630 Radiator Matt Anthracite -> radiator
  ✓ model_3013.glb (286 polys)

[3014] Withington 1200 x 565 Aluminium Radiator Matt White -> radiator
  ✓ model_3014.glb (286 polys)

[3015] Charlton 1200 x 470 Aluminium Radiator Matt Anthracite -> radiator
  ✓ model_3015.glb (286 polys)

[3016] Multi-Purpose Towel Hanger LH 300mm Matt White -> shelf
  ✓ model_3016.glb (18 polys)

[3017] Tuscan Square Towel Rail 800 x 500 Chrome -> towel-rail
  ✓ model_3017.glb (408 polys)

[3018] Tordino 600 x 850 Aluminium Radiator Matt Anthracite -> radiator
  ✓ model_3018.glb (286 polys)

[3019] Withington 1200 x 470 Aluminium Radiator Matt Black -> radiator
  ✓ model_3019.glb (286 polys)

[3020] Murano 600 x 1400 Radiator Matt Anthracite -> radiator
  ✓ model_3020.glb (286 polys)

[3021] Withington 1200 x 470 Aluminium Radiator Matt White -> radiator
  ✓ model_3021.glb (286 polys)

[3022] Deddington Vertical 630mm Towel Hanger Matt Anthracite -> shelf
  ✓ model_3022.glb (18 polys)

[3023] Deddington 1800 x 470 Radiator Matt Anthracite -> radiator
  ✓ model_3023.glb (286 polys)

[3024] Charlton 1200 x 375 Aluminium Radiator Matt Anthracite -> radiator
  ✓ model_3024.glb (286 polys)

[3025] Murano 600 x 1200 Radiator Matt Anthracite -> radiator
  ✓ model_3025.glb (286 polys)

[3026] Tuscan Square Towel Rail 1800 x 600 Matt Black -> towel-rail
  ✓ model_3026.glb (408 polys)

[3027] Deddington Vertical 470mm Towel Hanger Matt Anthracite -> shelf
  ✓ model_3027.glb (18 polys)

[3028] Tordino 600 x 660 Aluminium Radiator Matt Anthracite -> radiator
  ✓ model_3028.glb (286 polys)

[3029] Withington 1200 x 375 Aluminium Radiator Matt Black -> radiator
  ✓ model_3029.glb (286 polys)

[3030] Withington 1200 x 375 Aluminium Radiator Matt White -> radiator
  ✓ model_3030.glb (286 polys)

[3031] Deddington 1800 x 310 Radiator Matt Anthracite -> radiator
  ✓ model_3031.glb (286 polys)

[3032] Charlton 1200 x 280 Aluminium Radiator Matt Anthracite -> radiator
  ✓ model_3032.glb (286 polys)

[3033] Murano 600 x 1000 Radiator Matt Anthracite -> radiator
  ✓ model_3033.glb (286 polys)

[3034] Deddington Vertical 310mm Towel Hanger Matt Anthracite -> shelf
  ✓ model_3034.glb (18 polys)

[3035] Tuscan Square Towel Rail 1800 x 500 Matt Black -> towel-rail
  ✓ model_3035.glb (408 polys)

[3036] Tordino 600 x 470 Aluminium Radiator Matt Anthracite -> radiator
  ✓ model_3036.glb (286 polys)

[3037] Deddington Vertical 630mm Towel Hanger Gloss White -> shelf
  ✓ model_3037.glb (18 polys)

[3038] Withington 1200 x 280 Aluminium Radiator Matt Black -> radiator
  ✓ model_3038.glb (286 polys)

[3039] Deddington 1800 x 600 Towel Rail Gloss White -> towel-rail
  ✓ model_3039.glb (408 polys)

[3040] Murano 600 x 800 Radiator Matt Anthracite -> radiator
  ✓ model_3040.glb (286 polys)

[3041] Malmesbury 600 x 1420 Aluminium Radiator Matt Cappuccino -> radiator
  ✓ model_3041.glb (286 polys)

[3042] Withington 1200 x 280 Aluminium Radiator Matt White -> radiator
  ✓ model_3042.glb (286 polys)

[3043] Tuscan Square Towel Rail 1200 x 600 Matt Black -> towel-rail
  ✓ model_3043.glb (408 polys)

[3044] Deddington Vertical 470mm Towel Hanger Gloss White -> shelf
  ✓ model_3044.glb (18 polys)

[3045] Charlton 600 x 1420 Aluminium Radiator Matt White -> radiator
  ✓ model_3045.glb (286 polys)

[3046] Tordino 1800 x 565 Aluminium Radiator Matt Grey -> radiator
  ✓ model_3046.glb (286 polys)

[3047] Charlton 600 x 1420 Aluminium Radiator Matt Black -> radiator
  ✓ model_3047.glb (286 polys)

[3048] Malmesbury 1200 x 565 Aluminium Radiator Matt Cappuccino -> radiator
  ✓ model_3048.glb (286 polys)

[3049] Murano 1800 x 510 Radiator Matt Grey -> radiator
  ✓ model_3049.glb (286 polys)

[3050] Deddington 1800 x 500 Towel Rail Gloss White -> towel-rail
  ✓ model_3050.glb (408 polys)

[3051] Deddington Vertical 310mm Towel Hanger Gloss White -> shelf
  ✓ model_3051.glb (18 polys)

[3052] Tuscan Square Towel Rail 1200 x 500 Matt Black -> towel-rail
  ✓ model_3052.glb (408 polys)

[3053] Charlton 1200 x 565 Aluminium Radiator Matt White -> radiator
  ✓ model_3053.glb (286 polys)

[3054] Tordino 1800 x 470 Aluminium Radiator Matt Grey -> radiator
  ✓ model_3054.glb (286 polys)

[3055] Malmesbury 1200 x 470 Aluminium Radiator Matt Cappuccino -> radiator
  ✓ model_3055.glb (286 polys)

[3056] Deddington 1800 x 600 Towel Rail Matt Anthracite -> towel-rail
  ✓ model_3056.glb (408 polys)

[3057] Deddington 1200 x 600 Towel Rail Gloss White -> towel-rail
  ✓ model_3057.glb (408 polys)

[3059] Charlton 1200 x 565 Aluminium Radiator Matt Black -> radiator
  ✓ model_3059.glb (286 polys)

[3060] Tordino 1800 x 375 Aluminium Radiator Matt Grey -> radiator
  ✓ model_3060.glb (286 polys)

[3061] Malmesbury 1200 x 375 Aluminium Radiator Matt Cappuccino -> radiator
  ✓ model_3061.glb (286 polys)

[3062] Deddington 1800 x 500 Towel Rail Matt Anthracite -> towel-rail
  ✓ model_3062.glb (408 polys)

[3063] Charlton 1200 x 470 Aluminium Radiator Matt Black -> radiator
  ✓ model_3063.glb (286 polys)

[3064] Murano 1800 x 310 Radiator Matt Grey -> radiator
  ✓ model_3064.glb (286 polys)

[3065] Deddington 1200 x 600 Towel Rail Matt Anthracite -> towel-rail
  ✓ model_3065.glb (408 polys)

[3066] Tordino 1800 x 280 Aluminium Radiator Matt Grey -> radiator
  ✓ model_3066.glb (286 polys)

[3067] Malmesbury 1200 x 280 Aluminium Radiator Matt Cappuccino -> radiator
  ✓ model_3067.glb (286 polys)

[3068] Charlton 1200 x 375 Aluminium Radiator Matt Black -> radiator
  ✓ model_3068.glb (286 polys)

[3069] Murano 600 x 1400 Radiator Matt Grey -> radiator
  ✓ model_3069.glb (286 polys)

[3070] Charlton 1200 x 280 Aluminium Radiator Matt Black -> radiator
  ✓ model_3070.glb (286 polys)

[3071] Deddington 1200 x 500 Towel Rail Matt Anthracite -> towel-rail
  ✓ model_3071.glb (408 polys)

[3072] Murano 600 x 1200 Radiator Matt Grey -> radiator
  ✓ model_3072.glb (286 polys)

[3073] Witney 600 x 1230 Aluminium Radiator Matt Anthracite -> radiator
  ✓ model_3073.glb (286 polys)

[3074] Deddington 800 x 600 Towel Rail Matt Anthracite -> towel-rail
  ✓ model_3074.glb (408 polys)

[3075] Murano 600 x 1000 Radiator Matt Grey -> radiator
  ✓ model_3075.glb (286 polys)

[3076] Deddington 800 x 500 Towel Rail Matt Anthracite -> towel-rail
  ✓ model_3076.glb (408 polys)

[3077] Murano 600 x 800 Radiator Matt Grey -> radiator
  ✓ model_3077.glb (286 polys)

[3078] Deddington 600 x 1270 Radiator Matt Anthracite -> radiator
  ✓ model_3078.glb (286 polys)

[3079] Deddington 600 x 950 Radiator Matt Anthracite -> radiator
  ✓ model_3079.glb (286 polys)

[3080] Murano 1800 x 510 Radiator Gloss White -> radiator
  ✓ model_3080.glb (286 polys)

[3081] Tuscan Square Towel Rail 800 x 600 Matt Black -> towel-rail
  ✓ model_3081.glb (408 polys)

[3082] Tuscan Square Towel Rail 800 x 500 Matt Black -> towel-rail
  ✓ model_3082.glb (408 polys)

[3083] Tuscan Square Towel Rail 1800 x 600 Matt Anthracite -> towel-rail
  ✓ model_3083.glb (408 polys)

[3084] Defford 1800 x 500mm Towel Rail Matt Grey -> towel-rail
  ✓ model_3084.glb (408 polys)

[3085] Santero 800 x 600mm Towel Rail Gloss White -> towel-rail
  ✓ model_3085.glb (408 polys)

[3086] Tordino 600 x 1230 Aluminium Radiator Matt Grey -> radiator
  ✓ model_3086.glb (286 polys)

[3087] Defford 1200 x 600mm Towel Rail Matt Grey -> towel-rail
  ✓ model_3087.glb (408 polys)

[3088] Santero 800 x 500mm Towel Rail Gloss White -> towel-rail
  ✓ model_3088.glb (408 polys)

[3089] Tordino 600 x 1040 Aluminium Radiator Matt Grey -> radiator
  ✓ model_3089.glb (286 polys)

[3090] Tuscan Square Towel Rail 1800 x 600 Matt Grey -> towel-rail
  ✓ model_3090.glb (408 polys)

[3091] Defford 1800 x 600mm Towel Rail Chrome -> towel-rail
  ✓ model_3091.glb (408 polys)

[3092] Tordino 1800 x 565 Aluminium Radiator Matt Black -> radiator
  ✓ model_3092.glb (286 polys)

[3093] Defford 1200 x 500mm Towel Rail Matt Grey -> towel-rail
  ✓ model_3093.glb (408 polys)

[3094] Tuscan Square Towel Rail 1800 x 500 Matt Grey -> towel-rail
  ✓ model_3094.glb (408 polys)

[3095] Defford 1800 x 500mm Towel Rail Chrome -> towel-rail
  ✓ model_3095.glb (408 polys)

[3096] Tordino 1800 x 470 Aluminium Radiator Matt Black -> radiator
  ✓ model_3096.glb (286 polys)

[3097] Defford 800 x 600mm Towel Rail Matt Grey -> towel-rail
  ✓ model_3097.glb (408 polys)

[3098] Tuscan Square Towel Rail 1200 x 600 Matt Grey -> towel-rail
  ✓ model_3098.glb (408 polys)

[3099] Defford 1200 x 600mm Towel Rail Chrome -> towel-rail
  ✓ model_3099.glb (408 polys)

[3100] Tordino 1800 x 375 Aluminium Radiator Matt Black -> radiator
  ✓ model_3100.glb (286 polys)

[3101] Tuscan Square Towel Rail 1200 x 500 Matt Grey -> towel-rail
  ✓ model_3101.glb (408 polys)

[3102] Defford 1200 x 500mm Towel Rail Chrome -> towel-rail
  ✓ model_3102.glb (408 polys)

[3103] Tuscan Square Towel Rail 800 x 600 Matt Grey -> towel-rail
  ✓ model_3103.glb (408 polys)

[3104] Tordino 1800 x 280 Aluminium Radiator Matt Black -> radiator
  ✓ model_3104.glb (286 polys)

[3105] Charlton 1200 x 470 Aluminium Radiator Matt White -> radiator
  ✓ model_3105.glb (286 polys)

[3106] Tuscan Square Towel Rail 800 x 500 Matt Grey -> towel-rail
  ✓ model_3106.glb (408 polys)

[3107] Defford 800 x 600mm Towel Rail Chrome -> towel-rail
  ✓ model_3107.glb (408 polys)

[3108] Tordino 600 x 1230 Aluminium Radiator Matt Black -> radiator
  ✓ model_3108.glb (286 polys)

[3109] Tuscan Square Towel Rail 1800 x 600 Gloss White -> towel-rail
  ✓ model_3109.glb (408 polys)

[3110] Defford 800 x 500mm Towel Rail Chrome -> towel-rail
  ✓ model_3110.glb (408 polys)

[3111] Charlton 1200 x 375 Aluminium Radiator Matt White -> radiator
  ✓ model_3111.glb (286 polys)

[3112] Tuscan Square Towel Rail 1800 x 500 Gloss White -> towel-rail
  ✓ model_3112.glb (408 polys)

[3113] Defford 1800 x 600mm Towel Rail Matt Black -> towel-rail
  ✓ model_3113.glb (408 polys)

[3114] Charlton 1200 x 280 Aluminium Radiator Matt White -> radiator
  ✓ model_3114.glb (286 polys)

[3115] Witney 600 x 1040 Aluminium Radiator Matt White -> radiator
  ✓ model_3115.glb (286 polys)

[3116] Tuscan Square Towel Rail 1200 x 600 Gloss White -> towel-rail
  ✓ model_3116.glb (408 polys)

Done: 570 generated, 0 failed.
