Found 280 pending; 256 have a generator slot.

[2118] Modera 6 Bifold Shower Door -> vanity-unit
  ✓ model_2118.glb (356 polys)

[2133] Velluto Hinged Door -> vanity-unit
  ✓ model_2133.glb (356 polys)

[2134] Velluto Hinged Door -> vanity-unit
  ✓ model_2134.glb (356 polys)

[2135] Velluto Hinged Door -> vanity-unit
  ✓ model_2135.glb (356 polys)

[2136] Velluto Hinged Door -> vanity-unit
  ✓ model_2136.glb (356 polys)

[2137] Velluto Hinged Door -> vanity-unit
  ✓ model_2137.glb (356 polys)

[2138] Velluto Hinged Door -> vanity-unit
  ✓ model_2138.glb (356 polys)

[2139] Velluto Hinged Door -> vanity-unit
  ✓ model_2139.glb (356 polys)

[2140] VELLUTO HINGED DOOR KIT Chrome Chrome -> vanity-unit
  ✓ model_2140.glb (356 polys)

[2141] Velluto Hinged Door Kit -> vanity-unit
  ✓ model_2141.glb (356 polys)

[2142] VELLUTO HINGED DOOR KIT Brushed Brass Brushed Brass -> vanity-unit
  ✓ model_2142.glb (356 polys)

[2143] VELLUTO HINGED DOOR KIT Brushed Bronze Brushed Bronze -> vanity-unit
  ✓ model_2143.glb (356 polys)

[2144] VELLUTO HINGED DOOR KIT Gunmetal Gunmetal -> vanity-unit
  ✓ model_2144.glb (356 polys)

[1858] Square Edged Worktops -> vanity-unit
  ✓ model_1858.glb (356 polys)

[1859] Square Edged Worktops -> vanity-unit
  ✓ model_1859.glb (356 polys)

[1860] Square Edged Worktops -> vanity-unit
  ✓ model_1860.glb (356 polys)

[1861] Square Edged Worktops -> vanity-unit
  ✓ model_1861.glb (356 polys)

[1862] Driver for Zaneti Drawer Lights 8w -> vanity-unit
  ✓ model_1862.glb (356 polys)

[1863] Square Edged Worktops -> vanity-unit
  ✓ model_1863.glb (356 polys)

[1864] Square Edged Worktops -> vanity-unit
  ✓ model_1864.glb (356 polys)

[1865] Square Edged Worktops -> vanity-unit
  ✓ model_1865.glb (356 polys)

[1866] Square Edged Worktops -> vanity-unit
  ✓ model_1866.glb (356 polys)

[1867] Sleek Pull Handle -> vanity-unit
  ✓ model_1867.glb (356 polys)

[1868] SLEEK PULL HANDLE Cashmere 150mm Cashmere 200mm -> vanity-unit
  ✓ model_1868.glb (356 polys)

[1869] SLEEK PULL HANDLE Olive 150mm Olive 200mm -> vanity-unit
  ✓ model_1869.glb (356 polys)

[1870] SLEEK PULL HANDLE Khaki 150mm Khaki 200mm -> vanity-unit
  ✓ model_1870.glb (356 polys)

[1871] SLEEK PULL HANDLE Espresso 150mm Espresso 200mm -> vanity-unit
  ✓ model_1871.glb (356 polys)

[1872] Square Edged Worktops -> vanity-unit
  ✓ model_1872.glb (356 polys)

[1873] Square Edged Worktops -> vanity-unit
  ✓ model_1873.glb (356 polys)

[1874] Square Edged Worktops -> vanity-unit
  ✓ model_1874.glb (356 polys)

[1875] Square Edged Worktops -> vanity-unit
  ✓ model_1875.glb (356 polys)

[1876] Square Edged Worktops -> vanity-unit
  ✓ model_1876.glb (356 polys)

[1877] Square Edged Worktops -> vanity-unit
  ✓ model_1877.glb (356 polys)

[1878] Square Edged Worktops -> vanity-unit
  ✓ model_1878.glb (356 polys)

[1879] Square Edged Worktops -> vanity-unit
  ✓ model_1879.glb (356 polys)

[1880] Square Edged Worktops -> vanity-unit
  ✓ model_1880.glb (356 polys)

[1881] Corian Worktops -> vanity-unit
  ✓ model_1881.glb (356 polys)

[1882] Corian Worktops -> vanity-unit
  ✓ model_1882.glb (356 polys)

[1883] Corian Worktops -> vanity-unit
  ✓ model_1883.glb (356 polys)

[1884] Square Edged Worktops Walnut -> vanity-unit
  ✓ model_1884.glb (356 polys)

[1885] INSET HANDLE - 1M LONG Brushed Brass -> vanity-unit
  ✓ model_1885.glb (356 polys)

[1886] INSET HANDLE - 1M LONG Black -> vanity-unit
  ✓ model_1886.glb (356 polys)

[1887] Square Edged Worktops -> vanity-unit
  ✓ model_1887.glb (356 polys)

[1888] Square Edged Worktops -> vanity-unit
  ✓ model_1888.glb (356 polys)

[1889] Square Edged Worktops -> vanity-unit
  ✓ model_1889.glb (356 polys)

[1890] Square Edged Worktops -> vanity-unit
  ✓ model_1890.glb (356 polys)

[1891] Square Edged Worktops -> vanity-unit
  ✓ model_1891.glb (356 polys)

[1892] Square Edged Worktops -> vanity-unit
  ✓ model_1892.glb (356 polys)

[1893] Square Edged Worktops -> vanity-unit
  ✓ model_1893.glb (356 polys)

[1894] Square Edged Worktops -> vanity-unit
  ✓ model_1894.glb (356 polys)

[1895] Square Edged Worktops -> vanity-unit
  ✓ model_1895.glb (356 polys)

[1896] Square Edged Worktops -> vanity-unit
  ✓ model_1896.glb (356 polys)

[1897] Square Edged Worktops -> vanity-unit
  ✓ model_1897.glb (356 polys)

[1898] Square Edged Worktops -> vanity-unit
  ✓ model_1898.glb (356 polys)

[1899] Square Edged Worktops -> vanity-unit
  ✓ model_1899.glb (356 polys)

[1900] Sage With Natural Oak Worktop -> vanity-unit
  ✓ model_1900.glb (356 polys)

[1901] Square Edged Worktops -> vanity-unit
  ✓ model_1901.glb (356 polys)

[1902] • 1 door -> vanity-unit
  ✓ model_1902.glb (356 polys)

[1903] Sleek Pull Handle -> vanity-unit
  ✓ model_1903.glb (356 polys)

[1904] Sleek Pull Handle -> vanity-unit
  ✓ model_1904.glb (356 polys)

[1905] furniture is on Virtual Worlds! Gloss Dove Grey -> vanity-unit
  ✓ model_1905.glb (356 polys)

[1906] furniture is on Virtual Worlds! Super Matt Boston Green -> vanity-unit
  ✓ model_1906.glb (356 polys)

[1907] furniture is on Virtual Worlds! Super Matt Black -> vanity-unit
  ✓ model_1907.glb (356 polys)

[1908] • 2 doors -> vanity-unit
  ✓ model_1908.glb (356 polys)

[1909] • 2 doors -> vanity-unit
  ✓ model_1909.glb (356 polys)

[1910] Square Edged Worktops -> vanity-unit
  ✓ model_1910.glb (356 polys)

[1911] Square Edged Worktops -> vanity-unit
  ✓ model_1911.glb (356 polys)

[1912] Square Edged Worktops -> vanity-unit
  ✓ model_1912.glb (356 polys)

[1913] Square Edged Worktops -> vanity-unit
  ✓ model_1913.glb (356 polys)

[1914] Square Edged Worktops -> vanity-unit
  ✓ model_1914.glb (356 polys)

[1915] Square Edged Worktops -> vanity-unit
  ✓ model_1915.glb (356 polys)

[1916] Square Edged Worktops -> vanity-unit
  ✓ model_1916.glb (356 polys)

[1917] Square Edged Worktops -> vanity-unit
  ✓ model_1917.glb (356 polys)

[1918] LARDER UNIT White Black -> vanity-unit
  ✓ model_1918.glb (356 polys)

[1919] LARDER UNIT Grey Henley Blue -> vanity-unit
  ✓ model_1919.glb (356 polys)

[1920] LARDER UNIT Oak -> vanity-unit
  ✓ model_1920.glb (356 polys)

[1922] Filler/End Panel Standard Depth -> vanity-unit
  ✓ model_1922.glb (356 polys)

[1923] FILLER/END PANEL STANDARD DEPTH Gloss White Natural Oak -> vanity-unit
  ✓ model_1923.glb (356 polys)

[1924] Filler/End Panel Standard Depth -> vanity-unit
  ✓ model_1924.glb (356 polys)

[1925] Filler/End Panel Standard Depth -> vanity-unit
  ✓ model_1925.glb (356 polys)

[1926] Filler/End Panel Standard Depth -> vanity-unit
  ✓ model_1926.glb (356 polys)

[1927] Filler/End Panel Standard Depth -> vanity-unit
  ✓ model_1927.glb (356 polys)

[1928] Tall Filler/Tall End Panel Standard Depth -> vanity-unit
  ✓ model_1928.glb (356 polys)

[1929] TALL FILLER/TALL END PANEL STANDARD DEPTH Gloss White Natural Oak -> vanity-unit
  ✓ model_1929.glb (356 polys)

[1930] Tall Filler/Tall End Panel Standard Depth -> vanity-unit
  ✓ model_1930.glb (356 polys)

[1931] Tall Filler/Tall End Panel Standard Depth -> vanity-unit
  ✓ model_1931.glb (356 polys)

[1932] Tall Filler/Tall End Panel Standard Depth -> vanity-unit
  ✓ model_1932.glb (356 polys)

[1933] Tall Filler/Tall End Panel Standard Depth -> vanity-unit
  ✓ model_1933.glb (356 polys)

[1934] Dresser End Panel -> vanity-unit
  ✓ model_1934.glb (356 polys)

[1935] DRESSER END PANEL Gloss White Natural Oak -> vanity-unit
  ✓ model_1935.glb (356 polys)

[1936] Dresser End Panel -> vanity-unit
  ✓ model_1936.glb (356 polys)

[1937] Dresser End Panel -> vanity-unit
  ✓ model_1937.glb (356 polys)

[1938] Dresser End Panel -> vanity-unit
  ✓ model_1938.glb (356 polys)

[1939] Filler/End Panel Slim Depth -> vanity-unit
  ✓ model_1939.glb (356 polys)

[1940] FILLER/END PANEL SLIM DEPTH Gloss White Natural Oak -> vanity-unit
  ✓ model_1940.glb (356 polys)

[1941] Filler/End Panel Slim Depth -> vanity-unit
  ✓ model_1941.glb (356 polys)

[1942] Filler/End Panel Slim Depth -> vanity-unit
  ✓ model_1942.glb (356 polys)

[1943] Filler/End Panel Slim Depth -> vanity-unit
  ✓ model_1943.glb (356 polys)

[1944] Filler/End Panel Slim Depth -> vanity-unit
  ✓ model_1944.glb (356 polys)

[1945] Wall Cupboard End Panel -> vanity-unit
  ✓ model_1945.glb (356 polys)

[1946] WALL CUPBOARD END PANEL Gloss White -> vanity-unit
  ✓ model_1946.glb (356 polys)

[1947] Wall Cupboard End Panel -> vanity-unit
  ✓ model_1947.glb (356 polys)

[1948] Wall Cupboard End Panel -> vanity-unit
  ✓ model_1948.glb (356 polys)

[1949] Wall Cupboard End Panel -> vanity-unit
  ✓ model_1949.glb (356 polys)

[1950] Wall Cupboard End Panel -> vanity-unit
  ✓ model_1950.glb (356 polys)

[1991] HANDLES Gunmetal -> vanity-unit
  ✓ model_1991.glb (356 polys)

[1992] HANDLES Chrome -> vanity-unit
  ✓ model_1992.glb (356 polys)

[1993] HANDLES Brushed Brass -> vanity-unit
  ✓ model_1993.glb (356 polys)

[1994] HANDLES Chrome -> vanity-unit
  ✓ model_1994.glb (356 polys)

[1995] HANDLES Brushed Brass -> vanity-unit
  ✓ model_1995.glb (356 polys)

[2002] • Suitable for Zaneti slimline furniture -> vanity-unit
  ✓ model_2002.glb (356 polys)

[2007] Carronite End Panels -> vanity-unit
  ✓ model_2007.glb (356 polys)

[2008] Carronite End Panels -> vanity-unit
  ✓ model_2008.glb (356 polys)

[2009] End Panel -> vanity-unit
  ✓ model_2009.glb (356 polys)

[2010] End Panel -> vanity-unit
  ✓ model_2010.glb (356 polys)

[2016] 30 End Panel 800mm -> vanity-unit
  ✓ model_2016.glb (356 polys)

[2068] Modera 8 Sliding Shower Door -> vanity-unit
  ✓ model_2068.glb (356 polys)

[2069] Modera 8 Sliding Shower Door -> vanity-unit
  ✓ model_2069.glb (356 polys)

[2070] Modera 8 Sliding Shower Door -> vanity-unit
  ✓ model_2070.glb (356 polys)

[2081] Modera 6 Sliding Shower Door -> vanity-unit
  ✓ model_2081.glb (356 polys)

[2082] Modera 6 Sliding Shower Door -> vanity-unit
  ✓ model_2082.glb (356 polys)

[2083] Modera 6 Sliding Shower Door -> vanity-unit
  ✓ model_2083.glb (356 polys)

[2084] Modera 6 Sliding Shower Door -> vanity-unit
  ✓ model_2084.glb (356 polys)

[2085] Modera 6 Sliding Shower Door -> vanity-unit
  ✓ model_2085.glb (356 polys)

[2086] Modera 6 Sliding Shower Door -> vanity-unit
  ✓ model_2086.glb (356 polys)

[2087] Modera 6 Sliding Shower Door -> vanity-unit
  ✓ model_2087.glb (356 polys)

[2088] Modera 6 Sliding Shower Door -> vanity-unit
  ✓ model_2088.glb (356 polys)

[2089] Modera 6 Sliding Shower Door -> vanity-unit
  ✓ model_2089.glb (356 polys)

[2090] Modera 6 Sliding Shower Door -> vanity-unit
  ✓ model_2090.glb (356 polys)

[2091] Modera 6 Sliding Shower Door -> vanity-unit
  ✓ model_2091.glb (356 polys)

[2092] Modera 6 Sliding Shower Door -> vanity-unit
  ✓ model_2092.glb (356 polys)

[2093] MODERA 6 SLIDING SHOWER DOOR Brushed Brass 1000 955-1005mm 380mm 6mm Brushed Brass 900 870-895mm 6mm -> vanity-unit
  ✓ model_2093.glb (356 polys)

[2094] MODERA 6 SLIDING SHOWER DOOR Brushed Brass 1100 1055-1205mm 420mm 6mm -> vanity-unit
  ✓ model_2094.glb (356 polys)

[2095] MODERA 6 SLIDING SHOWER DOOR Brushed Brass 1200 1155-1205mm 470mm 6mm -> vanity-unit
  ✓ model_2095.glb (356 polys)

[2096] Modera 6 Hinged Shower Door -> vanity-unit
  ✓ model_2096.glb (356 polys)

[2097] Modera 6 Hinged Shower Door -> vanity-unit
  ✓ model_2097.glb (356 polys)

[2098] Modera 6 Hinged Shower Door -> vanity-unit
  ✓ model_2098.glb (356 polys)

[2099] Modera 6 Hinged Shower Door -> vanity-unit
  ✓ model_2099.glb (356 polys)

[2100] Modera 6 Hinged Shower Door -> vanity-unit
  ✓ model_2100.glb (356 polys)

[2101] MODERA 6 HINGED SHOWER DOOR Brushed Brass 700 655-705mm 540mm 6mm Brushed Brass 760 730-755mm 6mm -> vanity-unit
  ✓ model_2101.glb (356 polys)

[2102] MODERA 6 HINGED SHOWER DOOR Brushed Brass 760 715-765mm 600mm 6mm -> vanity-unit
  ✓ model_2102.glb (356 polys)

[2103] MODERA 6 HINGED SHOWER DOOR Brushed Brass 800 755-805mm 640mm 6mm Brushed Brass 900 870-895mm 6mm -> vanity-unit
  ✓ model_2103.glb (356 polys)

[2104] MODERA 6 HINGED SHOWER DOOR Brushed Brass 900 855-905mm 740mm 6mm -> vanity-unit
  ✓ model_2104.glb (356 polys)

[2105] Modera 6 Pivot Shower Door -> vanity-unit
  ✓ model_2105.glb (356 polys)

[2106] Modera 6 Pivot Shower Door -> vanity-unit
  ✓ model_2106.glb (356 polys)

[2107] Modera 6 Pivot Shower Door -> vanity-unit
  ✓ model_2107.glb (356 polys)

[2108] Modera 6 Pivot Shower Door -> vanity-unit
  ✓ model_2108.glb (356 polys)

[2109] Modera 6 Bifold Shower Door -> vanity-unit
  ✓ model_2109.glb (356 polys)

[2110] Modera 6 Bifold Shower Door -> vanity-unit
  ✓ model_2110.glb (356 polys)

[2111] Modera 6 Bifold Shower Door -> vanity-unit
  ✓ model_2111.glb (356 polys)

[2112] Modera 6 Bifold Shower Door -> vanity-unit
  ✓ model_2112.glb (356 polys)

[2113] Modera 6 Bifold Shower Door -> vanity-unit
  ✓ model_2113.glb (356 polys)

[2114] Modera 6 Bifold Shower Door -> vanity-unit
  ✓ model_2114.glb (356 polys)

[2115] Modera 6 Bifold Shower Door -> vanity-unit
  ✓ model_2115.glb (356 polys)

[2116] Modera 6 Bifold Shower Door -> vanity-unit
  ✓ model_2116.glb (356 polys)

[2117] Modera 6 Bifold Shower Door -> vanity-unit
  ✓ model_2117.glb (356 polys)

[2236] Waterproof Recessed Storage -> vanity-unit
  ✓ model_2236.glb (356 polys)

[2237] Waterproof Recessed Storage -> vanity-unit
  ✓ model_2237.glb (356 polys)

[2238] Waterproof Recessed Storage -> vanity-unit
  ✓ model_2238.glb (356 polys)

[2239] Waterproof Recessed Storage -> vanity-unit
  ✓ model_2239.glb (356 polys)

[2240] Waterproof Recessed Storage -> vanity-unit
  ✓ model_2240.glb (356 polys)

[2241] Waterproof Recessed Storage -> vanity-unit
  ✓ model_2241.glb (356 polys)

[2242] Waterproof Recessed Storage -> vanity-unit
  ✓ model_2242.glb (356 polys)

[2243] Waterproof Recessed Storage -> vanity-unit
  ✓ model_2243.glb (356 polys)

[2271] Knurled Handle Only (Pair) -> vanity-unit
  ✓ model_2271.glb (356 polys)

[2272] Knurled Handle Only -> vanity-unit
  ✓ model_2272.glb (356 polys)

[2273] Knurled Handle Only Knurled Handle Only (Pair) Knurled Handle Only -> vanity-unit
  ✓ model_2273.glb (356 polys)

[2275] Individual Shower Valves MP -> shower-set
  ✓ model_2275.glb (888 polys)

[2276] Knurled Handle Only (Pair) -> vanity-unit
  ✓ model_2276.glb (356 polys)

[2277] Knurled Handle Only (Pair) -> vanity-unit
  ✓ model_2277.glb (356 polys)

[2278] Knurled Handle Only -> vanity-unit
  ✓ model_2278.glb (356 polys)

[2280] Knurled Handle Only Knurled Handle Only (Pair) Knurled Handle Only -> vanity-unit
  ✓ model_2280.glb (356 polys)

[2282] Individual Shower Valves MP -> shower-set
  ✓ model_2282.glb (888 polys)

[2283] Knurled Handle Only (Pair) -> vanity-unit
  ✓ model_2283.glb (356 polys)

[2284] Knurled Handle Only (Pair) -> vanity-unit
  ✓ model_2284.glb (356 polys)

[2285] Knurled Handle Only -> vanity-unit
  ✓ model_2285.glb (356 polys)

[2287] Knurled Handle Only Knurled Handle Only (Pair) Knurled Handle Only -> vanity-unit
  ✓ model_2287.glb (356 polys)

[2289] Knurled Handle Only (Pair) Individual MP -> vanity-unit
  ✓ model_2289.glb (356 polys)

[2290] Knurled Handle Only (Pair) -> vanity-unit
  ✓ model_2290.glb (356 polys)

[2291] Knurled Handle Only -> vanity-unit
  ✓ model_2291.glb (356 polys)

[2293] Knurled Handle Only Knurled Handle Only (Pair) Knurled Handle Only -> vanity-unit
  ✓ model_2293.glb (356 polys)

[2294] Un-Slotted Individual Shower Valves MP -> shower-set
  ✓ model_2294.glb (888 polys)

[2295] Knurled Handle Only (Pair) -> vanity-unit
  ✓ model_2295.glb (356 polys)

[2296] Knurled Handle Only (Pair) -> vanity-unit
  ✓ model_2296.glb (356 polys)

[2297] Round Valve -> shower-set
  ✓ model_2297.glb (888 polys)

[2298] Round Valve -> shower-set
  ✓ model_2298.glb (888 polys)

[2299] Round Valve -> shower-set
  ✓ model_2299.glb (888 polys)

[2300] Round Valve -> shower-set
  ✓ model_2300.glb (888 polys)

[2301] Round Valve -> shower-set
  ✓ model_2301.glb (888 polys)

[2302] Square Valve -> shower-set
  ✓ model_2302.glb (888 polys)

[2303] Square Valve -> shower-set
  ✓ model_2303.glb (888 polys)

[2304] Square Valve -> shower-set
  ✓ model_2304.glb (888 polys)

[2305] Square Valve -> shower-set
  ✓ model_2305.glb (888 polys)

[2306] Square Valve -> shower-set
  ✓ model_2306.glb (888 polys)

[2315] Round Shower Arm Square Shower Arm Round Ceiling Arm -> shower-set
  ✓ model_2315.glb (888 polys)

[2316] Round Shower Arm Square Shower Arm Round Ceiling Arm -> shower-set
  ✓ model_2316.glb (888 polys)

[2317] Round Shower Arm Square Shower Arm Round Ceiling Arm -> shower-set
  ✓ model_2317.glb (888 polys)

[2318] Round Shower Arm Square Shower Arm Round Ceiling Arm -> shower-set
  ✓ model_2318.glb (888 polys)

[2319] Round Shower Arm Square Shower Arm -> shower-set
  ✓ model_2319.glb (888 polys)

[2320] Ultra Thin Square 250 Ultra Thin Round 250 Square Ceiling Arm -> shower-set
  ✓ model_2320.glb (888 polys)

[2321] Square Ceiling Arm -> shower-set
  ✓ model_2321.glb (888 polys)

[2322] Square Ceiling Arm -> shower-set
  ✓ model_2322.glb (888 polys)

[2323] Square Ceiling Arm -> shower-set
  ✓ model_2323.glb (888 polys)

[2324] Square Ceiling Arm -> shower-set
  ✓ model_2324.glb (888 polys)

[2325] Groove Handle Twin Set Groove Handle Triple Set -> vanity-unit
  ✓ model_2325.glb (356 polys)

[2326] Groove Handle Twin Set Groove Handle Triple Set -> vanity-unit
  ✓ model_2326.glb (356 polys)

[2327] Groove Handle Twin Set Groove Handle Triple Set -> vanity-unit
  ✓ model_2327.glb (356 polys)

[2328] Concealed Individual Shower Valves -> shower-set
  ✓ model_2328.glb (888 polys)

[2329] Concealed Individual Shower Valves -> shower-set
  ✓ model_2329.glb (888 polys)

[2330] Chrome Angled Valve Chrome Angled Valve -> shower-set
  ✓ model_2330.glb (888 polys)

[2331] Chrome Straight Valve Chrome Straight Valve -> shower-set
  ✓ model_2331.glb (888 polys)

[2332] Matt Black Angled Valve Matt Black Angled Valve -> shower-set
  ✓ model_2332.glb (888 polys)

[2333] Matt Black Straight Valve Matt Black Straight Valve -> shower-set
  ✓ model_2333.glb (888 polys)

[2334] Brushed Brass Angled Valve Brushed Brass Angled Valve -> shower-set
  ✓ model_2334.glb (888 polys)

[2335] Brushed Brass Straight Valve Brushed Brass Straight Valve -> shower-set
  ✓ model_2335.glb (888 polys)

[2336] Gunmetal Angled Valve Gunmetal Angled Valve -> shower-set
  ✓ model_2336.glb (888 polys)

[2337] Gunmetal Straight Valve Gunmetal Straight Valve -> shower-set
  ✓ model_2337.glb (888 polys)

[2338] Brushed Bronze Angled Valve Brushed Bronze Angled Valve -> shower-set
  ✓ model_2338.glb (888 polys)

[2339] Brushed Bronze Straight Valve Brushed Bronze Straight Valve -> shower-set
  ✓ model_2339.glb (888 polys)

[2340] ARTIST Brushed Brass Angled Valves -> shower-set
  ✓ model_2340.glb (888 polys)

[2341] ARTIST Brushed Brass Straight Valves -> shower-set
  ✓ model_2341.glb (888 polys)

[2350] SELECT VALVES Chrome Corner Valve -> shower-set
  ✓ model_2350.glb (888 polys)

[2351] Select Valves -> shower-set
  ✓ model_2351.glb (888 polys)

[2352] Select Valves -> shower-set
  ✓ model_2352.glb (888 polys)

[2353] Select Valves -> shower-set
  ✓ model_2353.glb (888 polys)

[2354] SELECT VALVES Black Corner Valve -> shower-set
  ✓ model_2354.glb (888 polys)

[2355] SELECT VALVES Brushed Brass Corner Valve -> shower-set
  ✓ model_2355.glb (888 polys)

[2356] SELECT VALVES Brushed Bronze Corner Valve NEW -> shower-set
  ✓ model_2356.glb (888 polys)

[2357] SELECT VALVES Gunmetal Corner Valve NEW -> shower-set
  ✓ model_2357.glb (888 polys)

[2358] THERMOSTATIC VALVES Chrome Angled Thermostatic Valve -> shower-set
  ✓ model_2358.glb (888 polys)

[2359] THERMOSTATIC VALVES Chrome Straight Thermostatic Valve -> shower-set
  ✓ model_2359.glb (888 polys)

[2360] THERMOSTATIC VALVES Chrome Corner Thermostatic Valve -> shower-set
  ✓ model_2360.glb (888 polys)

[2361] Thermostatic Valves -> shower-set
  ✓ model_2361.glb (888 polys)

[2362] Thermostatic Valves -> shower-set
  ✓ model_2362.glb (888 polys)

[2363] Thermostatic Valves -> shower-set
  ✓ model_2363.glb (888 polys)

[2364] THERMOSTATIC VALVES Black Angled Thermostatic Valve -> shower-set
  ✓ model_2364.glb (888 polys)

[2365] THERMOSTATIC VALVES Black Straight Thermostatic Valve -> shower-set
  ✓ model_2365.glb (888 polys)

[2366] THERMOSTATIC VALVES Black Corner Thermostatic Valve -> shower-set
  ✓ model_2366.glb (888 polys)

[2367] THERMOSTATIC VALVES Brushed Brass Angled Thermostatic Valve -> shower-set
  ✓ model_2367.glb (888 polys)

[2368] THERMOSTATIC VALVES Brushed Brass Straight Thermostatic Valve -> shower-set
  ✓ model_2368.glb (888 polys)

[2369] THERMOSTATIC VALVES Brushed Brass Corner Thermostatic Valve -> shower-set
  ✓ model_2369.glb (888 polys)

[2370] THERMOSTATIC VALVES White Angled Thermostatic Valve -> shower-set
  ✓ model_2370.glb (888 polys)

[2371] THERMOSTATIC VALVES White Straight Thermostatic Valve -> shower-set
  ✓ model_2371.glb (888 polys)

[2372] THERMOSTATIC VALVES White Corner Thermostatic Valve -> shower-set
  ✓ model_2372.glb (888 polys)

[2373] CROSS HEAD VALVE Chrome Angled Valve -> shower-set
  ✓ model_2373.glb (888 polys)

[2374] CROSS HEAD VALVE Chrome Straight Valve -> shower-set
  ✓ model_2374.glb (888 polys)

[2375] CROSS HEAD VALVE Brushed Brass Angled Valve -> shower-set
  ✓ model_2375.glb (888 polys)

[2452] WALL PANEL END CAPS (U SHAPE) Chrome -> vanity-unit
  ✓ model_2452.glb (356 polys)

[2453] Wall Panel End Caps (U Shape) -> vanity-unit
  ✓ model_2453.glb (356 polys)

[2454] WALL PANEL END CAPS (U SHAPE) White -> vanity-unit
  ✓ model_2454.glb (356 polys)

[2455] WALL PANEL INTERNAL CORNER Chrome -> vanity-unit
  ✓ model_2455.glb (356 polys)

[2456] Wall Panel Internal Corner -> vanity-unit
  ✓ model_2456.glb (356 polys)

[2457] WALL PANEL INTERNAL CORNER White -> vanity-unit
  ✓ model_2457.glb (356 polys)

[2458] WALL PANEL EXTERNAL CORNER Chrome -> vanity-unit
  ✓ model_2458.glb (356 polys)

[2459] Wall Panel External Corner -> vanity-unit
  ✓ model_2459.glb (356 polys)

[2460] WALL PANEL EXTERNAL CORNER White -> vanity-unit
  ✓ model_2460.glb (356 polys)

Done: 256 generated, 0 failed.
Found 86 pending; 86 have a generator slot.

[2525] Column 700x2000mm 700x2000mm -> shower-screen
  ✓ model_2525.glb (58 polys)

[2526] Column 800x2000mm 800x2000mm -> shower-screen
  ✓ model_2526.glb (58 polys)

[2527] Column 900x2000mm 900x2000mm -> shower-screen
  ✓ model_2527.glb (58 polys)

[2528] Column 1000x2000mm 1000x2000mm -> shower-screen
  ✓ model_2528.glb (58 polys)

[2529] Column 1200x2000mm 1200x2000mm -> shower-screen
  ✓ model_2529.glb (58 polys)

[2530] Column 159x191mm 159x191mm -> shower-screen
  ✓ model_2530.glb (58 polys)

[2531] Pivot Door Chrome 760x2000mm 760x2000mm -> shower-screen
  ✓ model_2531.glb (58 polys)

[2532] Pivot Door Chrome 800x2000mm 800x2000mm -> shower-screen
  ✓ model_2532.glb (58 polys)

[2533] Pivot Door Chrome 900x2000mm 900x2000mm -> shower-screen
  ✓ model_2533.glb (58 polys)

[2534] Pivot Door Chrome 1000x2000mm 1000x2000mm -> shower-screen
  ✓ model_2534.glb (58 polys)

[2535] Sliding Door Chrome 700x2000mm 700x2000mm -> shower-screen
  ✓ model_2535.glb (58 polys)

[2536] Sliding Door Chrome 760x2000mm 760x2000mm -> shower-screen
  ✓ model_2536.glb (58 polys)

[2537] Sliding Door Chrome 800x2000mm 800x2000mm -> shower-screen
  ✓ model_2537.glb (58 polys)

[2538] Sliding Door Chrome 900x2000mm 900x2000mm -> shower-screen
  ✓ model_2538.glb (58 polys)

[2539] Sliding Door Chrome 1000x2000mm 1000x2000mm -> shower-screen
  ✓ model_2539.glb (58 polys)

[2540] Sliding Door Chrome -> shower-screen
  ✓ model_2540.glb (58 polys)

[2541] Sliding Door Chrome 1100x2000mm 1100x2000mm -> shower-screen
  ✓ model_2541.glb (58 polys)

[2542] Sliding Door Chrome 1200x2000mm 1200x2000mm -> shower-screen
  ✓ model_2542.glb (58 polys)

[2543] Sliding Door Chrome 1400x2000mm 1400x2000mm -> shower-screen
  ✓ model_2543.glb (58 polys)

[2544] Sliding Door Chrome -> shower-screen
  ✓ model_2544.glb (58 polys)

[2545] Specification as standard 700x1900mm 700x1900mm -> shower-screen
  ✓ model_2545.glb (58 polys)

[2546] Specification as standard 760x1900mm 760x1900mm -> shower-screen
  ✓ model_2546.glb (58 polys)

[2547] Specification as standard 800x1900mm 800x1900mm -> shower-screen
  ✓ model_2547.glb (58 polys)

[2548] Specification as standard 900x1900mm 900x1900mm -> shower-screen
  ✓ model_2548.glb (58 polys)

[2549] Specification as standard 1000x1900mm 1000x1900mm -> shower-screen
  ✓ model_2549.glb (58 polys)

[2550] Quadrant Door 760x1900mm 760x1900mm -> shower-screen
  ✓ model_2550.glb (58 polys)

[2551] Quadrant Door 800x1900mm 800x1900mm -> shower-screen
  ✓ model_2551.glb (58 polys)

[2552] Quadrant Door 900x1900mm 900x1900mm -> shower-screen
  ✓ model_2552.glb (58 polys)

[2553] Quadrant Door 1000x1900mm 1000x1900mm -> shower-screen
  ✓ model_2553.glb (58 polys)

[2554] Sliding Door 700x1900mm 700x1900mm -> shower-screen
  ✓ model_2554.glb (58 polys)

[2555] Sliding Door 760x1900mm 760x1900mm -> shower-screen
  ✓ model_2555.glb (58 polys)

[2556] Sliding Door 800x1900mm 800x1900mm -> shower-screen
  ✓ model_2556.glb (58 polys)

[2557] Sliding Door 900x1900mm 900x1900mm -> shower-screen
  ✓ model_2557.glb (58 polys)

[2558] Sliding Door 1000x1900mm 1000x1900mm -> shower-screen
  ✓ model_2558.glb (58 polys)

[2559] Sliding Door -> shower-screen
  ✓ model_2559.glb (58 polys)

[2560] Sliding Door 1100x1900mm 1100x1900mm -> shower-screen
  ✓ model_2560.glb (58 polys)

[2561] Sliding Door 1200x1900mm 1200x1900mm -> shower-screen
  ✓ model_2561.glb (58 polys)

[2562] Sliding Door 1400x1900mm 1400x1900mm -> shower-screen
  ✓ model_2562.glb (58 polys)

[2563] Bi-Fold Door 700x1800mm 700x1800mm -> shower-screen
  ✓ model_2563.glb (58 polys)

[2564] Bi-Fold Door 760x1800mm 760x1800mm -> shower-screen
  ✓ model_2564.glb (58 polys)

[2565] Bi-Fold Door 800x1800mm 800x1800mm -> shower-screen
  ✓ model_2565.glb (58 polys)

[2566] Bi-Fold Door 900x1800mm 900x1800mm -> shower-screen
  ✓ model_2566.glb (58 polys)

[2567] Bi-Fold Door 1000x1800mm 1000x1800mm -> shower-screen
  ✓ model_2567.glb (58 polys)

[2568] Side Panel & Accessories 700x1800mm 700x1800mm -> shower-screen
  ✓ model_2568.glb (58 polys)

[2569] Side Panel & Accessories 760x1800mm 760x1800mm -> shower-screen
  ✓ model_2569.glb (58 polys)

[2570] Side Panel & Accessories 1000x1800mm 1000x1800mm -> shower-screen
  ✓ model_2570.glb (58 polys)

[2571] Side Panel & Accessories 800x1800mm 800x1800mm -> shower-screen
  ✓ model_2571.glb (58 polys)

[2572] Side Panel & Accessories 1200x1800mm 1200x1800mm -> shower-screen
  ✓ model_2572.glb (58 polys)

[2573] Side Panel & Accessories 900x1800mm 900x1800mm -> shower-screen
  ✓ model_2573.glb (58 polys)

[2574] Side Panel & Accessories -> shower-screen
  ✓ model_2574.glb (58 polys)

[2575] Side Panel & Accessories -> shower-screen
  ✓ model_2575.glb (58 polys)

[2576] Codes and prices 176x211mm 176x211mm -> shower-screen
  ✓ model_2576.glb (58 polys)

[2577] Codes and prices 165x198mm 165x198mm -> shower-screen
  ✓ model_2577.glb (58 polys)

[2578] Code and prices 355x426mm 355x426mm -> shower-screen
  ✓ model_2578.glb (58 polys)

[2579] Code and prices 340x408mm 340x408mm -> shower-screen
  ✓ model_2579.glb (58 polys)

[2580] Code and prices 336x404mm 336x404mm -> shower-screen
  ✓ model_2580.glb (58 polys)

[2581] Code and prices 355x427mm 355x427mm -> shower-screen
  ✓ model_2581.glb (58 polys)

[2582] SHOWER TRAYS 1700x482mm 1700x482mm -> shower-screen
  ✓ model_2582.glb (58 polys)

[2583] Flat Top Trays 800x226mm 800x226mm -> shower-screen
  ✓ model_2583.glb (58 polys)

[2584] Rectangular Shower Trays 900x244mm 900x244mm -> shower-screen
  ✓ model_2584.glb (58 polys)

[2585] Universal 1000x800mm 1000x800mm -> shower-screen
  ✓ model_2585.glb (58 polys)

[2586] Universal 1200x800mm 1200x800mm -> shower-screen
  ✓ model_2586.glb (58 polys)

[2587] Universal 1200x900mm 1200x900mm -> shower-screen
  ✓ model_2587.glb (58 polys)

[2588] Universal 1400x800mm 1400x800mm -> shower-screen
  ✓ model_2588.glb (58 polys)

[2589] Universal 1700x800mm 1700x800mm -> shower-screen
  ✓ model_2589.glb (58 polys)

[2590] Universal 1700x900mm 1700x900mm -> shower-screen
  ✓ model_2590.glb (58 polys)

[2591] Square Shower Trays 760x760mm 760x760mm -> shower-screen
  ✓ model_2591.glb (58 polys)

[2592] Square Shower Trays 760x760mm 760x760mm -> shower-screen
  ✓ model_2592.glb (58 polys)

[2593] Square Shower Trays 800x800mm 800x800mm -> shower-screen
  ✓ model_2593.glb (58 polys)

[2594] Square Shower Trays 800x800mm 800x800mm -> shower-screen
  ✓ model_2594.glb (58 polys)

[2595] Square Shower Trays 900x900mm 900x900mm -> shower-screen
  ✓ model_2595.glb (58 polys)

[2596] Square Shower Trays 900x900mm 900x900mm -> shower-screen
  ✓ model_2596.glb (58 polys)

[2597] Quadrant Shower Trays 800x800mm 800x800mm -> shower-screen
  ✓ model_2597.glb (58 polys)

[2598] Quadrant Shower Trays 900x900mm 900x900mm -> shower-screen
  ✓ model_2598.glb (58 polys)

[2599] Quadrant Shower Trays 1200x760mm 1200x760mm -> shower-screen
  ✓ model_2599.glb (58 polys)

[2600] Off-set Quadrant Shower Trays 1200x800mm 1200x800mm -> shower-screen
  ✓ model_2600.glb (58 polys)

[2601] Off-set Quadrant Shower Trays 1200x900mm 1200x900mm -> shower-screen
  ✓ model_2601.glb (58 polys)

[2602] Off-set Quadrant Shower Trays 1400x800mm 1400x800mm -> shower-screen
  ✓ model_2602.glb (58 polys)

[2603] Off-set Quadrant Shower Trays 1000x800mm 1000x800mm -> shower-screen
  ✓ model_2603.glb (58 polys)

[2604] Off-set Quadrant Shower Trays 1000x800mm 1000x800mm -> shower-screen
  ✓ model_2604.glb (58 polys)

[2605] Off-set Quadrant Shower Trays 1200x800mm 1200x800mm -> shower-screen
  ✓ model_2605.glb (58 polys)

[2606] Off-set Quadrant Shower Trays 1200x800mm 1200x800mm -> shower-screen
  ✓ model_2606.glb (58 polys)

[2607] Off-set Quadrant Shower Trays 1200x900mm 1200x900mm -> shower-screen
  ✓ model_2607.glb (58 polys)

[2608] Off-set Quadrant Shower Trays 1200x900mm 1200x900mm -> shower-screen
  ✓ model_2608.glb (58 polys)

[2609] Towel Ring -> shower-screen
  ✓ model_2609.glb (58 polys)

[2610] Toilet Roll Holder -> shower-screen
  ✓ model_2610.glb (58 polys)

Done: 86 generated, 0 failed.
