Found 455 pending; 455 have a generator slot.

[1295] 3 Column Radiator 1800x380mm White 1500x380 1500 x 380mm -> towel-rail
  ✓ model_1295.glb (408 polys)

[1296] 3 Column Radiator 1800x380mm White 1800x200 1800 x 200mm -> towel-rail
  ✓ model_1296.glb (408 polys)

[1323] Flat Vertical Single 1800x366 1800 x 366mm -> towel-rail
  ✓ model_1323.glb (408 polys)

[1285] Hedingham Vertical 1800x285 1800 x 285mm -> towel-rail
  ✓ model_1285.glb (408 polys)

[1286] Hedingham Vertical 1800x375 1800 x 375mm -> towel-rail
  ✓ model_1286.glb (408 polys)

[1287] Hedingham Vertical 1800x465 1800 x 465mm -> towel-rail
  ✓ model_1287.glb (408 polys)

[1288] Column Radiator 600x600 600 x 600mm -> towel-rail
  ✓ model_1288.glb (408 polys)

[1289] Column Radiator 600x820 600 x 820mm -> towel-rail
  ✓ model_1289.glb (408 polys)

[1290] Column Radiator 600x1000 600 x 1000mm -> towel-rail
  ✓ model_1290.glb (408 polys)

[1327] Mild Steel 600x588 600 x 588mm -> towel-rail
  ✓ model_1327.glb (408 polys)

[1291] Column Radiator 600x1175 600 x 1175mm -> towel-rail
  ✓ model_1291.glb (408 polys)

[1328] Mild Steel 600x810 600 x 810mm -> towel-rail
  ✓ model_1328.glb (408 polys)

[1292] Column Radiator 600x1265 600 x 1265mm -> towel-rail
  ✓ model_1292.glb (408 polys)

[1293] 3 Column Radiator 1800x380mm White 1500x200 1500 x 200mm -> towel-rail
  ✓ model_1293.glb (408 polys)

[1324] Flat Vertical Single 1800x440 1800 x 440mm -> towel-rail
  ✓ model_1324.glb (408 polys)

[1294] 3 Column Radiator 1800x380mm White 1500x290 1500 x 290mm -> towel-rail
  ✓ model_1294.glb (408 polys)

[1325] Flat Vertical Single 1800x514 1800 x 514mm -> towel-rail
  ✓ model_1325.glb (408 polys)

[1297] 3 Column Radiator 1800x380mm White 1800x290 1800 x 290mm -> towel-rail
  ✓ model_1297.glb (408 polys)

[1298] 3 Column Radiator 1800x380mm White 1800x380 1800 x 380mm -> towel-rail
  ✓ model_1298.glb (408 polys)

[1299] 3 Column Radiator 600x1010mm White Colona 500x605 500 x 605mm -> towel-rail
  ✓ model_1299.glb (408 polys)

[1300] 3 Column Radiator 600x1010mm White Colona 500x785 500 x 785mm -> towel-rail
  ✓ model_1300.glb (408 polys)

[1301] 3 Column Radiator 600x1010mm White Colona 500x1010 500 x 1010mm -> towel-rail
  ✓ model_1301.glb (408 polys)

[1302] 3 Column Radiator 600x1010mm White Colona 500x1190 500 x 1190mm -> towel-rail
  ✓ model_1302.glb (408 polys)

[1303] 3 Column Radiator 600x1010mm White Colona 300x1010 300 x 1010mm -> towel-rail
  ✓ model_1303.glb (408 polys)

[1304] 3 Column Radiator 600x1010mm White Colona 300x1190 300 x 1190mm -> towel-rail
  ✓ model_1304.glb (408 polys)

[1305] 3 Column Radiator 600x1010mm White Colona 300x1370 300 x 1370mm -> towel-rail
  ✓ model_1305.glb (408 polys)

[1306] 3 Column Radiator 600x1010mm White Colona 600x605 600 x 605mm -> towel-rail
  ✓ model_1306.glb (408 polys)

[1307] 3 Column Radiator 600x1010mm White Colona 600x785 600 x 785mm -> towel-rail
  ✓ model_1307.glb (408 polys)

[1308] 3 Column Radiator 600x1010mm White Colona 600x1010 600 x 1010mm -> towel-rail
  ✓ model_1308.glb (408 polys)

[1309] 3 Column Radiator 600x1010mm White Colona 600x1190 600 x 1190mm -> towel-rail
  ✓ model_1309.glb (408 polys)

[1310] 3 Column Radiator 600x1010mm White Colona 500x1370 500 x 1370mm -> towel-rail
  ✓ model_1310.glb (408 polys)

[1311] 3 Column Radiator 600x1010mm White Colona 600x1370 600 x 1370mm -> towel-rail
  ✓ model_1311.glb (408 polys)

[1312] 3 Column Radiator 1010x600mm 600x605 600 x 605mm -> towel-rail
  ✓ model_1312.glb (408 polys)

[1313] 3 Column Radiator 1010x600mm 600x785 600 x 785mm -> towel-rail
  ✓ model_1313.glb (408 polys)

[1314] 3 Column Radiator 1010x600mm 600x1010 600 x 1010mm -> towel-rail
  ✓ model_1314.glb (408 polys)

[1315] 3 Column Radiator 1010x600mm 600x1190 600 x 1190mm -> towel-rail
  ✓ model_1315.glb (408 polys)

[1316] Flat Vertical Single 1600x218 1600 x 218mm -> towel-rail
  ✓ model_1316.glb (408 polys)

[1317] Flat Vertical Single 1600x292 1600 x 292mm -> towel-rail
  ✓ model_1317.glb (408 polys)

[1318] Flat Vertical Single 1600x366 1600 x 366mm -> towel-rail
  ✓ model_1318.glb (408 polys)

[1319] Flat Vertical Single 1600x440 1600 x 440mm -> towel-rail
  ✓ model_1319.glb (408 polys)

[1320] Flat Vertical Single 1600x514 1600 x 514mm -> towel-rail
  ✓ model_1320.glb (408 polys)

[1321] Flat Vertical Single 1800x218 1800 x 218mm -> towel-rail
  ✓ model_1321.glb (408 polys)

[1322] Flat Vertical Single 1800x292 1800 x 292mm -> towel-rail
  ✓ model_1322.glb (408 polys)

[1326] Mild Steel 600x440 600 x 440mm -> towel-rail
  ✓ model_1326.glb (408 polys)

[1329] Mild Steel 600x1032 600 x 1032mm -> towel-rail
  ✓ model_1329.glb (408 polys)

[1330] Mild Steel 600x1254 600 x 1254mm -> towel-rail
  ✓ model_1330.glb (408 polys)

[1331] Mild Steel 600x1402 600 x 1402mm -> towel-rail
  ✓ model_1331.glb (408 polys)

[1332] Mild Steel 1500x236 1500 x 236mm -> towel-rail
  ✓ model_1332.glb (408 polys)

[1333] Mild Steel 1500x295 1500 x 295mm -> towel-rail
  ✓ model_1333.glb (408 polys)

[1334] Mild Steel 1500x354 1500 x 354mm -> towel-rail
  ✓ model_1334.glb (408 polys)

[1335] Mild Steel 1500x413 1500 x 413mm -> towel-rail
  ✓ model_1335.glb (408 polys)

[1336] Mild Steel 1500x472 1500 x 472mm -> towel-rail
  ✓ model_1336.glb (408 polys)

[1337] Mild Steel 1500x531 1500 x 531mm -> towel-rail
  ✓ model_1337.glb (408 polys)

[1338] Mild Steel 1800x236 1800 x 236mm -> towel-rail
  ✓ model_1338.glb (408 polys)

[1339] Mild Steel 1800x295 1800 x 295mm -> towel-rail
  ✓ model_1339.glb (408 polys)

[1340] Mild Steel 1800x354 1800 x 354mm -> towel-rail
  ✓ model_1340.glb (408 polys)

[1341] Mild Steel 1800x413 1800 x 413mm -> towel-rail
  ✓ model_1341.glb (408 polys)

[1342] Mild Steel 1800x472 1800 x 472mm -> towel-rail
  ✓ model_1342.glb (408 polys)

[1343] Mild Steel 1800x531 1800 x 531mm -> towel-rail
  ✓ model_1343.glb (408 polys)

[1344] Ral Colour 1500x236 1500 x 236mm -> towel-rail
  ✓ model_1344.glb (408 polys)

[1345] Ral Colour 1500x295 1500 x 295mm -> towel-rail
  ✓ model_1345.glb (408 polys)

[1346] Ral Colour 1500x354 1500 x 354mm -> towel-rail
  ✓ model_1346.glb (408 polys)

[1347] Ral Colour 1500x413 1500 x 413mm -> towel-rail
  ✓ model_1347.glb (408 polys)

[1348] Ral Colour 1500x472 1500 x 472mm -> towel-rail
  ✓ model_1348.glb (408 polys)

[1349] Ral Colour 1500x531 1500 x 531mm -> towel-rail
  ✓ model_1349.glb (408 polys)

[1350] Ral Colour 1800x236 1800 x 236mm -> towel-rail
  ✓ model_1350.glb (408 polys)

[1351] Ral Colour 1800x295 1800 x 295mm -> towel-rail
  ✓ model_1351.glb (408 polys)

[1352] Ral Colour 1800x354 1800 x 354mm -> towel-rail
  ✓ model_1352.glb (408 polys)

[1353] Ral Colour 1800x413 1800 x 413mm -> towel-rail
  ✓ model_1353.glb (408 polys)

[1354] Ral Colour 1800x472 1800 x 472mm -> towel-rail
  ✓ model_1354.glb (408 polys)

[1355] Ral Colour 1800x531 1800 x 531mm -> towel-rail
  ✓ model_1355.glb (408 polys)

[1356] Neva Horizontal Single 550x413 550 x 413mm -> towel-rail
  ✓ model_1356.glb (408 polys)

[1357] Neva Horizontal Single 550x590 550 x 590mm -> towel-rail
  ✓ model_1357.glb (408 polys)

[1358] Neva Horizontal Single 550x826 550 x 826mm -> towel-rail
  ✓ model_1358.glb (408 polys)

[1359] Neva Horizontal Single 550x1003 550 x 1003mm -> towel-rail
  ✓ model_1359.glb (408 polys)

[1360] Neva Horizontal Single 550x1180 550 x 1180mm -> towel-rail
  ✓ model_1360.glb (408 polys)

[1361] Neva Horizontal Single 550x1416 550 x 1416mm -> towel-rail
  ✓ model_1361.glb (408 polys)

[1362] Neva Horizontal Double 550x413 550 x 413mm -> towel-rail
  ✓ model_1362.glb (408 polys)

[1363] Neva Horizontal Double 550x590 550 x 590mm -> towel-rail
  ✓ model_1363.glb (408 polys)

[1364] Neva Horizontal Double 550x826 550 x 826mm -> towel-rail
  ✓ model_1364.glb (408 polys)

[1365] Neva Horizontal Double 550x1003 550 x 1003mm -> towel-rail
  ✓ model_1365.glb (408 polys)

[1366] Neva Horizontal Double 550x1180 550 x 1180mm -> towel-rail
  ✓ model_1366.glb (408 polys)

[1367] Neva Horizontal Double 550x1416 550 x 1416mm -> towel-rail
  ✓ model_1367.glb (408 polys)

[1368] Ral Colour 1500x300 1500 x 300mm -> towel-rail
  ✓ model_1368.glb (408 polys)

[1369] Ral Colour 1500x370 1500 x 370mm -> towel-rail
  ✓ model_1369.glb (408 polys)

[1370] Ral Colour 1500x440 1500 x 440mm -> towel-rail
  ✓ model_1370.glb (408 polys)

[1371] Ral Colour 1500x510 1500 x 510mm -> towel-rail
  ✓ model_1371.glb (408 polys)

[1372] Ral Colour 1800x300 1800 x 300mm -> towel-rail
  ✓ model_1372.glb (408 polys)

[1373] Ral Colour 1800x370 1800 x 370mm -> towel-rail
  ✓ model_1373.glb (408 polys)

[1374] Ral Colour 1800x440 1800 x 440mm -> towel-rail
  ✓ model_1374.glb (408 polys)

[1375] Ral Colour 1800x510 1800 x 510mm -> towel-rail
  ✓ model_1375.glb (408 polys)

[1376] Ral Colour 550x440 550 x 440mm -> towel-rail
  ✓ model_1376.glb (408 polys)

[1377] Ral Colour 550x580 550 x 580mm -> towel-rail
  ✓ model_1377.glb (408 polys)

[1378] Ral Colour 550x790 550 x 790mm -> towel-rail
  ✓ model_1378.glb (408 polys)

[1379] Ral Colour 550x1000 550 x 1000mm -> towel-rail
  ✓ model_1379.glb (408 polys)

[1380] Ral Colour 550x1210 550 x 1210mm -> towel-rail
  ✓ model_1380.glb (408 polys)

[1381] Ral Colour 550x1420 550 x 1420mm -> towel-rail
  ✓ model_1381.glb (408 polys)

[1382] Mild Steel 544x400 544 x 400mm -> towel-rail
  ✓ model_1382.glb (408 polys)

[1383] Mild Steel 544x600 544 x 600mm -> towel-rail
  ✓ model_1383.glb (408 polys)

[1384] Mild Steel 544x800 544 x 800mm -> towel-rail
  ✓ model_1384.glb (408 polys)

[1385] Mild Steel 544x1000 544 x 1000mm -> towel-rail
  ✓ model_1385.glb (408 polys)

[1386] Mild Steel 544x1200 544 x 1200mm -> towel-rail
  ✓ model_1386.glb (408 polys)

[1387] Mild Steel 544x1400 544 x 1400mm -> towel-rail
  ✓ model_1387.glb (408 polys)

[1388] Reflect 1800x445 1800 x 445mm -> towel-rail
  ✓ model_1388.glb (408 polys)

[1389] Ral Colour 29x295 29 x 295mm -> towel-rail
  ✓ model_1389.glb (408 polys)

[1390] Ral Colour 295x1200 295 x 1200mm -> towel-rail
  ✓ model_1390.glb (408 polys)

[1391] Ral Colour 295x1400 295 x 1400mm -> towel-rail
  ✓ model_1391.glb (408 polys)

[1392] Ral Colour 590x600 590 x 600mm -> towel-rail
  ✓ model_1392.glb (408 polys)

[1393] Ral Colour 590x800 590 x 800mm -> towel-rail
  ✓ model_1393.glb (408 polys)

[1394] Ral Colour 590x1000 590 x 1000mm -> towel-rail
  ✓ model_1394.glb (408 polys)

[1395] Ral Colour 590x1200 590 x 1200mm -> towel-rail
  ✓ model_1395.glb (408 polys)

[1396] Ral Colour 590x1400 590 x 1400mm -> towel-rail
  ✓ model_1396.glb (408 polys)

[1397] Ral Colour 295x1000 295 x 1000mm -> towel-rail
  ✓ model_1397.glb (408 polys)

[1398] Mild Steel 1800x324 1800 x 324mm -> towel-rail
  ✓ model_1398.glb (408 polys)

[1399] Mild Steel 1800x456 1800 x 456mm -> towel-rail
  ✓ model_1399.glb (408 polys)

[1400] Mild Steel 1800x440 1800 x 440mm -> towel-rail
  ✓ model_1400.glb (408 polys)

[1401] Mild Steel 1800x540 1800 x 540mm -> towel-rail
  ✓ model_1401.glb (408 polys)

[1402] Mild Steel 1800x640 1800 x 640mm -> towel-rail
  ✓ model_1402.glb (408 polys)

[1403] Slimline Vertical 470x300 470 x 300mm -> towel-rail
  ✓ model_1403.glb (408 polys)

[1404] Slimline Vertical 770x300 770 x 300mm -> towel-rail
  ✓ model_1404.glb (408 polys)

[1405] Slimline Vertical 1170x300 1170 x 300mm -> towel-rail
  ✓ model_1405.glb (408 polys)

[1406] Slimline Vertical 1170x400 1170 x 400mm -> towel-rail
  ✓ model_1406.glb (408 polys)

[1407] Slimline Vertical 1170x500 1170 x 500mm -> towel-rail
  ✓ model_1407.glb (408 polys)

[1408] Slimline Vertical 1470x300 1470 x 300mm -> towel-rail
  ✓ model_1408.glb (408 polys)

[1409] Slimline Vertical 1470x400 1470 x 400mm -> towel-rail
  ✓ model_1409.glb (408 polys)

[1410] Slimline Vertical 1470x500 1470 x 500mm -> towel-rail
  ✓ model_1410.glb (408 polys)

[1411] Slimline Vertical 1770x300 1770 x 300mm -> towel-rail
  ✓ model_1411.glb (408 polys)

[1412] Slimline Vertical 1770x400 1770 x 400mm -> towel-rail
  ✓ model_1412.glb (408 polys)

[1413] Slimline Vertical 1770x500 1770 x 500mm -> towel-rail
  ✓ model_1413.glb (408 polys)

[1414] Mild Steel 600x400 600 x 400mm -> towel-rail
  ✓ model_1414.glb (408 polys)

[1415] Mild Steel 600x600 600 x 600mm -> towel-rail
  ✓ model_1415.glb (408 polys)

[1416] Mild Steel 600x800 600 x 800mm -> towel-rail
  ✓ model_1416.glb (408 polys)

[1417] Mild Steel 600x1000 600 x 1000mm -> towel-rail
  ✓ model_1417.glb (408 polys)

[1418] Mild Steel 600x1200 600 x 1200mm -> towel-rail
  ✓ model_1418.glb (408 polys)

[1419] Mild Steel 600x1400 600 x 1400mm -> towel-rail
  ✓ model_1419.glb (408 polys)

[1420] Dimaro Chrome 1760x620 1760 x 620mm -> towel-rail
  ✓ model_1420.glb (408 polys)

[1421] Coredo Chrome 1760x620 1760 x 620mm -> towel-rail
  ✓ model_1421.glb (408 polys)

[1422] Mild Steel 1800x500 1800 x 500mm -> towel-rail
  ✓ model_1422.glb (408 polys)

[1423] Mild Steel 1790x400 1790 x 400mm -> towel-rail
  ✓ model_1423.glb (408 polys)

[1424] Mild Steel 1790x490 1790 x 490mm -> towel-rail
  ✓ model_1424.glb (408 polys)

[1425] Mild Steel 1790x590 1790 x 590mm -> towel-rail
  ✓ model_1425.glb (408 polys)

[1426] Mild Steel 1800x490 1800 x 490mm -> towel-rail
  ✓ model_1426.glb (408 polys)

[1427] Ancora 1800x490 1800 x 490mm -> towel-rail
  ✓ model_1427.glb (408 polys)

[1428] Todi Chrome 800x108 800 x 108mm -> towel-rail
  ✓ model_1428.glb (408 polys)

[1429] Todi Chrome 1200x108 1200 x 108mm -> towel-rail
  ✓ model_1429.glb (408 polys)

[1430] Todi Chrome 800x260 800 x 260mm -> towel-rail
  ✓ model_1430.glb (408 polys)

[1431] Todi Chrome 1200x260 1200 x 260mm -> towel-rail
  ✓ model_1431.glb (408 polys)

[1432] Todi Chrome 800x415 800 x 415mm -> towel-rail
  ✓ model_1432.glb (408 polys)

[1433] Todi Chrome 1200x415 1200 x 415mm -> towel-rail
  ✓ model_1433.glb (408 polys)

[1434] Mild Steel 780x500 780 x 500mm -> towel-rail
  ✓ model_1434.glb (408 polys)

[1435] Mild Steel 1140x500 1140 x 500mm -> towel-rail
  ✓ model_1435.glb (408 polys)

[1436] Grace Gun Metal 780x500 780 x 500mm -> towel-rail
  ✓ model_1436.glb (408 polys)

[1437] Grace Gun Metal 1140x500 1140 x 500mm -> towel-rail
  ✓ model_1437.glb (408 polys)

[1438] Grace Chrome 780x500 780 x 500mm -> towel-rail
  ✓ model_1438.glb (408 polys)

[1439] Grace Chrome 1140x500 1140 x 500mm -> towel-rail
  ✓ model_1439.glb (408 polys)

[1440] Mild Steel 820x500 820 x 500mm -> towel-rail
  ✓ model_1440.glb (408 polys)

[1441] Mild Steel 1130x500 1130 x 500mm -> towel-rail
  ✓ model_1441.glb (408 polys)

[1442] Mild Steel 722x500 722 x 500mm -> towel-rail
  ✓ model_1442.glb (408 polys)

[1443] Mild Steel 998x500 998 x 500mm -> towel-rail
  ✓ model_1443.glb (408 polys)

[1444] Mild Steel 1412x500 1412 x 500mm -> towel-rail
  ✓ model_1444.glb (408 polys)

[1445] Matera Chrome 722x500 722 x 500mm -> towel-rail
  ✓ model_1445.glb (408 polys)

[1446] Matera Chrome 998x500 998 x 500mm -> towel-rail
  ✓ model_1446.glb (408 polys)

[1447] Matera Chrome 1412x500 1412 x 500mm -> towel-rail
  ✓ model_1447.glb (408 polys)

[1448] Mild Steel 500x500 500 x 500mm -> towel-rail
  ✓ model_1448.glb (408 polys)

[1449] Mild Steel 800x500 800 x 500mm -> towel-rail
  ✓ model_1449.glb (408 polys)

[1450] Mild Steel 1100x500 1100 x 500mm -> towel-rail
  ✓ model_1450.glb (408 polys)

[1451] Mild Steel 1235x500 1235 x 500mm -> towel-rail
  ✓ model_1451.glb (408 polys)

[1452] Mild Steel 1525x500 1525 x 500mm -> towel-rail
  ✓ model_1452.glb (408 polys)

[1453] Flora Brushed Brass 800x500 800 x 500mm -> towel-rail
  ✓ model_1453.glb (408 polys)

[1454] Flora Brushed Brass 1200x500 1200 x 500mm -> towel-rail
  ✓ model_1454.glb (408 polys)

[1455] Flora Brushed Brass 1500x500 1500 x 500mm -> towel-rail
  ✓ model_1455.glb (408 polys)

[1456] Flora Gun Metal 800x500 800 x 500mm -> towel-rail
  ✓ model_1456.glb (408 polys)

[1457] Flora Gun Metal 1200x500 1200 x 500mm -> towel-rail
  ✓ model_1457.glb (408 polys)

[1458] Flora Gun Metal 1500x500 1500 x 500mm -> towel-rail
  ✓ model_1458.glb (408 polys)

[1459] Mild Steel 823x550 823 x 550mm -> towel-rail
  ✓ model_1459.glb (408 polys)

[1460] Mild Steel 1124x550 1124 x 550mm -> towel-rail
  ✓ model_1460.glb (408 polys)

[1461] Mild Steel 1424x550 1424 x 550mm -> towel-rail
  ✓ model_1461.glb (408 polys)

[1462] Mild Steel 823x500 823 x 500mm -> towel-rail
  ✓ model_1462.glb (408 polys)

[1463] Mild Steel 1124x500 1124 x 500mm -> towel-rail
  ✓ model_1463.glb (408 polys)

[1464] Mild Steel 1424x500 1424 x 500mm -> towel-rail
  ✓ model_1464.glb (408 polys)

[1465] Mild Steel 530x530 530 x 530mm -> towel-rail
  ✓ model_1465.glb (408 polys)

[1466] Mild Steel 720x530 720 x 530mm -> towel-rail
  ✓ model_1466.glb (408 polys)

[1467] Mild Steel 1100x530 1100 x 530mm -> towel-rail
  ✓ model_1467.glb (408 polys)

[1468] Mild Steel 860x500 860 x 500mm -> towel-rail
  ✓ model_1468.glb (408 polys)

[1469] Mild Steel 1180x500 1180 x 500mm -> towel-rail
  ✓ model_1469.glb (408 polys)

[1470] Mild Steel 1500x500 1500 x 500mm -> towel-rail
  ✓ model_1470.glb (408 polys)

[1471] Sori Chrome 650x500 650 x 500mm -> towel-rail
  ✓ model_1471.glb (408 polys)

[1472] Mild Steel 555x500 555 x 500mm -> towel-rail
  ✓ model_1472.glb (408 polys)

[1473] Mild Steel 875x500 875 x 500mm -> towel-rail
  ✓ model_1473.glb (408 polys)

[1474] Mild Steel 1195x500 1195 x 500mm -> towel-rail
  ✓ model_1474.glb (408 polys)

[1475] Rezzo Chrome 740x450 740 x 450mm -> towel-rail
  ✓ model_1475.glb (408 polys)

[1476] Rezzo Chrome 1100x450 1100 x 450mm -> towel-rail
  ✓ model_1476.glb (408 polys)

[1477] Rezzo Chrome 1460x450 1460 x 450mm -> towel-rail
  ✓ model_1477.glb (408 polys)

[1478] Rezzo Chrome 740x550 740 x 550mm -> towel-rail
  ✓ model_1478.glb (408 polys)

[1479] Rezzo Chrome 1100x550 1100 x 550mm -> towel-rail
  ✓ model_1479.glb (408 polys)

[1480] Rezzo Chrome 1460x550 1460 x 550mm -> towel-rail
  ✓ model_1480.glb (408 polys)

[1481] Mild Steel 813x450 813 x 450mm -> towel-rail
  ✓ model_1481.glb (408 polys)

[1482] Mild Steel 1200x450 1200 x 450mm -> towel-rail
  ✓ model_1482.glb (408 polys)

[1483] Mild Steel 813x550 813 x 550mm -> towel-rail
  ✓ model_1483.glb (408 polys)

[1484] Mild Steel 1200x550 1200 x 550mm -> towel-rail
  ✓ model_1484.glb (408 polys)

[1485] Elvina 350x500 350 x 500mm -> towel-rail
  ✓ model_1485.glb (408 polys)

[1486] Elvina 2 1000x500 1000 x 500mm -> towel-rail
  ✓ model_1486.glb (408 polys)

[1487] Lago 1 Chrome 450x600 450 x 600mm -> towel-rail
  ✓ model_1487.glb (408 polys)

[1488] Mild Steel 350x700 350 x 700mm -> towel-rail
  ✓ model_1488.glb (408 polys)

[1489] Mild Steel 1300x600 1300 x 600mm -> towel-rail
  ✓ model_1489.glb (408 polys)

[1490] Mild Steel 1400x600 1400 x 600mm -> towel-rail
  ✓ model_1490.glb (408 polys)

[1491] Mild Steel 816x500 816 x 500mm -> towel-rail
  ✓ model_1491.glb (408 polys)

[1492] Mild Steel 1126x500 1126 x 500mm -> towel-rail
  ✓ model_1492.glb (408 polys)

[1493] Mild Steel 1436x500 1436 x 500mm -> towel-rail
  ✓ model_1493.glb (408 polys)

[1494] Mild Steel 755x500 755 x 500mm -> towel-rail
  ✓ model_1494.glb (408 polys)

[1495] Mild Steel 1460x500 1460 x 500mm -> towel-rail
  ✓ model_1495.glb (408 polys)

[1496] Mild Steel 270x500 270 x 500mm -> towel-rail
  ✓ model_1496.glb (408 polys)

[1497] Mild Steel 510x500 510 x 500mm -> towel-rail
  ✓ model_1497.glb (408 polys)

[1498] Mild Steel 750x500 750 x 500mm -> towel-rail
  ✓ model_1498.glb (408 polys)

[1499] Mild Steel 1000x500 1000 x 500mm -> towel-rail
  ✓ model_1499.glb (408 polys)

[1500] Mild Steel 1550x500 1550 x 500mm -> towel-rail
  ✓ model_1500.glb (408 polys)

[1501] Arbori Chrome 820x500 820 x 500mm -> towel-rail
  ✓ model_1501.glb (408 polys)

[1502] Arbori Chrome 1130x500 1130 x 500mm -> towel-rail
  ✓ model_1502.glb (408 polys)

[1503] Arbori Chrome 1510x500 1510 x 500mm -> towel-rail
  ✓ model_1503.glb (408 polys)

[1504] Mild Steel 900x300 900 x 300mm -> towel-rail
  ✓ model_1504.glb (408 polys)

[1505] Mild Steel 1200x300 1200 x 300mm -> towel-rail
  ✓ model_1505.glb (408 polys)

[1506] Mild Steel 1600x300 1600 x 300mm -> towel-rail
  ✓ model_1506.glb (408 polys)

[1507] Mild Steel 76x500 76 x 500mm -> towel-rail
  ✓ model_1507.glb (408 polys)

[1508] Mild Steel 1200x500 1200 x 500mm -> towel-rail
  ✓ model_1508.glb (408 polys)

[1509] Serena Chrome 800x300 800 x 300mm -> towel-rail
  ✓ model_1509.glb (408 polys)

[1510] Serena Chrome 1200x300 1200 x 300mm -> towel-rail
  ✓ model_1510.glb (408 polys)

[1511] Serena Chrome 500x500 500 x 500mm -> towel-rail
  ✓ model_1511.glb (408 polys)

[1512] Serena Chrome 800x500 800 x 500mm -> towel-rail
  ✓ model_1512.glb (408 polys)

[1513] Serena Chrome 1200x500 1200 x 500mm -> towel-rail
  ✓ model_1513.glb (408 polys)

[1514] Mild Steel 1400x500 1400 x 500mm -> towel-rail
  ✓ model_1514.glb (408 polys)

[1515] Mild Steel 800x300 800 x 300mm -> towel-rail
  ✓ model_1515.glb (408 polys)

[1516] Mild Steel 800x400 800 x 400mm -> towel-rail
  ✓ model_1516.glb (408 polys)

[1517] Mild Steel 1200x400 1200 x 400mm -> towel-rail
  ✓ model_1517.glb (408 polys)

[1518] Mild Steel 950x500 950 x 500mm -> towel-rail
  ✓ model_1518.glb (408 polys)

[1519] Mild Steel 1300x500 1300 x 500mm -> towel-rail
  ✓ model_1519.glb (408 polys)

[1520] Mild Steel 800x550 800 x 550mm -> towel-rail
  ✓ model_1520.glb (408 polys)

[1521] Mild Steel 400x490 400 x 490mm -> towel-rail
  ✓ model_1521.glb (408 polys)

[1522] Mild Steel 700x490 700 x 490mm -> towel-rail
  ✓ model_1522.glb (408 polys)

[1523] Mild Steel 1000x490 1000 x 490mm -> towel-rail
  ✓ model_1523.glb (408 polys)

[1524] Victoria 960x675 960 x 675mm -> towel-rail
  ✓ model_1524.glb (408 polys)

[1525] Traditional Radiator 950x475 950 x 475mm -> towel-rail
  ✓ model_1525.glb (408 polys)

[1526] Traditional Radiator 960x500 960 x 500mm -> towel-rail
  ✓ model_1526.glb (408 polys)

[1527] Traditional Radiator 505x675 505 x 675mm -> towel-rail
  ✓ model_1527.glb (408 polys)

[1528] Traditional Radiator 505x770 505 x 770mm -> towel-rail
  ✓ model_1528.glb (408 polys)

[1529] Towel Rails 800x500 800 x 500mm -> towel-rail
  ✓ model_1529.glb (408 polys)

[1530] Towel Rails 1200x500 1200 x 500mm -> towel-rail
  ✓ model_1530.glb (408 polys)

[1531] Towel Rails 1600x500 1600 x 500mm -> towel-rail
  ✓ model_1531.glb (408 polys)

[1532] Towel Rails 800x600 800 x 600mm -> towel-rail
  ✓ model_1532.glb (408 polys)

[1533] Towel Rails 1200x600 1200 x 600mm -> towel-rail
  ✓ model_1533.glb (408 polys)

[1534] Towel Rails 1600x600 1600 x 600mm -> towel-rail
  ✓ model_1534.glb (408 polys)

[1535] Ottone Gun Metal 800x500 800 x 500mm -> towel-rail
  ✓ model_1535.glb (408 polys)

[1536] Ottone Gun Metal 1200x500 1200 x 500mm -> towel-rail
  ✓ model_1536.glb (408 polys)

[1537] Ottone Gun Metal 1600x500 1600 x 500mm -> towel-rail
  ✓ model_1537.glb (408 polys)

[1538] Ottone Gun Metal 800x600 800 x 600mm -> towel-rail
  ✓ model_1538.glb (408 polys)

[1539] Ottone Gun Metal 1200x600 1200 x 600mm -> towel-rail
  ✓ model_1539.glb (408 polys)

[1540] Ottone Gun Metal 1600x600 1600 x 600mm -> towel-rail
  ✓ model_1540.glb (408 polys)

[1541] Aluminium Radiator 1800x430 1800 x 430mm -> towel-rail
  ✓ model_1541.glb (408 polys)

[1542] Aluminium Radiator 1800x510 1800 x 510mm -> towel-rail
  ✓ model_1542.glb (408 polys)

[1543] Aluminium Radiator 1800x190 1800 x 190mm -> towel-rail
  ✓ model_1543.glb (408 polys)

[1544] Aluminium Radiator 1800x270 1800 x 270mm -> towel-rail
  ✓ model_1544.glb (408 polys)

[1545] Aluminium Radiator 1800x350 1800 x 350mm -> towel-rail
  ✓ model_1545.glb (408 polys)

[1546] Aluminium Radiator 1800x590 1800 x 590mm -> towel-rail
  ✓ model_1546.glb (408 polys)

[1547] Aluminium Radiator 1800x370 1800 x 370mm -> towel-rail
  ✓ model_1547.glb (408 polys)

[1548] Aluminium Radiator 1800x495 1800 x 495mm -> towel-rail
  ✓ model_1548.glb (408 polys)

[1549] Aluminium Radiator 1800x620 1800 x 620mm -> towel-rail
  ✓ model_1549.glb (408 polys)

[1550] Aluminium Radiator 1800x245 1800 x 245mm -> towel-rail
  ✓ model_1550.glb (408 polys)

[1551] Aluminium Radiator 1800x610 1800 x 610mm -> towel-rail
  ✓ model_1551.glb (408 polys)

[1552] Caldaro Horizontal 600x620 600 x 620mm -> towel-rail
  ✓ model_1552.glb (408 polys)

[1553] Caldaro Horizontal 600x870 600 x 870mm -> towel-rail
  ✓ model_1553.glb (408 polys)

[1554] Caldaro Horizontal 600x995 600 x 995mm -> towel-rail
  ✓ model_1554.glb (408 polys)

[1555] Caldaro Horizontal 600x1245 600 x 1245mm -> towel-rail
  ✓ model_1555.glb (408 polys)

[1556] Aluminium Radiator 1800x280 1800 x 280mm -> towel-rail
  ✓ model_1556.glb (408 polys)

[1557] Aluminium Radiator 1800x470 1800 x 470mm -> towel-rail
  ✓ model_1557.glb (408 polys)

[1558] Aluminium Radiator 1800x660 1800 x 660mm -> towel-rail
  ✓ model_1558.glb (408 polys)

[1559] Single Double 1800x280 1800 x 280mm -> towel-rail
  ✓ model_1559.glb (408 polys)

[1560] Single Double 1800x375 1800 x 375mm -> towel-rail
  ✓ model_1560.glb (408 polys)

[1561] Single Double 1800x470 1800 x 470mm -> towel-rail
  ✓ model_1561.glb (408 polys)

[1562] Single Double 1800x565 1800 x 565mm -> towel-rail
  ✓ model_1562.glb (408 polys)

[1563] Single Double 1800x660 1800 x 660mm -> towel-rail
  ✓ model_1563.glb (408 polys)

[1564] Aluminium Radiator 600x470 600 x 470mm -> towel-rail
  ✓ model_1564.glb (408 polys)

[1565] Aluminium Radiator 600x660 600 x 660mm -> towel-rail
  ✓ model_1565.glb (408 polys)

[1566] Aluminium Radiator 600x850 600 x 850mm -> towel-rail
  ✓ model_1566.glb (408 polys)

[1567] Aluminium Radiator 600x1040 600 x 1040mm -> towel-rail
  ✓ model_1567.glb (408 polys)

[1568] Aluminium Radiator 600x1230 600 x 1230mm -> towel-rail
  ✓ model_1568.glb (408 polys)

[1569] Aluminium Radiator 600x1420 600 x 1420mm -> towel-rail
  ✓ model_1569.glb (408 polys)

[1570] Piatto Vertical 1800x295 1800 x 295mm -> towel-rail
  ✓ model_1570.glb (408 polys)

[1571] Piatto Vertical 1800x370 1800 x 370mm -> towel-rail
  ✓ model_1571.glb (408 polys)

[1572] Piatto Vertical 1800x445 1800 x 445mm -> towel-rail
  ✓ model_1572.glb (408 polys)

[1573] Piatto Vertical 1800x520 1800 x 520mm -> towel-rail
  ✓ model_1573.glb (408 polys)

[1574] Piatto Vertical 1800x595 1800 x 595mm -> towel-rail
  ✓ model_1574.glb (408 polys)

[1575] Aluminium Radiator 600x445 600 x 445mm -> towel-rail
  ✓ model_1575.glb (408 polys)

[1576] Aluminium Radiator 600x595 600 x 595mm -> towel-rail
  ✓ model_1576.glb (408 polys)

[1577] Aluminium Radiator 600x820 600 x 820mm -> towel-rail
  ✓ model_1577.glb (408 polys)

[1578] Aluminium Radiator 600x1045 600 x 1045mm -> towel-rail
  ✓ model_1578.glb (408 polys)

[1579] Aluminium Radiator 600x1195 600 x 1195mm -> towel-rail
  ✓ model_1579.glb (408 polys)

[1580] Aluminium Radiator 1800x375 1800 x 375mm -> towel-rail
  ✓ model_1580.glb (408 polys)

[1581] Aluminium Radiator 1800x565 1800 x 565mm -> towel-rail
  ✓ model_1581.glb (408 polys)

[1582] Resia Vertical 1800x280 1800 x 280mm -> towel-rail
  ✓ model_1582.glb (408 polys)

[1583] Resia Vertical 1800x375 1800 x 375mm -> towel-rail
  ✓ model_1583.glb (408 polys)

[1584] Resia Vertical 1800x470 1800 x 470mm -> towel-rail
  ✓ model_1584.glb (408 polys)

[1585] Resia Vertical 1800x565 1800 x 565mm -> towel-rail
  ✓ model_1585.glb (408 polys)

[1586] Resia Vertical 1800x660 1800 x 660mm -> towel-rail
  ✓ model_1586.glb (408 polys)

[1587] Melvin 1800x360 1800 x 360mm -> towel-rail
  ✓ model_1587.glb (408 polys)

[1588] Melvin 1800x540 1800 x 540mm -> towel-rail
  ✓ model_1588.glb (408 polys)

[1589] Aluminium Radiator 1500x280 1500 x 280mm -> towel-rail
  ✓ model_1589.glb (408 polys)

[1590] Carpena 710x500 710 x 500mm -> towel-rail
  ✓ model_1590.glb (408 polys)

[1591] Carpena 1190x500 1190 x 500mm -> towel-rail
  ✓ model_1591.glb (408 polys)

[1592] Carpena 1510x500 1510 x 500mm -> towel-rail
  ✓ model_1592.glb (408 polys)

[1593] Aluminium Radiator 870x500 870 x 500mm -> towel-rail
  ✓ model_1593.glb (408 polys)

[1594] Aluminium Radiator 1190x500 1190 x 500mm -> towel-rail
  ✓ model_1594.glb (408 polys)

[1595] Aluminium Radiator 1510x500 1510 x 500mm -> towel-rail
  ✓ model_1595.glb (408 polys)

[1596] Rienza 565x600 565 x 600mm -> towel-rail
  ✓ model_1596.glb (408 polys)

[1597] Rienza 565x800 565 x 800mm -> towel-rail
  ✓ model_1597.glb (408 polys)

[1598] Rienza 565x1000 565 x 1000mm -> towel-rail
  ✓ model_1598.glb (408 polys)

[1599] Rienza 565x1200 565 x 1200mm -> towel-rail
  ✓ model_1599.glb (408 polys)

[1600] Rienza 565x1400 565 x 1400mm -> towel-rail
  ✓ model_1600.glb (408 polys)

[1601] Stainless Steel Radiator 600x300 600 x 300mm -> towel-rail
  ✓ model_1601.glb (408 polys)

[1602] Stainless Steel Radiator 720x350 720 x 350mm -> towel-rail
  ✓ model_1602.glb (408 polys)

[1603] Stainless Steel Radiator 1200x350 1200 x 350mm -> towel-rail
  ✓ model_1603.glb (408 polys)

[1604] Stainless Steel Radiator 1500x350 1500 x 350mm -> towel-rail
  ✓ model_1604.glb (408 polys)

[1605] Stainless Steel Radiator 430x500 430 x 500mm -> towel-rail
  ✓ model_1605.glb (408 polys)

[1606] Stainless Steel Radiator 720x500 720 x 500mm -> towel-rail
  ✓ model_1606.glb (408 polys)

[1607] Stainless Steel Radiator 1200x500 1200 x 500mm -> towel-rail
  ✓ model_1607.glb (408 polys)

[1608] Stainless Steel Radiator 1500x500 1500 x 500mm -> towel-rail
  ✓ model_1608.glb (408 polys)

[1609] Stainless Steel Radiator 430x600 430 x 600mm -> towel-rail
  ✓ model_1609.glb (408 polys)

[1610] Stainless Steel Radiator 720x600 720 x 600mm -> towel-rail
  ✓ model_1610.glb (408 polys)

[1611] Stainless Steel Radiator 1200x600 1200 x 600mm -> towel-rail
  ✓ model_1611.glb (408 polys)

[1612] Stainless Steel Radiator 1500x600 1500 x 600mm -> towel-rail
  ✓ model_1612.glb (408 polys)

[1613] Stainless Steel Radiator 800x500 800 x 500mm -> towel-rail
  ✓ model_1613.glb (408 polys)

[1614] Stainless Steel Radiator 1080x500 1080 x 500mm -> towel-rail
  ✓ model_1614.glb (408 polys)

[1615] Stainless Steel Radiator 1360x500 1360 x 500mm -> towel-rail
  ✓ model_1615.glb (408 polys)

[1616] Stainless Steel Radiator 850x500 850 x 500mm -> towel-rail
  ✓ model_1616.glb (408 polys)

[1617] Stainless Steel Radiator 1250x500 1250 x 500mm -> towel-rail
  ✓ model_1617.glb (408 polys)

[1618] Stainless Steel Radiator 1650x500 1650 x 500mm -> towel-rail
  ✓ model_1618.glb (408 polys)

[1619] Stainless Steel Radiator 870x500 870 x 500mm -> towel-rail
  ✓ model_1619.glb (408 polys)

[1661] Rrp Prices 1500x200 1500 x 200mm -> towel-rail
  ✓ model_1661.glb (408 polys)

[1620] Stainless Steel Radiator 1270x500 1270 x 500mm -> towel-rail
  ✓ model_1620.glb (408 polys)

[1621] Stainless Steel Radiator 1670x500 1670 x 500mm -> towel-rail
  ✓ model_1621.glb (408 polys)

[1622] Stainless Steel Radiator 530x500 530 x 500mm -> towel-rail
  ✓ model_1622.glb (408 polys)

[1623] Stainless Steel Radiator 880x500 880 x 500mm -> towel-rail
  ✓ model_1623.glb (408 polys)

[1624] Stainless Steel Radiator 1230x500 1230 x 500mm -> towel-rail
  ✓ model_1624.glb (408 polys)

[1625] Stainless Steel Radiator 1580x500 1580 x 500mm -> towel-rail
  ✓ model_1625.glb (408 polys)

[1626] Stainless Steel Radiator 585x500 585 x 500mm -> towel-rail
  ✓ model_1626.glb (408 polys)

[1627] Stainless Steel Radiator 1000x500 1000 x 500mm -> towel-rail
  ✓ model_1627.glb (408 polys)

[1628] Stainless Steel Radiator 1415x500 1415 x 500mm -> towel-rail
  ✓ model_1628.glb (408 polys)

[1629] Capelli 800x500 800 x 500mm -> towel-rail
  ✓ model_1629.glb (408 polys)

[1630] Capelli 1235x500 1235 x 500mm -> towel-rail
  ✓ model_1630.glb (408 polys)

[1631] Capelli 1525x500 1525 x 500mm -> towel-rail
  ✓ model_1631.glb (408 polys)

[1632] Stainless Steel Radiator 840x500 840 x 500mm -> towel-rail
  ✓ model_1632.glb (408 polys)

[1633] Stainless Steel Radiator 1140x500 1140 x 500mm -> towel-rail
  ✓ model_1633.glb (408 polys)

[1634] Stainless Steel Radiator 1440x500 1440 x 500mm -> towel-rail
  ✓ model_1634.glb (408 polys)

[1635] Stainless Steel Radiator 1106x500 1106 x 500mm -> towel-rail
  ✓ model_1635.glb (408 polys)

[1636] Stainless Steel Radiator 690x500 690 x 500mm -> towel-rail
  ✓ model_1636.glb (408 polys)

[1637] Stainless Steel Radiator 960x500 960 x 500mm -> towel-rail
  ✓ model_1637.glb (408 polys)

[1638] Stainless Steel Radiator 720x530 720 x 530mm -> towel-rail
  ✓ model_1638.glb (408 polys)

[1639] Stainless Steel Radiator 1120x530 1120 x 530mm -> towel-rail
  ✓ model_1639.glb (408 polys)

[1640] Stainless Steel Radiator 1450x530 1450 x 530mm -> towel-rail
  ✓ model_1640.glb (408 polys)

[1641] Stainless Steel Radiator 820x530 820 x 530mm -> towel-rail
  ✓ model_1641.glb (408 polys)

[1642] Stainless Steel Radiator 1180x530 1180 x 530mm -> towel-rail
  ✓ model_1642.glb (408 polys)

[1643] Stainless Steel Radiator 1540x530 1540 x 530mm -> towel-rail
  ✓ model_1643.glb (408 polys)

[1644] Stainless Steel Radiator 660x530 660 x 530mm -> towel-rail
  ✓ model_1644.glb (408 polys)

[1645] Stainless Steel Radiator 826x500 826 x 500mm -> towel-rail
  ✓ model_1645.glb (408 polys)

[1646] Stainless Steel Radiator 1120x500 1120 x 500mm -> towel-rail
  ✓ model_1646.glb (408 polys)

[1676] Nika Horizontal 500x725 500 x 725mm -> towel-rail
  ✓ model_1676.glb (408 polys)

[1647] Stainless Steel Radiator 1535x500 1535 x 500mm -> towel-rail
  ✓ model_1647.glb (408 polys)

[1648] Stainless Steel Radiator 500x500 500 x 500mm -> towel-rail
  ✓ model_1648.glb (408 polys)

[1649] Stainless Steel Radiator 750x480 750 x 480mm -> towel-rail
  ✓ model_1649.glb (408 polys)

[1650] Stainless Steel Radiator 1170x480 1170 x 480mm -> towel-rail
  ✓ model_1650.glb (408 polys)

[1651] Stainless Steel Radiator 450x450 450 x 450mm -> towel-rail
  ✓ model_1651.glb (408 polys)

[1652] Arnage Dry Electric Polished 800x500 800 x 500mm -> towel-rail
  ✓ model_1652.glb (408 polys)

[1653] Arnage Dry Electric Polished 1200x500 1200 x 500mm -> towel-rail
  ✓ model_1653.glb (408 polys)

[1654] Electric Radiator 800x500 800 x 500mm -> towel-rail
  ✓ model_1654.glb (408 polys)

[1655] Electric Radiator 1200x500 1200 x 500mm -> towel-rail
  ✓ model_1655.glb (408 polys)

[1656] Electric Radiator 350x500 350 x 500mm -> towel-rail
  ✓ model_1656.glb (408 polys)

[1657] Electric Radiator 1190x500 1190 x 500mm -> towel-rail
  ✓ model_1657.glb (408 polys)

[1658] Solara Brushed Brass 1500x400 1500 x 400mm -> towel-rail
  ✓ model_1658.glb (408 polys)

[1659] Electric Radiator 1500x400 1500 x 400mm -> towel-rail
  ✓ model_1659.glb (408 polys)

[1660] Electric Radiator 1500x200 1500 x 200mm -> towel-rail
  ✓ model_1660.glb (408 polys)

[1662] Vispa Brushed Brass 510x500 510 x 500mm -> towel-rail
  ✓ model_1662.glb (408 polys)

[1663] Vispa Gun Metal 510x500 510 x 500mm -> towel-rail
  ✓ model_1663.glb (408 polys)

[1664] Rrp Prices 800x500 800 x 500mm -> towel-rail
  ✓ model_1664.glb (408 polys)

[1665] Rrp Prices 1200x500 1200 x 500mm -> towel-rail
  ✓ model_1665.glb (408 polys)

[1666] Rance Dry Electric 455x500 455 x 500mm -> towel-rail
  ✓ model_1666.glb (408 polys)

[1667] Electric Radiator 750x550 750 x 550mm -> towel-rail
  ✓ model_1667.glb (408 polys)

[1668] Electric Radiator 1500x22 1500 x 22mm -> towel-rail
  ✓ model_1668.glb (408 polys)

[1669] Electric Radiator 1600x362 1600 x 362mm -> towel-rail
  ✓ model_1669.glb (408 polys)

[1670] Electric Radiator 1600x453 1600 x 453mm -> towel-rail
  ✓ model_1670.glb (408 polys)

[1671] Electric Radiator 1600x544 1600 x 544mm -> towel-rail
  ✓ model_1671.glb (408 polys)

[1672] Maia Horizontal 500x544 500 x 544mm -> towel-rail
  ✓ model_1672.glb (408 polys)

[1673] Maia Horizontal 500x725 500 x 725mm -> towel-rail
  ✓ model_1673.glb (408 polys)

[1674] Maia Horizontal 500x907 500 x 907mm -> towel-rail
  ✓ model_1674.glb (408 polys)

[1675] Nika Horizontal 500x544 500 x 544mm -> towel-rail
  ✓ model_1675.glb (408 polys)

[1677] Nika Horizontal 500x907 500 x 907mm -> towel-rail
  ✓ model_1677.glb (408 polys)

[1678] Electric Radiator 580x480 580 x 480mm -> towel-rail
  ✓ model_1678.glb (408 polys)

[1679] Electric Radiator 580x640 580 x 640mm -> towel-rail
  ✓ model_1679.glb (408 polys)

[1680] Electric Radiator 580x800 580 x 800mm -> towel-rail
  ✓ model_1680.glb (408 polys)

[1681] Electric Radiator 570x360 570 x 360mm -> towel-rail
  ✓ model_1681.glb (408 polys)

[1682] Electric Radiator 570x450 570 x 450mm -> towel-rail
  ✓ model_1682.glb (408 polys)

[1683] Electric Radiator 570x540 570 x 540mm -> towel-rail
  ✓ model_1683.glb (408 polys)

[1684] Electric Radiator 570x720 570 x 720mm -> towel-rail
  ✓ model_1684.glb (408 polys)

[1685] Electric Radiator 500x600 500 x 600mm -> towel-rail
  ✓ model_1685.glb (408 polys)

[1686] Electric Radiator 500x820 500 x 820mm -> towel-rail
  ✓ model_1686.glb (408 polys)

[1687] Electric Radiator 500x990 500 x 990mm -> towel-rail
  ✓ model_1687.glb (408 polys)

[1688] Electric Radiator 780x550 780 x 550mm -> towel-rail
  ✓ model_1688.glb (408 polys)

[1689] Electric Radiator 1120x550 1120 x 550mm -> towel-rail
  ✓ model_1689.glb (408 polys)

[1690] Diva Chrome Flat Electric 600x300 600 x 300mm -> towel-rail
  ✓ model_1690.glb (408 polys)

[1691] Diva Chrome Flat Electric 800x300 800 x 300mm -> towel-rail
  ✓ model_1691.glb (408 polys)

[1692] Diva Chrome Flat Electric 800x400 800 x 400mm -> towel-rail
  ✓ model_1692.glb (408 polys)

[1693] Diva Chrome Flat Electric 800x450 800 x 450mm -> towel-rail
  ✓ model_1693.glb (408 polys)

[1694] Diva Chrome Flat Electric 800x500 800 x 500mm -> towel-rail
  ✓ model_1694.glb (408 polys)

[1695] Diva Chrome Flat Electric 800x600 800 x 600mm -> towel-rail
  ✓ model_1695.glb (408 polys)

[1696] Diva Chrome Flat Electric 800x750 800 x 750mm -> towel-rail
  ✓ model_1696.glb (408 polys)

[1697] Diva Chrome Flat Electric 1000x400 1000 x 400mm -> towel-rail
  ✓ model_1697.glb (408 polys)

[1698] Diva Chrome Flat Electric 1000x500 1000 x 500mm -> towel-rail
  ✓ model_1698.glb (408 polys)

[1699] Diva Chrome Flat Electric 1000x600 1000 x 600mm -> towel-rail
  ✓ model_1699.glb (408 polys)

[1700] Diva Chrome Flat Electric 1200x300 1200 x 300mm -> towel-rail
  ✓ model_1700.glb (408 polys)

[1701] Diva Chrome Flat Electric 1200x400 1200 x 400mm -> towel-rail
  ✓ model_1701.glb (408 polys)

[1702] Diva Chrome Flat Electric 1200x450 1200 x 450mm -> towel-rail
  ✓ model_1702.glb (408 polys)

[1703] Diva Chrome Flat Electric 1200x500 1200 x 500mm -> towel-rail
  ✓ model_1703.glb (408 polys)

[1704] Diva Chrome Flat Electric 1200x600 1200 x 600mm -> towel-rail
  ✓ model_1704.glb (408 polys)

[1705] Diva Chrome Flat Electric 1200x750 1200 x 750mm -> towel-rail
  ✓ model_1705.glb (408 polys)

[1706] Diva Chrome Flat Electric 1400x500 1400 x 500mm -> towel-rail
  ✓ model_1706.glb (408 polys)

[1707] Diva Chrome Flat Electric 1400x600 1400 x 600mm -> towel-rail
  ✓ model_1707.glb (408 polys)

[1708] Diva Chrome Flat Electric 1600x300 1600 x 300mm -> towel-rail
  ✓ model_1708.glb (408 polys)

[1709] Diva Chrome Flat Electric 1600x400 1600 x 400mm -> towel-rail
  ✓ model_1709.glb (408 polys)

[1710] Diva Chrome Flat Electric 1600x500 1600 x 500mm -> towel-rail
  ✓ model_1710.glb (408 polys)

[1711] Diva Chrome Flat Electric 1600x600 1600 x 600mm -> towel-rail
  ✓ model_1711.glb (408 polys)

[1712] Diva Black Flat Electric 800x400 800 x 400mm -> towel-rail
  ✓ model_1712.glb (408 polys)

[1713] Diva Black Flat Electric 800x500 800 x 500mm -> towel-rail
  ✓ model_1713.glb (408 polys)

[1714] Diva Black Flat Electric 800x600 800 x 600mm -> towel-rail
  ✓ model_1714.glb (408 polys)

[1715] Diva Black Flat Electric 1200x400 1200 x 400mm -> towel-rail
  ✓ model_1715.glb (408 polys)

[1716] Diva Black Flat Electric 1200x500 1200 x 500mm -> towel-rail
  ✓ model_1716.glb (408 polys)

[1717] Diva Black Flat Electric 1200x600 1200 x 600mm -> towel-rail
  ✓ model_1717.glb (408 polys)

[1718] Electric Radiator 800x400 800 x 400mm -> towel-rail
  ✓ model_1718.glb (408 polys)

[1719] Electric Radiator 800x600 800 x 600mm -> towel-rail
  ✓ model_1719.glb (408 polys)

[1720] Electric Radiator 1200x400 1200 x 400mm -> towel-rail
  ✓ model_1720.glb (408 polys)

[1721] Electric Radiator 1200x600 1200 x 600mm -> towel-rail
  ✓ model_1721.glb (408 polys)

[1722] Electric Radiator 1000x400 1000 x 400mm -> towel-rail
  ✓ model_1722.glb (408 polys)

[1723] Electric Radiator 1000x500 1000 x 500mm -> towel-rail
  ✓ model_1723.glb (408 polys)

[1724] Electric Radiator 1000x600 1000 x 600mm -> towel-rail
  ✓ model_1724.glb (408 polys)

[1725] Electric Radiator 1600x400 1600 x 400mm -> towel-rail
  ✓ model_1725.glb (408 polys)

[1726] Electric Radiator 1600x500 1600 x 500mm -> towel-rail
  ✓ model_1726.glb (408 polys)

[1727] Electric Radiator 1600x600 1600 x 600mm -> towel-rail
  ✓ model_1727.glb (408 polys)

[1728] Electric Radiator Electric Radiator 800x400 800 x 400mm -> towel-rail
  ✓ model_1728.glb (408 polys)

[1729] Electric Radiator Electric Radiator 800x500 800 x 500mm -> towel-rail
  ✓ model_1729.glb (408 polys)

[1730] Electric Radiator Electric Radiator 800x600 800 x 600mm -> towel-rail
  ✓ model_1730.glb (408 polys)

[1731] Electric Radiator Electric Radiator 1000x400 1000 x 400mm -> towel-rail
  ✓ model_1731.glb (408 polys)

[1732] Electric Radiator Electric Radiator 1000x500 1000 x 500mm -> towel-rail
  ✓ model_1732.glb (408 polys)

[1733] Electric Radiator Electric Radiator 1000x600 1000 x 600mm -> towel-rail
  ✓ model_1733.glb (408 polys)

[1734] Electric Radiator Electric Radiator 1200x400 1200 x 400mm -> towel-rail
  ✓ model_1734.glb (408 polys)

[1735] Electric Radiator Electric Radiator 1200x500 1200 x 500mm -> towel-rail
  ✓ model_1735.glb (408 polys)

[1736] Electric Radiator Electric Radiator 1200x600 1200 x 600mm -> towel-rail
  ✓ model_1736.glb (408 polys)

[1737] Electric Radiator Electric Radiator 1600x400 1600 x 400mm -> towel-rail
  ✓ model_1737.glb (408 polys)

[1738] Electric Radiator Electric Radiator 1600x500 1600 x 500mm -> towel-rail
  ✓ model_1738.glb (408 polys)

[1739] Electric Radiator Electric Radiator 1600x600 1600 x 600mm -> towel-rail
  ✓ model_1739.glb (408 polys)

Done: 455 generated, 0 failed.
Found 298 pending; 151 have a generator slot.

[1177] Nerola Rimless Wall Hung Pan and Slimline Seat -> toilet
  ✓ model_1177.glb (1058 polys)

[1157] Vorta Wall Hung WC with Wrapover Seat -> toilet
  ✓ model_1157.glb (1058 polys)

[1178] Nerola Rimless Wall Hung Pan and Wrapover Seat -> toilet
  ✓ model_1178.glb (1058 polys)

[1179] Nerola Rimless Back To Wall Pan and Slimline Seat -> toilet
  ✓ model_1179.glb (1058 polys)

[1002] Angelo Premium Slim Round Double Ended Bath -> bath
  ✓ model_1002.glb (122 polys)

[1003] Angelo Slim Round Double Ended Bath -> bath
  ✓ model_1003.glb (122 polys)

[1004] Angelo Premium Slim Round Single Ended Bath -> bath
  ✓ model_1004.glb (122 polys)

[1005] Angelo Slim Round Single Ended Bath -> bath
  ✓ model_1005.glb (122 polys)

[1006] Esento Bath -> bath
  ✓ model_1006.glb (122 polys)

[1007] Tanaro Acrylic Freestanding Bath With Ledge 1680 x 780 x 560mm -> bath
  ✓ model_1007.glb (122 polys)

[1008] Tanaro Acrylic Freestanding Bath 1680 x 780 x 560mm -> bath
  ✓ model_1008.glb (122 polys)

[1010] Angelo D Shaped Bath -> bath
  ✓ model_1010.glb (122 polys)

[1009] Angelo Acrylic Freestanding Bath -> bath
  ✓ model_1009.glb (122 polys)

[1011] Otello Acrylic Freestanding Bath 1650 x 750 x 750 -> bath
  ✓ model_1011.glb (122 polys)

[1012] Matera Acrylic Freestanding Bath 1597 x 745 x 560mm -> bath
  ✓ model_1012.glb (122 polys)

[1180] Nerola Rimless Back To Wall Pan and Wrapover Seat -> toilet
  ✓ model_1180.glb (1058 polys)

[1183] Nerola Rimless Closed Coupled Pan, Cistern and Slimline Seat -> toilet
  ✓ model_1183.glb (1058 polys)

[1184] Nerola Rimless Closed Coupled Pan, Cistern and Slimline Seat with Left Hand Pan Cut -> toilet
  ✓ model_1184.glb (1058 polys)

[1203] Rocco2 820mm Universal Framed Cistern -> toilet
  ✓ model_1203.glb (1058 polys)

[1013] Lorenzo Premium Single Ended Bath -> bath
  ✓ model_1013.glb (122 polys)

[1014] Lorenzo Premium Single Ended Bath with Handles -> bath
  ✓ model_1014.glb (122 polys)

[1015] Lorenzo Premium Double Ended Bath -> bath
  ✓ model_1015.glb (122 polys)

[1016] Lorenzo Single Ended Bath -> bath
  ✓ model_1016.glb (122 polys)

[1017] Lorenzo Single Ended Bath with Handles -> bath
  ✓ model_1017.glb (122 polys)

[1018] Lorenzo Premium Showerbath -> bath
  ✓ model_1018.glb (122 polys)

[1019] Angelo Premium RH Bath -> bath
  ✓ model_1019.glb (122 polys)

[1020] Angelo Premium LH Bath -> bath
  ✓ model_1020.glb (122 polys)

[1021] Lorenzo Eco Bath - Single Ended -> bath
  ✓ model_1021.glb (122 polys)

[1022] Lorenzo Double Ended Bath -> bath
  ✓ model_1022.glb (122 polys)

[1023] Londra Premium Acrylic Bath - Double Ended -> bath
  ✓ model_1023.glb (122 polys)

[1024] Messina Single Panel Rectangular Bath Screen -> bath
  ✓ model_1024.glb (122 polys)

[1181] Nerola Rimless Back To Wall Comfort Height Pan and Slimline Seat -> toilet
  ✓ model_1181.glb (1058 polys)

[1182] Nerola Rimless Back To Wall Comfort Height Pan and Wrapover Seat -> toilet
  ✓ model_1182.glb (1058 polys)

[1025] Messina Single panel curved bath screen -> bath
  ✓ model_1025.glb (122 polys)

[1170] Davoli Closed Coupled Rimless Soft Square Pan, Cistern & Wrap Seat -> toilet
  ✓ model_1170.glb (1058 polys)

[1027] Messina Double Panel Rectangular Bath Screen -> bath
  ✓ model_1027.glb (122 polys)

[1026] Messina Pivoting 6mm shower bath screen -> bath
  ✓ model_1026.glb (122 polys)

[1028] Messina Double panel hinged rectangular bath screen -> bath
  ✓ model_1028.glb (122 polys)

[1030] Lorenzo Premium Front Panel -> bath
  ✓ model_1030.glb (122 polys)

[1031] Lorenzo Premium End Panel -> bath
  ✓ model_1031.glb (122 polys)

[1171] Davoli Back To Wall Rimless Soft Square Pan, Wrap Seat -> toilet
  ✓ model_1171.glb (1058 polys)

[1029] Messina Double panel curved bath screen -> bath
  ✓ model_1029.glb (122 polys)

[1032] Lorenzo Front Panel -> bath
  ✓ model_1032.glb (122 polys)

[1033] Lorenzo End Panel - 700 -> bath
  ✓ model_1033.glb (122 polys)

[1034] Lorenzo Premium LH/RH 1700 Shower bath Front Panel -> bath
  ✓ model_1034.glb (122 polys)

[1172] Davoli Wall Hung Rimless Soft Square Pan & Wrap seat -> toilet
  ✓ model_1172.glb (1058 polys)

[1035] Lorenzo Premium L Shape Panel -> bath
  ✓ model_1035.glb (122 polys)

[1036] Angelo Premium RH/LH Panel -> bath
  ✓ model_1036.glb (122 polys)

[1173] Davoli Wall Hung Pan & Wrap Seat -> toilet
  ✓ model_1173.glb (1058 polys)

[1043] Santuro Deck Mounted Bath Shower Mixer -> tap
  ✓ model_1043.glb (204 polys)

[1037] Arturo Bidet Mixer Tap / Cloakroom Mono -> tap
  ✓ model_1037.glb (204 polys)

[1038] Santuro Bidet Mixer Tap -> tap
  ✓ model_1038.glb (204 polys)

[1039] Santuro Bath Filler Valve and Diverter -> tap
  ✓ model_1039.glb (204 polys)

[1040] Santuro Wall Mounted Mono Tap -> tap
  ✓ model_1040.glb (204 polys)

[1041] Santuro Four Hole Bath Shower Mixer -> tap
  ✓ model_1041.glb (204 polys)

[1042] Santuro Floorstanding Bath Shower Mixer -> tap
  ✓ model_1042.glb (204 polys)

[1044] Santuro Deck Mounted Bath Filler -> tap
  ✓ model_1044.glb (204 polys)

[1174] Davoli Back To Wall Pan & Wrap Seat -> toilet
  ✓ model_1174.glb (1058 polys)

[1045] Santuro Tall Basin Mono Tap -> tap
  ✓ model_1045.glb (204 polys)

[1046] Santuro Basin Mono Tap -> tap
  ✓ model_1046.glb (204 polys)

[1047] Arturo Bath Filler Valve and Diverter -> tap
  ✓ model_1047.glb (204 polys)

[1048] Arturo Wall Mounted Mono Tap -> tap
  ✓ model_1048.glb (204 polys)

[1049] Arturo Four Hole Bath Shower Mixer -> tap
  ✓ model_1049.glb (204 polys)

[1050] Arturo Floorstanding Bath Shower Mixer -> tap
  ✓ model_1050.glb (204 polys)

[1051] Arturo Deck Mounted Bath Shower Mixer -> tap
  ✓ model_1051.glb (204 polys)

[1052] Arturo Deck Mounted Bath Filler -> tap
  ✓ model_1052.glb (204 polys)

[1053] Arturo Tall Basin Mono Tap -> tap
  ✓ model_1053.glb (204 polys)

[1054] Arturo Basin Mono Tap -> tap
  ✓ model_1054.glb (204 polys)

[1055] Santuro Thermostatic Concealed Shower Valve & Plate -> tap
  ✓ model_1055.glb (204 polys)

[1056] Arturo Thermostatic Concealed Shower Valve & Plate -> tap
  ✓ model_1056.glb (204 polys)

[1057] Sentire High Spout Basin Mono Straight Handle -> tap
  ✓ model_1057.glb (204 polys)

[1058] Sentire Bidet Mixer Straight Handle -> tap
  ✓ model_1058.glb (204 polys)

[1059] Sentire Wall Mounted Basin Mixer Straight Handle -> tap
  ✓ model_1059.glb (204 polys)

[1060] Sentire Wall Mounted Bath Shower Mixer Straight Handle -> tap
  ✓ model_1060.glb (204 polys)

[1062] Sentire Basin Mono Angled Handle -> tap
  ✓ model_1062.glb (204 polys)

[1063] Sentire Basin Midi Height Mono Angled Handle -> tap
  ✓ model_1063.glb (204 polys)

[1061] Sentire Basin Midi Height Mono Straight Handle -> tap
  ✓ model_1061.glb (204 polys)

[1064] Sentire High Spout Basin Mono Angled Handle -> tap
  ✓ model_1064.glb (204 polys)

[1065] Sentire Wall Mounted Basin Mixer Angled Handle -> tap
  ✓ model_1065.glb (204 polys)

[1066] Sentire Wall Mounted Bath Shower Mixer Angled Handle -> tap
  ✓ model_1066.glb (204 polys)

[1067] Sentire Basin Mono Cube Handle -> tap
  ✓ model_1067.glb (204 polys)

[1068] Sentire Wall Mounted Bath Shower Mixer Cube Handle -> tap
  ✓ model_1068.glb (204 polys)

[1069] Sentire Wall Mounted Basin Mixer Cube Handle -> tap
  ✓ model_1069.glb (204 polys)

[1070] Sentire Bidet Mixer Cube Handle -> tap
  ✓ model_1070.glb (204 polys)

[1071] Sentire High Spout Basin Mono Cube Handle -> tap
  ✓ model_1071.glb (204 polys)

[1076] Parina Basin Medium Height Mono - Chrome -> tap
  ✓ model_1076.glb (204 polys)

[1072] Sentire Basin Midi Height Mono Cube Handle -> tap
  ✓ model_1072.glb (204 polys)

[1073] Sentire Bidet Mixer Angled Handle -> tap
  ✓ model_1073.glb (204 polys)

[1074] Sentire Basin Mono Straight Handle -> tap
  ✓ model_1074.glb (204 polys)

[1075] Parina Basin Medium Height Mono - Matt Black -> tap
  ✓ model_1075.glb (204 polys)

[1110] Hugo Evolute Towel Radiator -> towel-rail
  ✓ model_1110.glb (408 polys)

[1111] Ampio Open-Ended Towel Radiator -> towel-rail
  ✓ model_1111.glb (408 polys)

[1112] Ampio Bar on Bar Towel Radiator -> towel-rail
  ✓ model_1112.glb (408 polys)

[1109] Emilio Pipes & Single Shroud -> towel-rail
  ✓ model_1109.glb (408 polys)

[1116] Hugo2 Towel Radiator - Anthracite -> towel-rail
  ✓ model_1116.glb (408 polys)

[1117] Hugo2 Towel Radiator - Arabica -> towel-rail
  ✓ model_1117.glb (408 polys)

[1175] Davoli Close Coupled Pan, Cistern & Wrap Seat -> toilet
  ✓ model_1175.glb (1058 polys)

[1113] Bartolo Towel Radiator -> towel-rail
  ✓ model_1113.glb (408 polys)

[1114] Emilio Towel Radiator -> towel-rail
  ✓ model_1114.glb (408 polys)

[1115] Fabio Towel Radiator -> towel-rail
  ✓ model_1115.glb (408 polys)

[1119] Hugo2 Towel Radiator - Lusso Grey -> towel-rail
  ✓ model_1119.glb (408 polys)

[1120] Hugo2 Towel Radiator - Mont Blanc -> towel-rail
  ✓ model_1120.glb (408 polys)

[1176] Cellini Solid Surface Matt Finish Double Basin 1200 No Tap Hole -> toilet
  ✓ model_1176.glb (1058 polys)

[1118] Hugo2 Towel Radiator - Chrome -> towel-rail
  ✓ model_1118.glb (408 polys)

[1131] Radiator Double Angle Valves -> towel-rail
  ✓ model_1131.glb (408 polys)

[1121] Hugo2 Towel Radiator - Matt Black -> towel-rail
  ✓ model_1121.glb (408 polys)

[1122] Marcello Towel Radiator -> towel-rail
  ✓ model_1122.glb (408 polys)

[1123] Standard heating element -> towel-rail
  ✓ model_1123.glb (408 polys)

[1124] Hugo2 Towel Hanger -> towel-rail
  ✓ model_1124.glb (408 polys)

[1125] Dual Fuel Valves - Floor Plumbing Connection with Thermostatic Head -> towel-rail
  ✓ model_1125.glb (408 polys)

[1126] Towel Rail Temperature regulating element -> towel-rail
  ✓ model_1126.glb (408 polys)

[1127] Hugo Dual Fuel Valves - Wall Plumbing Connection with Thermostatic Head -> towel-rail
  ✓ model_1127.glb (408 polys)

[1128] Straight Valves including Thermostatic Head -> towel-rail
  ✓ model_1128.glb (408 polys)

[1129] Double Angle Valves including Thermostatic Head -> towel-rail
  ✓ model_1129.glb (408 polys)

[1130] Radiator Straight Valves -> towel-rail
  ✓ model_1130.glb (408 polys)

[1133] Radiator Dual Fuel Valves - Wall Plumbing Connection -> towel-rail
  ✓ model_1133.glb (408 polys)

[1134] Radiator Dual Fuel Valves – Floor Plumbing Connection -> towel-rail
  ✓ model_1134.glb (408 polys)

[1132] Radiator Pair of Pipes -> towel-rail
  ✓ model_1132.glb (408 polys)

[1158] Vorta Wall Hung WC with Slimline Seat -> toilet
  ✓ model_1158.glb (1058 polys)

[1159] Davoli Short Projection Wall Hung Pan -> toilet
  ✓ model_1159.glb (1058 polys)

[1160] Nerola Flush Button -> toilet
  ✓ model_1160.glb (1058 polys)

[1161] Hinges for Slimline Seat -> toilet
  ✓ model_1161.glb (1058 polys)

[1162] Hinges for Nerola Wrapover Seat -> toilet
  ✓ model_1162.glb (1058 polys)

[1163] Nerola Slimline Seat -> toilet
  ✓ model_1163.glb (1058 polys)

[1164] Nerola Wrapover seat -> toilet
  ✓ model_1164.glb (1058 polys)

[1165] Davoli Flush Button -> toilet
  ✓ model_1165.glb (1058 polys)

[1166] Davoli Soft Close Square Wrapover Seat -> toilet
  ✓ model_1166.glb (1058 polys)

[1167] Davoli Soft Close Seat -> toilet
  ✓ model_1167.glb (1058 polys)

[1168] Rocco2 WC Unit Concealed Cistern with Flush Button -> toilet
  ✓ model_1168.glb (1058 polys)

[1169] Rocco2 Inox Wall Plate -> toilet
  ✓ model_1169.glb (1058 polys)

[1185] Nerola Rimless Closed Coupled Pan, Cistern and Slimline Seat with Right Hand Pan Cut -> toilet
  ✓ model_1185.glb (1058 polys)

[1186] Nerola Rimless Closed Coupled Pan, Cistern and Wrapover Seat -> toilet
  ✓ model_1186.glb (1058 polys)

[1187] Nerola Rimless Closed Coupled Pan, Cistern and Wrapover Seat with Left Hand Pan Cut -> toilet
  ✓ model_1187.glb (1058 polys)

[1188] Nerola Rimless Closed Coupled Pan, Cistern and Wrapover Seat with Right Hand Pan Cut -> toilet
  ✓ model_1188.glb (1058 polys)

[1189] Nerola Rimless Closed Coupled Comfort Height Pan, Cistern and Slimline Seat -> toilet
  ✓ model_1189.glb (1058 polys)

[1190] Nerola Rimless Closed Coupled Comfort Height Pan, Cistern and Slimline Seat with Left Hand Pan Cut -> toilet
  ✓ model_1190.glb (1058 polys)

[1191] Nerola Rimless Closed Coupled Comfort Height Pan, Cistern and Slimline Seat with Right Hand Pan Cut -> toilet
  ✓ model_1191.glb (1058 polys)

[1192] Nerola Rimless Closed Coupled Comfort Height Pan, Cistern and Wrapover Seat -> toilet
  ✓ model_1192.glb (1058 polys)

[1193] Nerola Rimless Closed Coupled Comfort Height Pan, Cistern and Wrapover Seat with Left Hand Pan Cut -> toilet
  ✓ model_1193.glb (1058 polys)

[1194] Nerola Rimless Closed Coupled Comfort Height Pan, Cistern and Wrapover Seat with Right Hand Pan Cut -> toilet
  ✓ model_1194.glb (1058 polys)

[1195] Nerola Rimless Closed Coupled Open Back Pan, Cistern & Slimline Seat -> toilet
  ✓ model_1195.glb (1058 polys)

[1196] Nerola Rimless Closed Coupled Open Back Pan, Cistern and Wrapover Seat -> toilet
  ✓ model_1196.glb (1058 polys)

[1197] Nerola Basin With Semi-Pedestal -> toilet
  ✓ model_1197.glb (1058 polys)

[1198] Nerola Bidet -> toilet
  ✓ model_1198.glb (1058 polys)

[1199] Nerola Full Pedestal Basin -> toilet
  ✓ model_1199.glb (1058 polys)

[1200] Velino soft close seat -> toilet
  ✓ model_1200.glb (1058 polys)

[1201] Rocco2 1150mm Universal Framed Cistern -> toilet
  ✓ model_1201.glb (1058 polys)

[1202] Rocco2 80mm Concealed Cistern -> toilet
  ✓ model_1202.glb (1058 polys)

[1204] Rocco2 Concealed Cistern - Top or Front Flush -> toilet
  ✓ model_1204.glb (1058 polys)

[1205] Rocco2 Curvo Wall Plate -> toilet
  ✓ model_1205.glb (1058 polys)

[1206] Rocco2 Quadrato Wall Plate -> toilet
  ✓ model_1206.glb (1058 polys)

Done: 151 generated, 0 failed.
