2026-08-02 20:39:34.299 BST [4684] LOG:  starting PostgreSQL 16.6, compiled by Visual C++ build 1942, 64-bit
2026-08-02 20:39:34.302 BST [4684] LOG:  listening on IPv6 address "::1", port 5432
2026-08-02 20:39:34.303 BST [4684] LOG:  listening on IPv4 address "127.0.0.1", port 5432
2026-08-02 20:39:34.457 BST [18688] LOG:  database system was shut down at 2026-08-02 20:39:30 BST
2026-08-02 20:39:34.474 BST [4684] LOG:  database system is ready to accept connections
2026-08-02 20:41:34.508 BST [4684] LOG:  server process (PID 4936) was terminated by exception 0xC0000142
2026-08-02 20:41:34.508 BST [4684] HINT:  See C include file "ntstatus.h" for a description of the hexadecimal value.
2026-08-02 20:41:34.508 BST [4684] LOG:  terminating any other active server processes
2026-08-02 20:41:34.513 BST [4684] LOG:  all server processes terminated; reinitializing
2026-08-02 20:41:34.531 BST [4684] LOG:  startup process (PID 9404) was terminated by exception 0xC0000142
2026-08-02 20:41:34.531 BST [4684] HINT:  See C include file "ntstatus.h" for a description of the hexadecimal value.
2026-08-02 20:41:34.531 BST [4684] LOG:  aborting startup due to startup process failure
2026-08-02 20:41:34.532 BST [4684] LOG:  database system is shut down
2026-08-02 20:42:06.895 BST [23636] LOG:  starting PostgreSQL 16.6, compiled by Visual C++ build 1942, 64-bit
2026-08-02 20:42:06.899 BST [23636] LOG:  listening on IPv6 address "::1", port 5432
2026-08-02 20:42:06.899 BST [23636] LOG:  listening on IPv4 address "127.0.0.1", port 5432
2026-08-02 20:42:06.944 BST [11568] LOG:  database system was interrupted; last known up at 2026-08-02 20:39:34 BST
2026-08-02 20:42:07.716 BST [11568] LOG:  database system was not properly shut down; automatic recovery in progress
2026-08-02 20:42:07.719 BST [11568] LOG:  redo starts at 0/1577788
2026-08-02 20:42:07.722 BST [11568] LOG:  invalid record length at 0/15B6E38: expected at least 24, got 0
2026-08-02 20:42:07.722 BST [11568] LOG:  redo done at 0/15B6E00 system usage: CPU: user: 0.00 s, system: 0.00 s, elapsed: 0.00 s
2026-08-02 20:42:07.728 BST [1180] LOG:  checkpoint starting: end-of-recovery immediate wait
2026-08-02 20:42:07.764 BST [1180] LOG:  checkpoint complete: wrote 40 buffers (0.2%); 0 WAL file(s) added, 0 removed, 0 recycled; write=0.003 s, sync=0.022 s, total=0.041 s; sync files=11, longest=0.003 s, average=0.002 s; distance=253 kB, estimate=253 kB; lsn=0/15B6E38, redo lsn=0/15B6E38
2026-08-02 20:42:07.788 BST [23636] LOG:  database system is ready to accept connections
2026-08-02 20:47:07.773 BST [1180] LOG:  checkpoint starting: time
2026-08-02 20:48:55.586 BST [1180] LOG:  checkpoint complete: wrote 983 buffers (6.0%); 0 WAL file(s) added, 0 removed, 0 recycled; write=107.264 s, sync=0.538 s, total=107.814 s; sync files=307, longest=0.006 s, average=0.002 s; distance=4607 kB, estimate=4607 kB; lsn=0/1A36AF0, redo lsn=0/1A36AB8
2026-08-02 21:12:07.644 BST [1180] LOG:  checkpoint starting: time
2026-08-02 21:12:10.833 BST [19844] LOG:  could not receive data from client: An existing connection was forcibly closed by the remote host.
	
2026-08-02 21:12:26.620 BST [1180] LOG:  checkpoint complete: wrote 170 buffers (1.0%); 0 WAL file(s) added, 0 removed, 0 recycled; write=18.579 s, sync=0.369 s, total=18.975 s; sync files=149, longest=0.024 s, average=0.003 s; distance=791 kB, estimate=4225 kB; lsn=0/1AFE620, redo lsn=0/1AFC8F8
2026-08-02 22:24:05.803 BST [27004] LOG:  could not receive data from client: An existing connection was forcibly closed by the remote host.
	
2026-08-02 22:24:05.803 BST [24740] LOG:  could not receive data from client: An existing connection was forcibly closed by the remote host.
	
